******************************************************************************
             TMS320C2000 Linker Unix v16.9.4                   
******************************************************************************
>> Linked Tue Sep 18 17:09:18 2018

OUTPUT FILE NAME:   <core1.out>
ENTRY POINT SYMBOL: "code_start"  address: 00000000


MEMORY CONFIGURATION

         name            origin    length      used     unused   attr    fill
----------------------  --------  ---------  --------  --------  ----  --------
PAGE 0:
  BEGIN                 00000000   00000002  00000002  00000000  RWIX
  RAMD0                 0000b000   00000800  0000011f  000006e1  RWIX
  RAMGS0                0000c000   00001000  00000008  00000ff8  RWIX
  RAMGS1to11            0000d000   00018000  0000ada3  0000d25d  RWIX
  RESET                 003fffc0   00000002  00000000  00000002  RWIX

PAGE 1:
  BOOT_RSVD             00000002   00000120  00000000  00000120  RWIX
  RAMM0                 00000122   000002de  00000000  000002de  RWIX
  RAMM1                 00000400   00000400  00000000  00000400  RWIX
  ADCA_RESULT           00000b00   00000020  00000018  00000008  RWIX
  ADCB_RESULT           00000b20   00000020  00000018  00000008  RWIX
  ADCC_RESULT           00000b40   00000020  00000018  00000008  RWIX
  ADCD_RESULT           00000b60   00000020  00000018  00000008  RWIX
  CPU_TIMER0            00000c00   00000008  00000008  00000000  RWIX
  CPU_TIMER1            00000c08   00000008  00000008  00000000  RWIX
  CPU_TIMER2            00000c10   00000008  00000008  00000000  RWIX
  PIE_CTRL              00000ce0   00000020  0000001a  00000006  RWIX
  PIE_VECT              00000d00   00000200  000001c0  00000040  RWIX
  DMA                   00001000   00000200  000000e0  00000120  RWIX
  CLA1                  00001400   00000040  0000003e  00000002  RWIX
  EPWM1                 00004000   00000100  00000100  00000000  RWIX
  EPWM2                 00004100   00000100  00000100  00000000  RWIX
  EPWM3                 00004200   00000100  00000100  00000000  RWIX
  EPWM4                 00004300   00000100  00000100  00000000  RWIX
  EPWM5                 00004400   00000100  00000100  00000000  RWIX
  EPWM6                 00004500   00000100  00000100  00000000  RWIX
  EPWM7                 00004600   00000100  00000100  00000000  RWIX
  EPWM8                 00004700   00000100  00000100  00000000  RWIX
  EPWM9                 00004800   00000100  00000100  00000000  RWIX
  EPWM10                00004900   00000100  00000100  00000000  RWIX
  EPWM11                00004a00   00000100  00000100  00000000  RWIX
  EPWM12                00004b00   00000100  00000100  00000000  RWIX
  ECAP1                 00005000   00000020  00000020  00000000  RWIX
  ECAP2                 00005020   00000020  00000020  00000000  RWIX
  ECAP3                 00005040   00000020  00000020  00000000  RWIX
  ECAP4                 00005060   00000020  00000020  00000000  RWIX
  ECAP5                 00005080   00000020  00000020  00000000  RWIX
  ECAP6                 000050a0   00000020  00000020  00000000  RWIX
  EQEP1                 00005100   00000040  00000022  0000001e  RWIX
  EQEP2                 00005140   00000040  00000022  0000001e  RWIX
  EQEP3                 00005180   00000040  00000022  0000001e  RWIX
  DACA                  00005c00   00000010  00000008  00000008  RWIX
  DACB                  00005c10   00000010  00000008  00000008  RWIX
  DACC                  00005c20   00000010  00000008  00000008  RWIX
  CMPSS1                00005c80   00000020  00000020  00000000  RWIX
  CMPSS2                00005ca0   00000020  00000020  00000000  RWIX
  CMPSS3                00005cc0   00000020  00000020  00000000  RWIX
  CMPSS4                00005ce0   00000020  00000020  00000000  RWIX
  CMPSS5                00005d00   00000020  00000020  00000000  RWIX
  CMPSS6                00005d20   00000020  00000020  00000000  RWIX
  CMPSS7                00005d40   00000020  00000020  00000000  RWIX
  CMPSS8                00005d60   00000020  00000020  00000000  RWIX
  SDFM1                 00005e00   00000080  00000080  00000000  RWIX
  SDFM2                 00005e80   00000080  00000080  00000000  RWIX
  MCBSPA                00006000   00000040  00000024  0000001c  RWIX
  MCBSPB                00006040   00000040  00000024  0000001c  RWIX
  SPIA                  00006100   00000010  00000010  00000000  RWIX
  SPIB                  00006110   00000010  00000010  00000000  RWIX
  SPIC                  00006120   00000010  00000010  00000000  RWIX
  SPID                  00006130   00000010  00000000  00000010  RWIX
  UPP                   00006200   00000100  00000048  000000b8  RWIX
  WD                    00007000   00000040  0000002b  00000015  RWIX
  NMIINTRUPT            00007060   00000010  00000007  00000009  RWIX
  XINT                  00007070   00000010  0000000b  00000005  RWIX
  SCIA                  00007200   00000010  00000010  00000000  RWIX
  SCIB                  00007210   00000010  00000010  00000000  RWIX
  SCIC                  00007220   00000010  00000010  00000000  RWIX
  SCID                  00007230   00000010  00000010  00000000  RWIX
  I2CA                  00007300   00000040  00000022  0000001e  RWIX
  I2CB                  00007340   00000040  00000022  0000001e  RWIX
  ADCA                  00007400   00000080  00000080  00000000  RWIX
  ADCB                  00007480   00000080  00000080  00000000  RWIX
  ADCC                  00007500   00000080  00000080  00000000  RWIX
  ADCD                  00007580   00000080  00000080  00000000  RWIX
  INPUT_XBAR            00007900   00000020  00000020  00000000  RWIX
  XBAR                  00007920   00000020  00000020  00000000  RWIX
  SYNC_SOC              00007940   00000010  00000006  0000000a  RWIX
  DMACLASRCSEL          00007980   00000040  0000001a  00000026  RWIX
  EPWM_XBAR             00007a00   00000040  00000040  00000000  RWIX
  CLB_XBAR              00007a40   00000040  00000000  00000040  RWIX
  OUTPUT_XBAR           00007a80   00000040  00000040  00000000  RWIX
  GPIOCTRL              00007c00   00000180  00000180  00000000  RWIX
  GPIODAT               00007f00   00000030  00000030  00000000  RWIX
  RAMLS0                00008000   00000800  00000800  00000000  RWIX
  RAMLS1                00008800   00000800  00000800  00000000  RWIX
  RAMLS2                00009000   00000800  000007ff  00000001  RWIX
  RAMLS3                00009800   00000800  00000800  00000000  RWIX
  RAMLS4                0000a000   00000800  000007fa  00000006  RWIX
  RAMLS5                0000a800   00000800  000007fe  00000002  RWIX
  RAMD1                 0000b800   00000800  00000800  00000000  RWIX
  RAMGS12               00018000   00001000  0000038e  00000c72  RWIX
  RAMGS13               00019000   00001000  00000000  00001000  RWIX
  RAMGS14               0001a000   00001000  00000000  00001000  RWIX
  RAMGS15               0001b000   00001000  00000000  00001000  RWIX
  CPU2TOCPU1RAM         0003f800   00000400  00000000  00000400  RWIX
  CPU1TOCPU2RAM         0003fc00   00000400  00000088  00000378  RWIX
  EMIF1                 00047000   00000800  00000070  00000790  RWIX
  EMIF2                 00047800   00000800  00000070  00000790  RWIX
  CANA                  00048000   00000800  00000164  0000069c  RWIX
  CANA_MSG_RAM          00049000   00000800  00000000  00000800  RWIX
  CANB                  0004a000   00000800  00000164  0000069c  RWIX
  CANB_MSG_RAM          0004b000   00000800  00000000  00000800  RWIX
  IPC                   00050000   00000024  00000024  00000000  RWIX
  FLASHPUMPSEMAPHORE    00050024   00000002  00000002  00000000  RWIX
  DEV_CFG               0005d000   00000180  0000012e  00000052  RWIX
  ANALOG_SUBSYS         0005d180   00000080  00000048  00000038  RWIX
  CLK_CFG               0005d200   00000100  00000032  000000ce  RWIX
  CPU_SYS               0005d300   00000100  00000082  0000007e  RWIX
  ROMPREFETCH           0005e608   00000002  00000002  00000000  RWIX
  DCSM_Z1               0005f000   00000030  00000024  0000000c  RWIX
  DCSM_Z2               0005f040   00000030  00000024  0000000c  RWIX
  DCSM_COMMON           0005f070   00000010  00000008  00000008  RWIX
  MEMCFG                0005f400   00000080  00000080  00000000  RWIX
  EMIF1CONFIG           0005f480   00000020  00000020  00000000  RWIX
  EMIF2CONFIG           0005f4a0   00000020  00000020  00000000  RWIX
  ACCESSPROTECTION      0005f4c0   00000040  00000040  00000000  RWIX
  MEMORYERROR           0005f500   00000040  00000040  00000000  RWIX
  ROMWAITSTATE          0005f540   00000002  00000002  00000000  RWIX
  FLASH0_CTRL           0005f800   00000300  00000182  0000017e  RWIX
  FLASH0_ECC            0005fb00   00000040  00000028  00000018  RWIX
  DCSM_Z1_OTP           00078000   00000020  00000020  00000000  RWIX
  DCSM_Z2_OTP           00078200   00000020  00000020  00000000  RWIX


SECTION ALLOCATION MAP

 output                                  attributes/
section   page    origin      length       input sections
--------  ----  ----------  ----------   ----------------
codestart 
*          0    00000000    00000002     
                  00000000    00000002     F2837xD_CodeStartBranch.obj (codestart)

.cinit     0    0000c000    00000663     COPY SECTION
                  0000c000    000002a7     bsp_gpio.obj (.cinit)
                  0000c2a7    00000004     F2837xD_sci_io.obj (.cinit)
                  0000c2ab    00000090     F2837xD_struct.obj (.cinit)
                  0000c33b    00000037     usbdaudio.obj (.cinit)
                  0000c372    00000028     usbdbulk.obj (.cinit)
                  0000c39a    00000040     usbdcdc.obj (.cinit)
                  0000c3da    00000015     usbdcomp.obj (.cinit)
                  0000c3ef    00000034     usbddfu-rt.obj (.cinit)
                  0000c423    00000005     usbdenum.obj (.cinit)
                  0000c428    00000015     usbdhid.obj (.cinit)
                  0000c43d    00000033     usbdhidkeyb.obj (.cinit)
                  0000c470    00000031     usbdhidmouse.obj (.cinit)
                  0000c4a1    00000005     usbhaudio.obj (.cinit)
                  0000c4a6    00000035     usbhhid.obj (.cinit)
                  0000c4db    00000005     usbhhidkeyboard.obj (.cinit)
                  0000c4e0    00000005     usbhhidmouse.obj (.cinit)
                  0000c4e5    00000007     usbhmsc.obj (.cinit)
                  0000c4ec    00000046     usbhostenum.obj (.cinit)
                  0000c532    0000000d     usbmode.obj (.cinit)
                  0000c53f    0000000e     usbtick.obj (.cinit)
                  0000c54d    0000000f     dev_dma.obj (.cinit)
                  0000c55c    0000001b     dev_epwm.obj (.cinit)
                  0000c577    00000014     dev_spi.obj (.cinit)
                  0000c58b    00000018     dev_timer.obj (.cinit)
                  0000c5a3    0000000b     dev_uart.obj (.cinit)
                  0000c5ae    0000000b     comtest.obj (.cinit)
                  0000c5b9    0000000e     port.obj (.cinit)
                  0000c5c7    00000036     tasks.obj (.cinit)
                  0000c5fd    0000000e     timers.obj (.cinit)
                  0000c60b    00000004     sys_std.obj (.cinit)
                  0000c60f    00000004     crc.obj (.cinit)
                  0000c613    0000002e     getopt.obj (.cinit)
                  0000c641    00000004     getoptbuf.obj (.cinit)
                  0000c645    0000000e     rts2800_fpu32.lib : exit.obj (.cinit)
                  0000c653    00000005                       : _lock.obj (.cinit:__unlock)
                  0000c658    00000005                       : _lock.obj (.cinit:__lock)
                  0000c65d    00000004                       : errno.obj (.cinit)
                  0000c661    00000002     --HOLE-- [fill = 0]

.pinit     0    0000c000    00000000     UNINITIALIZED

.text      0    0000d000    0000ada3     
                  0000d000    000015dd     usbhostenum.obj (.text)
                  0000e5dd    00000c72     tasks.obj (.text)
                  0000f24f    00000001     rts2800_fpu32.lib : startup.obj (.text)
                  0000f250    00000c16                       : _printfi.obj (.text)
                  0000fe66    00000b15     dev_epwm.obj (.text)
                  0001097b    000008c5     dev_spi.obj (.text)
                  00011240    0000084c     usbdenum.obj (.text)
                  00011a8c    0000082f     queue.obj (.text)
                  000122bb    00000809     usb.obj (.text)
                  00012ac4    0000066d     rts2800_fpu32.lib : _scanfi.obj (.text)
                  00013131    00000585     cpu_isr.obj (.text:retain)
                  000136b6    00000400     usbhhub.obj (.text)
                  00013ab6    000003ca     dev_timer.obj (.text)
                  00013e80    0000037e     timers.obj (.text)
                  000141fe    0000033b     F2837xD_SysCtrl.obj (.text)
                  00014539    00000334     dev_uart.obj (.text)
                  0001486d    000002e9     dev_dma.obj (.text)
                  00014b56    000002ad     bsp_epwm.obj (.text)
                  00014e03    0000025d     usbdconfig.obj (.text)
                  00015060    00000259     usbmode.obj (.text)
                  000152b9    00000244     F2837xD_Gpio.obj (.text)
                  000154fd    00000243     sysctl.obj (.text)
                  00015740    00000202     bsp_uart.obj (.text)
                  00015942    000001ca     interrupt.obj (.text)
                  00015b0c    000001ca     io.obj (.text)
                  00015cd6    00000187     bsp_spi.obj (.text)
                  00015e5d    00000182     port.obj (.text)
                  00015fdf    00000178     rts2800_fpu32.lib : strtold.obj (.text)
                  00016157    00000172     bsp_dma.obj (.text)
                  000162c9    0000016e     rts2800_fpu32.lib : strtoll.obj (.text)
                  00016437    00000150     usbdcdesc.obj (.text)
                  00016587    00000144     bsp_clk.obj (.text)
                  000166cb    0000012c     dev_dma.obj (.text:retain)
                  000167f7    00000125     rts2800_fpu32.lib : strtoull.obj (.text)
                  0001691c    0000011d                       : strtod.obj (.text)
                  00016a39    00000107                       : ll_div28.obj (.text)
                  00016b40    000000f8     adtest.obj (.text)
                  00016c38    000000e5     bsp_timer.obj (.text)
                  00016d1d    000000de     rts2800_fpu32.lib : strtol.obj (.text)
                  00016dfb    000000d4     usbdma.obj (.text)
                  00016ecf    000000cb     usbdesc.obj (.text)
                  00016f9a    000000c0     sys_std.obj (.text)
                  0001705a    000000bc     rts2800_fpu32.lib : s_scalbn.obj (.text)
                  00017116    000000b3                       : strtoul.obj (.text)
                  000171c9    0000009c                       : fd_add28.obj (.text)
                  00017265    00000093     list.obj (.text)
                  000172f8    00000093     usb_hal.obj (.text:retain)
                  0001738b    0000008e     dev_timer.obj (.text:retain)
                  00017419    0000008b     rts2800_fpu32.lib : fd_div28.obj (.text)
                  000174a4    00000088                       : fs_div28.obj (.text)
                  0001752c    00000083                       : fd_mpy28.obj (.text)
                  000175af    00000082     usbtick.obj (.text)
                  00017631    0000007a     dev_uart.obj (.text:retain)
                  000176ab    00000077     dev_spi.obj (.text:retain)
                  00017722    00000076     bsp_gpio.obj (.text)
                  00017798    0000006d     rts2800_fpu32.lib : sscanf.obj (.text)
                  00017805    00000064     dev_epwm.obj (.text:retain)
                  00017869    0000005a     rts2800_fpu32.lib : s_frexp.obj (.text)
                  000178c3    00000057                       : vsnprintf.obj (.text)
                  0001791a    00000056                       : boot28.obj (.text)
                  00017970    00000050     crc.obj (.text)
                  000179c0    00000031     rts2800_fpu32.lib : atoi.obj (.text)
                  000179f1    0000002f     sys_tick.obj (.text)
                  00017a20    0000002e     rts2800_fpu32.lib : ltoa.obj (.text)
                  00017a4e    0000002a                       : fd_cmp28.obj (.text)
                  00017a78    0000002a                       : l_div28.obj (.text)
                  00017aa2    00000029                       : exit.obj (.text)
                  00017acb    00000028     F2837xD_PieCtrl.obj (.text)
                  00017af3    00000026     F2837xD_PieVect.obj (.text)
                  00017b19    00000024     rts2800_fpu32.lib : cpy_tbl.obj (.text)
                  00017b3d    00000024                       : s_copysign.obj (.text)
                  00017b61    00000022                       : i_div28.obj (.text)
                  00017b83    00000021                       : fd_toi28.obj (.text)
                  00017ba4    0000001f                       : fd_tol28.obj (.text)
                  00017bc3    0000001e                       : ll_cmp28.obj (.text)
                  00017be1    0000001e                       : memcpy.obj (.text)
                  00017bff    0000001d                       : i_tofd28.obj (.text)
                  00017c1c    0000001c                       : fs_tofdfpu32.obj (.text)
                  00017c38    0000001c                       : l_tofd28.obj (.text)
                  00017c54    00000019                       : args_main.obj (.text)
                  00017c6d    00000018                       : ll_aox28.obj (.text)
                  00017c85    00000017     bsp_init.obj (.text)
                  00017c9c    00000016     rts2800_fpu32.lib : ul_tofd28.obj (.text)
                  00017cb2    00000014                       : ll_mpy28.obj (.text)
                  00017cc6    00000013     bsp_xbar.obj (.text)
                  00017cd9    00000012     usbdhandler.obj (.text)
                  00017ceb    00000011     rts2800_fpu32.lib : ull_tofsfpu32.obj (.text)
                  00017cfc    00000010     sys_schd.obj (.text)
                  00017d0c    0000000f     main.obj (.text)
                  00017d1b    0000000f     interrupt.obj (.text:retain)
                  00017d2a    0000000e     rts2800_fpu32.lib : fd_sub28.obj (.text)
                  00017d38    0000000d                       : memccpy.obj (.text)
                  00017d45    0000000c                       : memset.obj (.text)
                  00017d51    0000000c                       : strchr.obj (.text)
                  00017d5d    0000000b                       : strrchr.obj (.text)
                  00017d68    00000009     dev_init.obj (.text)
                  00017d71    00000009     rts2800_fpu32.lib : _lock.obj (.text)
                  00017d7a    00000009                       : fd_neg28.obj (.text)
                  00017d83    00000008                       : strlen.obj (.text)
                  00017d8b    00000007     root.obj (.text)
                  00017d92    00000005     rts2800_fpu32.lib : strcpy.obj (.text)
                  00017d97    00000004     sys_fault.obj (.text)
                  00017d9b    00000003     F2837xD_DBGIER.obj (.text)
                  00017d9e    00000003     portASM.obj (.text)
                  00017da1    00000002     rts2800_fpu32.lib : pre_init.obj (.text)

.reset     0    003fffc0    00000002     DSECT
                  003fffc0    00000002     rts2800_fpu32.lib : boot28.obj (.reset)

AdcaResultFile 
*          1    00000b00    00000018     UNINITIALIZED
                  00000b00    00000018     F2837xD_GlobalVariableDefs.obj (AdcaResultFile)

AdcbResultFile 
*          1    00000b20    00000018     UNINITIALIZED
                  00000b20    00000018     F2837xD_GlobalVariableDefs.obj (AdcbResultFile)

AdccResultFile 
*          1    00000b40    00000018     UNINITIALIZED
                  00000b40    00000018     F2837xD_GlobalVariableDefs.obj (AdccResultFile)

AdcdResultFile 
*          1    00000b60    00000018     UNINITIALIZED
                  00000b60    00000018     F2837xD_GlobalVariableDefs.obj (AdcdResultFile)

Cla1RegsFile 
*          1    00001400    0000003e     UNINITIALIZED
                  00001400    0000003e     F2837xD_GlobalVariableDefs.obj (Cla1RegsFile)

.stack     1    0000b800    00000800     UNINITIALIZED
                  0000b800    00000800     --HOLE--

.TI.ramfunc 
*          0    0000c000    00000008     
                  0000c000    00000004     F2837xD_usDelay.obj (.TI.ramfunc)
                  0000c004    00000004     sysctl.obj (.TI.ramfunc)

PUTBUFFER 
*          1    0003fc00    00000080     UNINITIALIZED
                  0003fc00    00000080     F2837xD_Ipc_Driver.obj (PUTBUFFER)

PUTWRITEIDX 
*          1    0003fc80    00000004     UNINITIALIZED
                  0003fc80    00000004     F2837xD_Ipc_Driver.obj (PUTWRITEIDX)

GETREADIDX 
*          1    0003fc84    00000004     UNINITIALIZED
                  0003fc84    00000004     F2837xD_Ipc_Driver.obj (GETREADIDX)

GETBUFFER 
*          0    0003f800    00000080     DSECT
                  0003f800    00000080     F2837xD_Ipc_Driver.obj (GETBUFFER)

GETWRITEIDX 
*          0    0003f880    00000004     DSECT
                  0003f880    00000004     F2837xD_Ipc_Driver.obj (GETWRITEIDX)

PUTREADIDX 
*          0    0003f884    00000004     DSECT
                  0003f884    00000004     F2837xD_Ipc_Driver.obj (PUTREADIDX)

CpuTimer0RegsFile 
*          1    00000c00    00000008     UNINITIALIZED
                  00000c00    00000008     F2837xD_GlobalVariableDefs.obj (CpuTimer0RegsFile)

CpuTimer1RegsFile 
*          1    00000c08    00000008     UNINITIALIZED
                  00000c08    00000008     F2837xD_GlobalVariableDefs.obj (CpuTimer1RegsFile)

CpuTimer2RegsFile 
*          1    00000c10    00000008     UNINITIALIZED
                  00000c10    00000008     F2837xD_GlobalVariableDefs.obj (CpuTimer2RegsFile)

PieCtrlRegsFile 
*          1    00000ce0    0000001a     UNINITIALIZED
                  00000ce0    0000001a     F2837xD_GlobalVariableDefs.obj (PieCtrlRegsFile)

PieVectTableFile 
*          1    00000d00    000001c0     UNINITIALIZED
                  00000d00    000001c0     F2837xD_GlobalVariableDefs.obj (PieVectTableFile)

EmuKeyVar 
*          1    00000d00    00000001     UNINITIALIZED
                  00000d00    00000001     F2837xD_GlobalVariableDefs.obj (EmuKeyVar)

EmuBModeVar 
*          1    00000d01    00000001     UNINITIALIZED
                  00000d01    00000001     F2837xD_GlobalVariableDefs.obj (EmuBModeVar)

FlashCallbackVar 
*          1    00000d02    00000000     UNINITIALIZED

FlashScalingVar 
*          1    00000d02    00000000     UNINITIALIZED

DmaRegsFile 
*          1    00001000    000000e0     UNINITIALIZED
                  00001000    000000e0     F2837xD_GlobalVariableDefs.obj (DmaRegsFile)

EPwm1RegsFile 
*          1    00004000    00000100     UNINITIALIZED
                  00004000    00000100     F2837xD_GlobalVariableDefs.obj (EPwm1RegsFile)

EPwm2RegsFile 
*          1    00004100    00000100     UNINITIALIZED
                  00004100    00000100     F2837xD_GlobalVariableDefs.obj (EPwm2RegsFile)

EPwm3RegsFile 
*          1    00004200    00000100     UNINITIALIZED
                  00004200    00000100     F2837xD_GlobalVariableDefs.obj (EPwm3RegsFile)

EPwm4RegsFile 
*          1    00004300    00000100     UNINITIALIZED
                  00004300    00000100     F2837xD_GlobalVariableDefs.obj (EPwm4RegsFile)

EPwm5RegsFile 
*          1    00004400    00000100     UNINITIALIZED
                  00004400    00000100     F2837xD_GlobalVariableDefs.obj (EPwm5RegsFile)

EPwm6RegsFile 
*          1    00004500    00000100     UNINITIALIZED
                  00004500    00000100     F2837xD_GlobalVariableDefs.obj (EPwm6RegsFile)

EPwm7RegsFile 
*          1    00004600    00000100     UNINITIALIZED
                  00004600    00000100     F2837xD_GlobalVariableDefs.obj (EPwm7RegsFile)

EPwm8RegsFile 
*          1    00004700    00000100     UNINITIALIZED
                  00004700    00000100     F2837xD_GlobalVariableDefs.obj (EPwm8RegsFile)

EPwm9RegsFile 
*          1    00004800    00000100     UNINITIALIZED
                  00004800    00000100     F2837xD_GlobalVariableDefs.obj (EPwm9RegsFile)

EPwm10RegsFile 
*          1    00004900    00000100     UNINITIALIZED
                  00004900    00000100     F2837xD_GlobalVariableDefs.obj (EPwm10RegsFile)

EPwm11RegsFile 
*          1    00004a00    00000100     UNINITIALIZED
                  00004a00    00000100     F2837xD_GlobalVariableDefs.obj (EPwm11RegsFile)

EPwm12RegsFile 
*          1    00004b00    00000100     UNINITIALIZED
                  00004b00    00000100     F2837xD_GlobalVariableDefs.obj (EPwm12RegsFile)

ECap1RegsFile 
*          1    00005000    00000020     UNINITIALIZED
                  00005000    00000020     F2837xD_GlobalVariableDefs.obj (ECap1RegsFile)

ECap2RegsFile 
*          1    00005020    00000020     UNINITIALIZED
                  00005020    00000020     F2837xD_GlobalVariableDefs.obj (ECap2RegsFile)

ECap3RegsFile 
*          1    00005040    00000020     UNINITIALIZED
                  00005040    00000020     F2837xD_GlobalVariableDefs.obj (ECap3RegsFile)

ECap4RegsFile 
*          1    00005060    00000020     UNINITIALIZED
                  00005060    00000020     F2837xD_GlobalVariableDefs.obj (ECap4RegsFile)

ECap5RegsFile 
*          1    00005080    00000020     UNINITIALIZED
                  00005080    00000020     F2837xD_GlobalVariableDefs.obj (ECap5RegsFile)

ECap6RegsFile 
*          1    000050a0    00000020     UNINITIALIZED
                  000050a0    00000020     F2837xD_GlobalVariableDefs.obj (ECap6RegsFile)

EQep1RegsFile 
*          1    00005100    00000022     UNINITIALIZED
                  00005100    00000022     F2837xD_GlobalVariableDefs.obj (EQep1RegsFile)

EQep2RegsFile 
*          1    00005140    00000022     UNINITIALIZED
                  00005140    00000022     F2837xD_GlobalVariableDefs.obj (EQep2RegsFile)

EQep3RegsFile 
*          1    00005180    00000022     UNINITIALIZED
                  00005180    00000022     F2837xD_GlobalVariableDefs.obj (EQep3RegsFile)

DacaRegsFile 
*          1    00005c00    00000008     UNINITIALIZED
                  00005c00    00000008     F2837xD_GlobalVariableDefs.obj (DacaRegsFile)

DacbRegsFile 
*          1    00005c10    00000008     UNINITIALIZED
                  00005c10    00000008     F2837xD_GlobalVariableDefs.obj (DacbRegsFile)

DaccRegsFile 
*          1    00005c20    00000008     UNINITIALIZED
                  00005c20    00000008     F2837xD_GlobalVariableDefs.obj (DaccRegsFile)

Sdfm1RegsFile 
*          1    00005e00    00000080     UNINITIALIZED
                  00005e00    00000080     F2837xD_GlobalVariableDefs.obj (Sdfm1RegsFile)

Sdfm2RegsFile 
*          1    00005e80    00000080     UNINITIALIZED
                  00005e80    00000080     F2837xD_GlobalVariableDefs.obj (Sdfm2RegsFile)

McbspaRegsFile 
*          1    00006000    00000024     UNINITIALIZED
                  00006000    00000024     F2837xD_GlobalVariableDefs.obj (McbspaRegsFile)

McbspbRegsFile 
*          1    00006040    00000024     UNINITIALIZED
                  00006040    00000024     F2837xD_GlobalVariableDefs.obj (McbspbRegsFile)

SpiaRegsFile 
*          1    00006100    00000010     UNINITIALIZED
                  00006100    00000010     F2837xD_GlobalVariableDefs.obj (SpiaRegsFile)

SpibRegsFile 
*          1    00006110    00000010     UNINITIALIZED
                  00006110    00000010     F2837xD_GlobalVariableDefs.obj (SpibRegsFile)

SpicRegsFile 
*          1    00006120    00000010     UNINITIALIZED
                  00006120    00000010     F2837xD_GlobalVariableDefs.obj (SpicRegsFile)

UppRegsFile 
*          1    00006200    00000048     UNINITIALIZED
                  00006200    00000048     F2837xD_GlobalVariableDefs.obj (UppRegsFile)

WdRegsFile 
*          1    00007000    0000002b     UNINITIALIZED
                  00007000    0000002b     F2837xD_GlobalVariableDefs.obj (WdRegsFile)

NmiIntruptRegsFile 
*          1    00007060    00000007     UNINITIALIZED
                  00007060    00000007     F2837xD_GlobalVariableDefs.obj (NmiIntruptRegsFile)

XintRegsFile 
*          1    00007070    0000000b     UNINITIALIZED
                  00007070    0000000b     F2837xD_GlobalVariableDefs.obj (XintRegsFile)

SciaRegsFile 
*          1    00007200    00000010     UNINITIALIZED
                  00007200    00000010     F2837xD_GlobalVariableDefs.obj (SciaRegsFile)

ScibRegsFile 
*          1    00007210    00000010     UNINITIALIZED
                  00007210    00000010     F2837xD_GlobalVariableDefs.obj (ScibRegsFile)

ScicRegsFile 
*          1    00007220    00000010     UNINITIALIZED
                  00007220    00000010     F2837xD_GlobalVariableDefs.obj (ScicRegsFile)

ScidRegsFile 
*          1    00007230    00000010     UNINITIALIZED
                  00007230    00000010     F2837xD_GlobalVariableDefs.obj (ScidRegsFile)

I2caRegsFile 
*          1    00007300    00000022     UNINITIALIZED
                  00007300    00000022     F2837xD_GlobalVariableDefs.obj (I2caRegsFile)

I2cbRegsFile 
*          1    00007340    00000022     UNINITIALIZED
                  00007340    00000022     F2837xD_GlobalVariableDefs.obj (I2cbRegsFile)

AdcaRegsFile 
*          1    00007400    00000080     UNINITIALIZED
                  00007400    00000080     F2837xD_GlobalVariableDefs.obj (AdcaRegsFile)

AdcbRegsFile 
*          1    00007480    00000080     UNINITIALIZED
                  00007480    00000080     F2837xD_GlobalVariableDefs.obj (AdcbRegsFile)

AdccRegsFile 
*          1    00007500    00000080     UNINITIALIZED
                  00007500    00000080     F2837xD_GlobalVariableDefs.obj (AdccRegsFile)

AdcdRegsFile 
*          1    00007580    00000080     UNINITIALIZED
                  00007580    00000080     F2837xD_GlobalVariableDefs.obj (AdcdRegsFile)

CanaRegsFile 
*          1    00048000    00000164     UNINITIALIZED
                  00048000    00000164     F2837xD_GlobalVariableDefs.obj (CanaRegsFile)

CanbRegsFile 
*          1    0004a000    00000164     UNINITIALIZED
                  0004a000    00000164     F2837xD_GlobalVariableDefs.obj (CanbRegsFile)

AnalogSubsysRegsFile 
*          1    0005d180    00000048     UNINITIALIZED
                  0005d180    00000048     F2837xD_GlobalVariableDefs.obj (AnalogSubsysRegsFile)

Cla1SoftIntRegsFile 
*          1    00000ce0    00000004     DSECT
                  00000ce0    00000004     F2837xD_GlobalVariableDefs.obj (Cla1SoftIntRegsFile)

Cmpss1RegsFile 
*          1    00005c80    00000020     UNINITIALIZED
                  00005c80    00000020     F2837xD_GlobalVariableDefs.obj (Cmpss1RegsFile)

Cmpss2RegsFile 
*          1    00005ca0    00000020     UNINITIALIZED
                  00005ca0    00000020     F2837xD_GlobalVariableDefs.obj (Cmpss2RegsFile)

Cmpss3RegsFile 
*          1    00005cc0    00000020     UNINITIALIZED
                  00005cc0    00000020     F2837xD_GlobalVariableDefs.obj (Cmpss3RegsFile)

Cmpss4RegsFile 
*          1    00005ce0    00000020     UNINITIALIZED
                  00005ce0    00000020     F2837xD_GlobalVariableDefs.obj (Cmpss4RegsFile)

Cmpss5RegsFile 
*          1    00005d00    00000020     UNINITIALIZED
                  00005d00    00000020     F2837xD_GlobalVariableDefs.obj (Cmpss5RegsFile)

Cmpss6RegsFile 
*          1    00005d20    00000020     UNINITIALIZED
                  00005d20    00000020     F2837xD_GlobalVariableDefs.obj (Cmpss6RegsFile)

Cmpss7RegsFile 
*          1    00005d40    00000020     UNINITIALIZED
                  00005d40    00000020     F2837xD_GlobalVariableDefs.obj (Cmpss7RegsFile)

Cmpss8RegsFile 
*          1    00005d60    00000020     UNINITIALIZED
                  00005d60    00000020     F2837xD_GlobalVariableDefs.obj (Cmpss8RegsFile)

InputXbarRegsFile 
*          1    00007900    00000020     UNINITIALIZED
                  00007900    00000020     F2837xD_GlobalVariableDefs.obj (InputXbarRegsFile)

XbarRegsFile 
*          1    00007920    00000020     UNINITIALIZED
                  00007920    00000020     F2837xD_GlobalVariableDefs.obj (XbarRegsFile)

SyncSocRegsFile 
*          1    00007940    00000006     UNINITIALIZED
                  00007940    00000006     F2837xD_GlobalVariableDefs.obj (SyncSocRegsFile)

DmaClaSrcSelRegsFile 
*          1    00007980    0000001a     UNINITIALIZED
                  00007980    0000001a     F2837xD_GlobalVariableDefs.obj (DmaClaSrcSelRegsFile)

EPwmXbarRegsFile 
*          1    00007a00    00000040     UNINITIALIZED
                  00007a00    00000040     F2837xD_GlobalVariableDefs.obj (EPwmXbarRegsFile)

OutputXbarRegsFile 
*          1    00007a80    00000040     UNINITIALIZED
                  00007a80    00000040     F2837xD_GlobalVariableDefs.obj (OutputXbarRegsFile)

GpioCtrlRegsFile 
*          1    00007c00    00000180     UNINITIALIZED
                  00007c00    00000180     F2837xD_GlobalVariableDefs.obj (GpioCtrlRegsFile)

GpioDataRegsFile 
*          1    00007f00    00000030     UNINITIALIZED
                  00007f00    00000030     F2837xD_GlobalVariableDefs.obj (GpioDataRegsFile)

.econst.1 
*          1    000094fc    00000004     
                  000094fc    00000004     usbdaudio.obj (.econst:_g_sAudioConfigSection)

.econst.2 
*          1    0000a3be    00000001     
                  0000a3be    00000001     dev_epwm.obj (.econst)

.econst.3 
*          1    0000a73c    00000004     
                  0000a73c    00000004     usbdaudio.obj (.econst:_g_sAudioControlInterfaceSection)

.econst.4 
*          1    0000a7bc    00000004     
                  0000a7bc    00000004     usbdaudio.obj (.econst:_g_sAudioStreamInterfaceSection)

Emif1RegsFile 
*          1    00047000    00000070     UNINITIALIZED
                  00047000    00000070     F2837xD_GlobalVariableDefs.obj (Emif1RegsFile)

Emif2RegsFile 
*          1    00047800    00000070     UNINITIALIZED
                  00047800    00000070     F2837xD_GlobalVariableDefs.obj (Emif2RegsFile)

IpcRegsFile 
*          1    00050000    00000024     UNINITIALIZED
                  00050000    00000024     F2837xD_GlobalVariableDefs.obj (IpcRegsFile)

FlashPumpSemaphoreRegsFile 
*          1    00050024    00000002     UNINITIALIZED
                  00050024    00000002     F2837xD_GlobalVariableDefs.obj (FlashPumpSemaphoreRegsFile)

RomPrefetchRegsFile 
*          1    0005e608    00000002     UNINITIALIZED
                  0005e608    00000002     F2837xD_GlobalVariableDefs.obj (RomPrefetchRegsFile)

DcsmZ1RegsFile 
*          1    0005f000    00000024     UNINITIALIZED
                  0005f000    00000024     F2837xD_GlobalVariableDefs.obj (DcsmZ1RegsFile)

DcsmZ2RegsFile 
*          1    0005f040    00000024     UNINITIALIZED
                  0005f040    00000024     F2837xD_GlobalVariableDefs.obj (DcsmZ2RegsFile)

DcsmCommonRegsFile 
*          1    0005f070    00000008     UNINITIALIZED
                  0005f070    00000008     F2837xD_GlobalVariableDefs.obj (DcsmCommonRegsFile)

MemCfgRegsFile 
*          1    0005f400    00000080     UNINITIALIZED
                  0005f400    00000080     F2837xD_GlobalVariableDefs.obj (MemCfgRegsFile)

Emif1ConfigRegsFile 
*          1    0005f480    00000020     UNINITIALIZED
                  0005f480    00000020     F2837xD_GlobalVariableDefs.obj (Emif1ConfigRegsFile)

Emif2ConfigRegsFile 
*          1    0005f4a0    00000020     UNINITIALIZED
                  0005f4a0    00000020     F2837xD_GlobalVariableDefs.obj (Emif2ConfigRegsFile)

AccessProtectionRegsFile 
*          1    0005f4c0    00000040     UNINITIALIZED
                  0005f4c0    00000040     F2837xD_GlobalVariableDefs.obj (AccessProtectionRegsFile)

MemoryErrorRegsFile 
*          1    0005f500    00000040     UNINITIALIZED
                  0005f500    00000040     F2837xD_GlobalVariableDefs.obj (MemoryErrorRegsFile)

RomWaitStateRegsFile 
*          1    0005f540    00000002     UNINITIALIZED
                  0005f540    00000002     F2837xD_GlobalVariableDefs.obj (RomWaitStateRegsFile)

Flash0CtrlRegsFile 
*          1    0005f800    00000182     UNINITIALIZED
                  0005f800    00000182     F2837xD_GlobalVariableDefs.obj (Flash0CtrlRegsFile)

Flash0EccRegsFile 
*          1    0005fb00    00000028     UNINITIALIZED
                  0005fb00    00000028     F2837xD_GlobalVariableDefs.obj (Flash0EccRegsFile)

DcsmZ1OtpFile 
*          1    00078000    00000020     NOLOAD SECTION
                  00078000    00000020     F2837xD_GlobalVariableDefs.obj (DcsmZ1OtpFile)

DcsmZ2OtpFile 
*          1    00078200    00000020     NOLOAD SECTION
                  00078200    00000020     F2837xD_GlobalVariableDefs.obj (DcsmZ2OtpFile)

DevCfgRegsFile 
*          1    0005d000    0000012e     UNINITIALIZED
                  0005d000    0000012e     F2837xD_GlobalVariableDefs.obj (DevCfgRegsFile)

ClkCfgRegsFile 
*          1    0005d200    00000032     UNINITIALIZED
                  0005d200    00000032     F2837xD_GlobalVariableDefs.obj (ClkCfgRegsFile)

CpuSysRegsFile 
*          1    0005d300    00000082     UNINITIALIZED
                  0005d300    00000082     F2837xD_GlobalVariableDefs.obj (CpuSysRegsFile)

freertos_text_portASM 
*          0    0000b000    0000011f     
                  0000b000    0000011f     portASM.obj (freertos_text_portASM)

.ebss.1    1    00008000    00000800     UNINITIALIZED
                  00008000    0000061e     dev_epwm.obj (.ebss)
                  0000861e    00000022     usbdhidmouse.obj (.ebss)
                  00008640    000001c0     dev_dma.obj (.ebss)

.ebss.2    1    00008800    00000800     UNINITIALIZED
                  00008800    000004e8     dev_spi.obj (.ebss)
                  00008ce8    00000018     F2837xD_CpuTimers.obj (.ebss)
                  00008d00    000002a4     bsp_gpio.obj (.ebss)
                  00008fa4    00000018     hbridge.obj (.ebss)
                  00008fbc    00000002     rts2800_fpu32.lib : _lock.obj (.ebss:__lock)
                  00008fbe    00000002                       : _lock.obj (.ebss:__unlock)
                  00008fc0    0000003e     usbhhub.obj (.ebss)
                  00008ffe    00000001     F2837xD_sci_io.obj (.ebss)
                  00008fff    00000001     rts2800_fpu32.lib : errno.obj (.ebss)

.ebss.3    1    00009000    000004fb     UNINITIALIZED
                  00009000    000004d0     dev_uart.obj (.ebss)
                  000094d0    0000002b     usbdaudio.obj (.ebss)

.ebss.4    1    00009500    00000300     UNINITIALIZED
                  00009500    0000029a     comtest.obj (.ebss)
                  0000979a    00000025     usbddfu-rt.obj (.ebss)
                  000097bf    00000001     --HOLE--
                  000097c0    00000032     usbhhid.obj (.ebss)
                  000097f2    0000000e     getopt.obj (.ebss)

.ebss.5    1    00009800    00000800     UNINITIALIZED
                  00009800    00000390     sys_std.obj (.ebss)
                  00009b90    0000002a     usbhaudio.obj (.ebss)
                  00009bba    00000006     F2837xD_TempSensorConv.obj (.ebss)
                  00009bc0    0000038e     usbhostenum.obj (.ebss)
                  00009f4e    00000031     usbdcdc.obj (.ebss)
                  00009f7f    00000001     --HOLE--
                  00009f80    00000080     usbdenum.obj (.ebss)

.ebss.6    1    0000a000    000003bd     UNINITIALIZED
                  0000a000    000001e4     getoptbuf.obj (.ebss)
                  0000a1e4    00000016     usbhhidkeyboard.obj (.ebss)
                  0000a1fa    00000006     port.obj (.ebss)
                  0000a200    0000019e     dev_timer.obj (.ebss)
                  0000a39e    0000001f     usbdbulk.obj (.ebss)

.ebss.7    1    0000a3c0    0000023e     UNINITIALIZED
                  0000a3c0    00000140     crc.obj (.ebss)
                  0000a500    000000e0     adtest.obj (.ebss)
                  0000a5e0    0000001e     usbtick.obj (.ebss)

.ebss.8    1    0000a600    000000be     UNINITIALIZED
                  0000a600    0000008c     usbdma.obj (.ebss)
                  0000a68c    00000028     queue.obj (.ebss)
                  0000a6b4    0000000a     usbmode.obj (.ebss)

.ebss.9    1    0000a6c0    0000007c     UNINITIALIZED
                  0000a6c0    0000007c     tasks.obj (.ebss)

.ebss.10   1    0000a740    0000007c     UNINITIALIZED
                  0000a740    0000007c     timers.obj (.ebss)

.ebss.11   1    0000a7c0    00000040     UNINITIALIZED
                  0000a7c0    00000024     usbdhidkeyb.obj (.ebss)
                  0000a7e4    00000014     usbdcomp.obj (.ebss)
                  0000a7f8    00000008     bsp_clk.obj (.ebss)

.ebss.12   1    0000a800    0000007e     UNINITIALIZED
                  0000a800    00000078     F2837xD_struct.obj (.ebss)
                  0000a878    00000006     rts2800_fpu32.lib : exit.obj (.ebss)

.ebss.13   1    0000a880    00000030     UNINITIALIZED
                  0000a880    00000012     usbdhid.obj (.ebss)
                  0000a892    00000010     usbhhidmouse.obj (.ebss)
                  0000a8a2    0000000e     usbhmsc.obj (.ebss)

.econst.5 
*          1    0000a8b0    00000750     
                  0000a8b0    00000266     comtest.obj (.econst:.string)
                  0000ab16    000001c0     F2837xD_PieVect.obj (.econst:_PieVectTableInit)
                  0000acd6    00000101     rts2800_fpu32.lib : ctype.obj (.econst:.string:__ctypes_)
                  0000add7    00000001     --HOLE-- [fill = 0]
                  0000add8    0000005f     dev_epwm.obj (.econst:.string)
                  0000ae37    00000001     --HOLE-- [fill = 0]
                  0000ae38    0000005b     timers.obj (.econst:.string)
                  0000ae93    00000001     --HOLE-- [fill = 0]
                  0000ae94    00000055     stream_buffer.obj (.econst:.string)
                  0000aee9    00000001     --HOLE-- [fill = 0]
                  0000aeea    00000054     event_groups.obj (.econst:.string)
                  0000af3e    00000053     tasks.obj (.econst:.string)
                  0000af91    00000001     --HOLE-- [fill = 0]
                  0000af92    0000004d     queue.obj (.econst:.string)
                  0000afdf    00000001     --HOLE-- [fill = 0]
                  0000afe0    0000001c     rts2800_fpu32.lib : _printfi.obj (.econst)
                  0000affc    00000004     usbdbulk.obj (.econst:_g_sBulkConfigSection)

.econst.6 
*          1    00018000    0000038e     
                  00018000    0000004c     port.obj (.econst:.string)
                  0001804c    00000045     adtest.obj (.econst:.string)
                  00018091    00000001     --HOLE-- [fill = 0]
                  00018092    00000042     dev_dma.obj (.econst:.string)
                  000180d4    00000038     dev_timer.obj (.econst:.string)
                  0001810c    00000034     usbdaudio.obj (.econst:_g_pui8AudioControlInterface)
                  00018140    00000034     usbdaudio.obj (.econst:_g_pui8AudioStreamInterface)
                  00018174    00000031     dev_uart.obj (.econst:.string)
                  000181a5    00000001     --HOLE-- [fill = 0]
                  000181a6    00000028     rts2800_fpu32.lib : strtold.obj (.econst:_digits)
                  000181ce    00000026                       : _printfi.obj (.econst:.string)
                  000181f4    00000024     dev_spi.obj (.econst:.string)
                  00018218    00000024     rts2800_fpu32.lib : strtold.obj (.econst:_powerof10)
                  0001823c    00000023     usbdcdc.obj (.econst:_g_pui8CDCSerCommInterface)
                  0001825f    00000001     --HOLE-- [fill = 0]
                  00018260    0000001c     rts2800_fpu32.lib : s_scalbn.obj (.econst)
                  0001827c    0000001a     usbdenum.obj (.econst:_g_psUSBDStdRequests)
                  00018296    00000017     usbdbulk.obj (.econst:_g_pui8BulkInterface)
                  000182ad    00000017     usbdcdc.obj (.econst:_g_pui8CDCSerDataInterface)
                  000182c4    00000014     sys_tick.obj (.econst:.string)
                  000182d8    00000014     rts2800_fpu32.lib : strtod.obj (.econst:_digits)
                  000182ec    0000000c                       : strtod.obj (.econst:_powerof10)
                  000182f8    0000000c     usb_hal.obj (.econst)
                  00018304    00000009     usbdhidkeyb.obj (.econst:_g_sKeybHIDDescriptor)
                  0001830d    00000009     usbdhidmouse.obj (.econst:_g_sMouseHIDDescriptor)
                  00018316    00000008     rts2800_fpu32.lib : s_frexp.obj (.econst)
                  0001831e    00000008                       : strtold.obj (.econst)
                  00018326    00000007                       : _scanfi.obj (.econst:.string:_flit$1)
                  0001832d    00000007     usbdhidkeyb.obj (.econst:_g_pui8HIDInEndpoint)
                  00018334    00000007     usbdhidmouse.obj (.econst:_g_pui8HIDInEndpoint)
                  0001833b    00000007     usbdhidkeyb.obj (.econst:_g_pui8HIDOutEndpoint)
                  00018342    00000006     rts2800_fpu32.lib : _scanfi.obj (.econst:.string:_barr$2)
                  00018348    00000006     getopt.obj (.econst:.string)
                  0001834e    00000004     usbdbulk.obj (.econst:_g_sBulkInterfaceSection)
                  00018352    00000004     usbdcdc.obj (.econst:_g_sCDCSerCommInterfaceSection)
                  00018356    00000004     usbdcdc.obj (.econst:_g_sCDCSerConfigSection)
                  0001835a    00000004     usbdcdc.obj (.econst:_g_sCDCSerDataInterfaceSection)
                  0001835e    00000004     usbddfu-rt.obj (.econst:_g_sDFUConfigSection)
                  00018362    00000004     usbddfu-rt.obj (.econst:_g_sDFUFunctionalDescSection)
                  00018366    00000004     usbddfu-rt.obj (.econst:_g_sDFUInterfaceSection)
                  0001836a    00000004     usbdhidkeyb.obj (.econst:_g_sHIDConfigSection)
                  0001836e    00000004     usbdhidmouse.obj (.econst:_g_sHIDConfigSection)
                  00018372    00000004     usbdhidkeyb.obj (.econst:_g_sHIDInEndpointSection)
                  00018376    00000004     usbdhidmouse.obj (.econst:_g_sHIDInEndpointSection)
                  0001837a    00000004     usbdhidkeyb.obj (.econst:_g_sHIDInterfaceSection)
                  0001837e    00000004     usbdhidmouse.obj (.econst:_g_sHIDInterfaceSection)
                  00018382    00000004     usbdhidkeyb.obj (.econst:_g_sHIDOutEndpointSection)
                  00018386    00000004     usbdaudio.obj (.econst:_g_sIADAudioConfigSection)
                  0001838a    00000004     usbdcdc.obj (.econst:_g_sIADSerConfigSection)

MODULE SUMMARY

       Module                           code    initialized data   uninitialized data
       ------                           ----    ----------------   ------------------
    ./src/bsp/
       cpu_isr.obj                      1413    0                  0                 
       bsp_gpio.obj                     118     0                  676               
       bsp_epwm.obj                     685     0                  0                 
       bsp_uart.obj                     514     0                  0                 
       bsp_spi.obj                      391     0                  0                 
       bsp_dma.obj                      370     0                  0                 
       bsp_clk.obj                      324     0                  8                 
       bsp_timer.obj                    229     0                  0                 
       bsp_init.obj                     23      0                  0                 
       bsp_xbar.obj                     19      0                  0                 
       main.obj                         15      0                  0                 
    +--+--------------------------------+-------+------------------+--------------------+
       Total:                           4101    0                  684               
                                                                                     
    ./src/bsp/boot/
       F2837xD_CodeStartBranch.obj      2       0                  0                 
    +--+--------------------------------+-------+------------------+--------------------+
       Total:                           2       0                  0                 
                                                                                     
    ./src/bsp/drv/
       F2837xD_GlobalVariableDefs.obj   0       0                  8759              
       F2837xD_SysCtrl.obj              827     0                  0                 
       F2837xD_Gpio.obj                 580     0                  0                 
       F2837xD_PieVect.obj              38      448                0                 
       F2837xD_Ipc_Driver.obj           0       0                  136               
       F2837xD_struct.obj               0       0                  120               
       F2837xD_PieCtrl.obj              40      0                  0                 
       F2837xD_CpuTimers.obj            0       0                  24                
       F2837xD_TempSensorConv.obj       0       0                  6                 
       F2837xD_usDelay.obj              4       0                  0                 
       F2837xD_DBGIER.obj               3       0                  0                 
       F2837xD_sci_io.obj               0       0                  1                 
    +--+--------------------------------+-------+------------------+--------------------+
       Total:                           1492    448                9046              
                                                                                     
    ./src/bsp/drv/driverlib/
       usb.obj                          2057    0                  0                 
       sysctl.obj                       583     0                  0                 
       interrupt.obj                    473     0                  0                 
       usb_hal.obj                      147     12                 0                 
    +--+--------------------------------+-------+------------------+--------------------+
       Total:                           3260    12                 0                 
                                                                                     
    ./src/bsp/drv/usblib/
       usbmode.obj                      601     0                  10                
       usbdma.obj                       212     0                  140               
       usbdesc.obj                      203     0                  0                 
       usbtick.obj                      130     0                  30                
    +--+--------------------------------+-------+------------------+--------------------+
       Total:                           1146    0                  180               
                                                                                     
    ./src/bsp/drv/usblib/device/
       usbdenum.obj                     2124    26                 128               
       usbdconfig.obj                   605     0                  0                 
       usbdcdesc.obj                    336     0                  0                 
       usbdaudio.obj                    0       120                43                
       usbdcdc.obj                      0       74                 49                
       usbdhidkeyb.obj                  0       39                 36                
       usbdbulk.obj                     0       31                 31                
       usbdhidmouse.obj                 0       28                 34                
       usbddfu-rt.obj                   0       12                 37                
       usbdcomp.obj                     0       0                  20                
       usbdhandler.obj                  18      0                  0                 
       usbdhid.obj                      0       0                  18                
    +--+--------------------------------+-------+------------------+--------------------+
       Total:                           3083    330                396               
                                                                                     
    ./src/bsp/drv/usblib/host/
       usbhostenum.obj                  5597    0                  910               
       usbhhub.obj                      1024    0                  62                
       usbhhid.obj                      0       0                  50                
       usbhaudio.obj                    0       0                  42                
       usbhhidkeyboard.obj              0       0                  22                
       usbhhidmouse.obj                 0       0                  16                
       usbhmsc.obj                      0       0                  14                
    +--+--------------------------------+-------+------------------+--------------------+
       Total:                           6621    0                  1116              
                                                                                     
    ./src/bsp/utils/
       dev_epwm.obj                     2937    96                 1566              
       dev_spi.obj                      2364    36                 1256              
       dev_uart.obj                     942     49                 1232              
       dev_timer.obj                    1112    56                 414               
       dev_dma.obj                      1045    66                 448               
       io.obj                           458     0                  0                 
       dev_init.obj                     9       0                  0                 
    +--+--------------------------------+-------+------------------+--------------------+
       Total:                           8867    303                4916              
                                                                                     
    ./src/core1/app/
       comtest.obj                      0       614                666               
       adtest.obj                       248     69                 224               
       hbridge.obj                      0       0                  24                
       root.obj                         7       0                  0                 
    +--+--------------------------------+-------+------------------+--------------------+
       Total:                           255     683                914               
                                                                                     
    ./src/core1/os/
       tasks.obj                        3186    83                 124               
       queue.obj                        2095    77                 40                
       timers.obj                       894     91                 124               
       port.obj                         386     76                 6                 
       portASM.obj                      287     3                  0                 
       list.obj                         147     0                  0                 
       stream_buffer.obj                0       85                 0                 
       event_groups.obj                 0       84                 0                 
    +--+--------------------------------+-------+------------------+--------------------+
       Total:                           6995    499                294               
                                                                                     
    ./src/core1/sys/
       sys_std.obj                      192     0                  912               
       sys_tick.obj                     47      20                 0                 
       sys_schd.obj                     16      0                  0                 
       sys_fault.obj                    4       0                  0                 
    +--+--------------------------------+-------+------------------+--------------------+
       Total:                           259     20                 912               
                                                                                     
    ./src/lib/
       crc.obj                          80      0                  320               
    +--+--------------------------------+-------+------------------+--------------------+
       Total:                           80      0                  320               
                                                                                     
    ./src/lib/getopt/
       getoptbuf.obj                    0       0                  484               
       getopt.obj                       0       6                  14                
    +--+--------------------------------+-------+------------------+--------------------+
       Total:                           0       6                  498               
                                                                                     
    /home/cg/Work/McMaster/Prj_TMS320F28379D/Prj_Controller/src/lib/TI/rts2800_fpu32.lib
       _printfi.obj                     3094    66                 0                 
       _scanfi.obj                      1645    13                 0                 
       strtold.obj                      376     84                 0                 
       strtoll.obj                      366     0                  0                 
       strtod.obj                       285     32                 0                 
       strtoull.obj                     293     0                  0                 
       ll_div28.obj                     263     0                  0                 
       ctype.obj                        0       257                0                 
       strtol.obj                       222     0                  0                 
       s_scalbn.obj                     188     28                 0                 
       strtoul.obj                      179     0                  0                 
       fd_add28.obj                     156     0                  0                 
       fd_div28.obj                     139     0                  0                 
       fs_div28.obj                     136     0                  0                 
       fd_mpy28.obj                     131     0                  0                 
       sscanf.obj                       109     0                  0                 
       s_frexp.obj                      90      8                  0                 
       vsnprintf.obj                    87      0                  0                 
       boot28.obj                       86      0                  0                 
       atoi.obj                         49      0                  0                 
       exit.obj                         41      0                  6                 
       ltoa.obj                         46      0                  0                 
       fd_cmp28.obj                     42      0                  0                 
       l_div28.obj                      42      0                  0                 
       cpy_tbl.obj                      36      0                  0                 
       s_copysign.obj                   36      0                  0                 
       i_div28.obj                      34      0                  0                 
       fd_toi28.obj                     33      0                  0                 
       fd_tol28.obj                     31      0                  0                 
       ll_cmp28.obj                     30      0                  0                 
       memcpy.obj                       30      0                  0                 
       i_tofd28.obj                     29      0                  0                 
       fs_tofdfpu32.obj                 28      0                  0                 
       l_tofd28.obj                     28      0                  0                 
       args_main.obj                    25      0                  0                 
       ll_aox28.obj                     24      0                  0                 
       ul_tofd28.obj                    22      0                  0                 
       ll_mpy28.obj                     20      0                  0                 
       ull_tofsfpu32.obj                17      0                  0                 
       fd_sub28.obj                     14      0                  0                 
       _lock.obj                        9       0                  4                 
       memccpy.obj                      13      0                  0                 
       memset.obj                       12      0                  0                 
       strchr.obj                       12      0                  0                 
       strrchr.obj                      11      0                  0                 
       fd_neg28.obj                     9       0                  0                 
       strlen.obj                       8       0                  0                 
       strcpy.obj                       5       0                  0                 
       pre_init.obj                     2       0                  0                 
       errno.obj                        0       0                  1                 
       startup.obj                      1       0                  0                 
    +--+--------------------------------+-------+------------------+--------------------+
       Total:                           8584    488                11                
                                                                                     
       Stack:                           0       0                  2048              
    +--+--------------------------------+-------+------------------+--------------------+
       Grand Total:                     44745   2789               21335             


GLOBAL DATA SYMBOLS: SORTED BY DATA PAGE

address     data page           name
--------    ----------------    ----
00000b00      2c (00000b00)     _AdcaResultRegs
00000b20      2c (00000b00)     _AdcbResultRegs

00000b40      2d (00000b40)     _AdccResultRegs
00000b60      2d (00000b40)     _AdcdResultRegs

00000c00      30 (00000c00)     _CpuTimer0Regs
00000c08      30 (00000c00)     _CpuTimer1Regs
00000c10      30 (00000c00)     _CpuTimer2Regs

00000ce0      33 (00000cc0)     _Cla1SoftIntRegs
00000ce0      33 (00000cc0)     _PieCtrlRegs

00000d00      34 (00000d00)     _EmuKey
00000d00      34 (00000d00)     _PieVectTable
00000d01      34 (00000d00)     _EmuBMode

00001000      40 (00001000)     _DmaRegs

00001400      50 (00001400)     _Cla1Regs

00004000     100 (00004000)     _EPwm1Regs

00004100     104 (00004100)     _EPwm2Regs

00004200     108 (00004200)     _EPwm3Regs

00004300     10c (00004300)     _EPwm4Regs

00004400     110 (00004400)     _EPwm5Regs

00004500     114 (00004500)     _EPwm6Regs

00004600     118 (00004600)     _EPwm7Regs

00004700     11c (00004700)     _EPwm8Regs

00004800     120 (00004800)     _EPwm9Regs

00004900     124 (00004900)     _EPwm10Regs

00004a00     128 (00004a00)     _EPwm11Regs

00004b00     12c (00004b00)     _EPwm12Regs

00005000     140 (00005000)     _ECap1Regs
00005020     140 (00005000)     _ECap2Regs

00005040     141 (00005040)     _ECap3Regs
00005060     141 (00005040)     _ECap4Regs

00005080     142 (00005080)     _ECap5Regs
000050a0     142 (00005080)     _ECap6Regs

00005100     144 (00005100)     _EQep1Regs

00005140     145 (00005140)     _EQep2Regs

00005180     146 (00005180)     _EQep3Regs

00005c00     170 (00005c00)     _DacaRegs
00005c10     170 (00005c00)     _DacbRegs
00005c20     170 (00005c00)     _DaccRegs

00005c80     172 (00005c80)     _Cmpss1Regs
00005ca0     172 (00005c80)     _Cmpss2Regs

00005cc0     173 (00005cc0)     _Cmpss3Regs
00005ce0     173 (00005cc0)     _Cmpss4Regs

00005d00     174 (00005d00)     _Cmpss5Regs
00005d20     174 (00005d00)     _Cmpss6Regs

00005d40     175 (00005d40)     _Cmpss7Regs
00005d60     175 (00005d40)     _Cmpss8Regs

00005e00     178 (00005e00)     _Sdfm1Regs

00005e80     17a (00005e80)     _Sdfm2Regs

00006000     180 (00006000)     _McbspaRegs

00006040     181 (00006040)     _McbspbRegs

00006100     184 (00006100)     _SpiaRegs
00006110     184 (00006100)     _SpibRegs
00006120     184 (00006100)     _SpicRegs

00006200     188 (00006200)     _UppRegs

00007000     1c0 (00007000)     _WdRegs

00007060     1c1 (00007040)     _NmiIntruptRegs
00007070     1c1 (00007040)     _XintRegs

00007200     1c8 (00007200)     _SciaRegs
00007210     1c8 (00007200)     _ScibRegs
00007220     1c8 (00007200)     _ScicRegs
00007230     1c8 (00007200)     _ScidRegs

00007300     1cc (00007300)     _I2caRegs

00007340     1cd (00007340)     _I2cbRegs

00007400     1d0 (00007400)     _AdcaRegs

00007480     1d2 (00007480)     _AdcbRegs

00007500     1d4 (00007500)     _AdccRegs

00007580     1d6 (00007580)     _AdcdRegs

00007900     1e4 (00007900)     _InputXbarRegs
00007920     1e4 (00007900)     _XbarRegs

00007940     1e5 (00007940)     _SyncSocRegs

00007980     1e6 (00007980)     _DmaClaSrcSelRegs

00007a00     1e8 (00007a00)     _EPwmXbarRegs

00007a80     1ea (00007a80)     _OutputXbarRegs

00007c00     1f0 (00007c00)     _GpioCtrlRegs

00007f00     1fc (00007f00)     _GpioDataRegs

00008000     200 (00008000)     _epwm_phy_ptr
00008018     200 (00008000)     _dev_epwm_array

00008040     201 (00008040)     _epwm4

000080c0     203 (000080c0)     _epwm5

00008140     205 (00008140)     _epwm2

000081c0     207 (000081c0)     _epwm3

00008240     209 (00008240)     _epwm1

000082c0     20b (000082c0)     _epwm10

00008340     20d (00008340)     _epwm9

000083c0     20f (000083c0)     _epwm12

00008440     211 (00008440)     _epwm7

000084c0     213 (000084c0)     _epwm6

00008540     215 (00008540)     _epwm11

000085c0     217 (000085c0)     _epwm8

0000861e     218 (00008600)     _g_sHIDConfigHeader
00008622     218 (00008600)     _g_sHIDDescriptorSection
00008626     218 (00008600)     _g_psHIDSections
0000862e     218 (00008600)     _g_pui8HIDInterface
00008637     218 (00008600)     _g_pui8MouseDescriptor

00008640     219 (00008640)     _dev_dma
00008646     219 (00008640)     _dma_phy_ptr
00008652     219 (00008640)     _dev_dma_array

00008680     21a (00008680)     _dma_ch5

000086c0     21b (000086c0)     _dma_ch6

00008700     21c (00008700)     _dma_ch2

00008740     21d (00008740)     _dma_ch1

00008780     21e (00008780)     _dma_ch4

000087c0     21f (000087c0)     _dma_ch3

00008800     220 (00008800)     _dev_spi_array
00008800     220 (00008800)     _spib_in
00008800     220 (00008800)     _spib_out
00008800     220 (00008800)     _spic_in
00008800     220 (00008800)     _spic_out
00008806     220 (00008800)     _spi_phy_ptr
0000880c     220 (00008800)     _spi_operation

00008900     224 (00008900)     _spia_in

00008980     226 (00008980)     _spia_out

00008a00     228 (00008a00)     _dev_ctrl_spib

00008a80     22a (00008a80)     _dev_ctrl_spic

00008b00     22c (00008b00)     _dev_ctrl_spia

00008b80     22e (00008b80)     _spib

00008c00     230 (00008c00)     _spic

00008c80     232 (00008c80)     _spia

00008ce8     233 (00008cc0)     _CpuTimer1
00008cf0     233 (00008cc0)     _CpuTimer2
00008cf8     233 (00008cc0)     _CpuTimer0

00008d00     234 (00008d00)     _bsp_gpio_info

00008fa4     23e (00008f80)     _hbridge_demo
00008fbc     23e (00008f80)     __lock
00008fbe     23e (00008f80)     __unlock

00008ffe     23f (00008fc0)     _deviceOpen
00008fff     23f (00008fc0)     _errno

00009000     240 (00009000)     _dev_uart_array
00009000     240 (00009000)     _uarta_in
00009000     240 (00009000)     _uarta_out
00009000     240 (00009000)     _uartb_in
00009000     240 (00009000)     _uartb_out
00009000     240 (00009000)     _uartd_in
00009000     240 (00009000)     _uartd_out
00009008     240 (00009000)     _uart_phy_ptr

00009040     241 (00009040)     _uartb

000090c0     243 (000090c0)     _uarta

00009140     245 (00009140)     _uartd

000091c0     247 (000091c0)     _uartc

00009240     249 (00009240)     _uartc_in

00009340     24d (00009340)     _uartc_out

000094d0     253 (000094c0)     _g_pui8IADAudioDescriptor
000094d8     253 (000094c0)     _g_psAudioSections
000094fc     253 (000094c0)     _g_sAudioConfigSection

00009500     254 (00009500)     _comtest_err_test

00009540     255 (00009540)     _comtest_bash

00009580     256 (00009580)     _comtest_ctrl

0000979a     25e (00009780)     _g_sDFUConfigHeader
0000979e     25e (00009780)     _g_psDFUSections
000097a4     25e (00009780)     _g_pui8DFUInterface
000097ad     25e (00009780)     _g_pui8DFUFunctionalDesc
000097b6     25e (00009780)     _g_pui8DFUConfigDescriptor

000097f3     25f (000097c0)     _optopt
000097f5     25f (000097c0)     _opterr
000097fa     25f (000097c0)     _optind
000097fc     25f (000097c0)     _optarg

00009800     260 (00009800)     _stdio_dev

00009840     261 (00009840)     _std_out

00009a00     268 (00009a00)     _std_in

00009bba     26e (00009b80)     _tempSensor_tempOffset
00009bbc     26e (00009b80)     _tempSensor_scaleFactor
00009bbe     26e (00009b80)     _tempSensor_tempSlope

00009f4e     27d (00009f40)     _g_psCDCSerSections
00009f54     27d (00009f40)     _g_psCDCCompSerSections
00009f5c     27d (00009f40)     _g_pui8IADSerDescriptor
00009f64     27d (00009f40)     _g_pui8CDCSerDescriptor
00009f6d     27d (00009f40)     _g_pui8CDCSerDeviceDescriptor

00009f80     27e (00009f80)     _g_ppsDevInfo
00009f84     27e (00009f80)     _g_psDCDInst

0000a000     280 (0000a000)     _manual_reinit
0000a001     280 (0000a000)     _argc
0000a002     280 (0000a000)     _argv_buf

0000a040     281 (0000a040)     _getoptbuf

0000a1fa     287 (0000a1c0)     _ulTaskHasFPUContext
0000a1fc     287 (0000a1c0)     _ulSecureNesting
0000a1fe     287 (0000a1c0)     _ulCriticalNesting

0000a200     288 (0000a200)     _timer0_ptr
0000a202     288 (0000a200)     _timer1_ptr
0000a204     288 (0000a200)     _timer2_ptr
0000a206     288 (0000a200)     _timer_phy_ptr
0000a20c     288 (0000a200)     _dev_timer_array

0000a240     289 (0000a240)     _timer2

0000a2c0     28b (0000a2c0)     _timer0

0000a340     28d (0000a340)     _timer1

0000a39e     28e (0000a380)     _g_psBulkSections
0000a3a2     28e (0000a380)     _g_pui8BulkDescriptor
0000a3ab     28e (0000a380)     _g_pui8BulkDeviceDescriptor

0000a3c0     28f (0000a3c0)     _made_crc8_table

0000a400     290 (0000a400)     _crc8_table

0000a500     294 (0000a500)     _ad_sampled_ptr

0000a540     295 (0000a540)     _ad_sampled

0000a5e0     297 (0000a5c0)     _g_bUSBTimerInitialized
0000a5e2     297 (0000a5c0)     _g_ui32CurrentUSBTick
0000a5e4     297 (0000a5c0)     _g_ui32USBSOFCount
0000a5e6     297 (0000a5c0)     _g_pfnTickHandlers
0000a5f2     297 (0000a5c0)     _g_pvTickInstance

0000a68c     29a (0000a680)     _xQueueRegistry
0000a6b5     29a (0000a680)     _g_iUSBMode
0000a6b6     29a (0000a680)     _g_eOTGModeState
0000a6ba     29a (0000a680)     _g_ui32PollRate
0000a6bc     29a (0000a680)     _g_ui32WaitTicks

0000a6d0     29b (0000a6c0)     _pxCurrentTCB

0000a73c     29c (0000a700)     _g_sAudioControlInterfaceSection

0000a7bc     29e (0000a780)     _g_sAudioStreamInterfaceSection

0000a7e4     29f (0000a7c0)     _g_ppCompConfigDescriptors
0000a7f8     29f (0000a7c0)     _bsp_clk_info

0000a800     2a0 (0000a800)     _SCI
0000a804     2a0 (0000a800)     _MCBSP
0000a808     2a0 (0000a800)     _I2C
0000a80c     2a0 (0000a800)     _SDFM
0000a812     2a0 (0000a800)     _EQEP
0000a81a     2a0 (0000a800)     _SPI
0000a822     2a0 (0000a800)     _ADC
0000a82c     2a0 (0000a800)     _ECAP

0000a840     2a1 (0000a840)     _EPWM
0000a85a     2a1 (0000a840)     _TRIP_SEL
0000a878     2a1 (0000a840)     ___TI_enable_exit_profile_output
0000a87a     2a1 (0000a840)     ___TI_cleanup_ptr
0000a87c     2a1 (0000a840)     ___TI_dtors_ptr

0000a880     2a2 (0000a880)     _g_pui8HIDDeviceDescriptor

0000ab16     2ac (0000ab00)     _PieVectTableInit

0000acd6     2b3 (0000acc0)     __ctypes_

0000affc     2bf (0000afc0)     _g_sBulkConfigSection

0000b800     2e0 (0000b800)     __stack

0000d000     340 (0000d000)     _ConfigDescAlloc

0000d051     341 (0000d040)     _ConfigDescFree

0000d0be     342 (0000d080)     _USBHCDEventEnable

0000d0d3     343 (0000d0c0)     _USBHCDEventDisable

0000d1a1     346 (0000d180)     _USBHCDPipeAllocSize

0000d397     34e (0000d380)     _USBHCDPipeAlloc
0000d3a6     34e (0000d380)     _USBHCDPipeConfig

0000d476     351 (0000d440)     _USBHCDPipeStatus
0000d47b     351 (0000d440)     _USBHCDPipeWrite

0000d57b     355 (0000d540)     _USBHCDPipeSchedule

0000d622     358 (0000d600)     _USBHCDPipeReadNonBlocking

0000d64d     359 (0000d640)     _USBHCDPipeDataAck
0000d66a     359 (0000d640)     _USBHCDPipeRead

0000d77f     35d (0000d740)     _USBHCDPipeFree

0000d98a     366 (0000d980)     _USBHCDPowerConfigInit
0000d992     366 (0000d980)     _USBHCDPowerConfigGet
0000d999     366 (0000d980)     _USBHCDPowerConfigSet

0000d9c3     367 (0000d9c0)     _USBHCDPowerAutomatic
0000d9ce     367 (0000d9c0)     _USBHCDInit

0000da23     368 (0000da00)     _USBHCDRegisterDrivers
0000da2e     368 (0000da00)     _USBHCDTerm

0000da8e     36a (0000da80)     _USBHCDReset
0000dab4     36a (0000da80)     _USBHCDSuspend
0000dabd     36a (0000da80)     _USBHCDResume

0000db7b     36d (0000db40)     _USBHCDSetAddress

0000dc24     370 (0000dc00)     _USBHCDSetConfig

0000dc48     371 (0000dc40)     _USBHCDSetInterface
0000dc74     371 (0000dc40)     _USBHostCheckPipes

0000dcff     373 (0000dcc0)     _USBHostIntHandlerInternal

0000e075     381 (0000e040)     _USB0HostIntHandler

0000e0f0     383 (0000e0c0)     _InternalUSBHCDSendEvent

0000e19f     386 (0000e180)     _USBHCDMain

0000e361     38d (0000e340)     _USBHCDControlTransfer

0000e3f3     38f (0000e3c0)     _USBHCDHubDeviceConnected

0000e44b     391 (0000e440)     _USBHCDHubDeviceDisconnected

0000e546     395 (0000e540)     _USBHCDDevHubPort
0000e55a     395 (0000e540)     _USBHCDDevAddress
0000e56e     395 (0000e540)     _USBHCDDevClass

0000e593     396 (0000e580)     _USBHCDDevSubClass
0000e5b8     396 (0000e580)     _USBHCDDevProtocol

0000e5dd     397 (0000e5c0)     _xTaskCreateStatic

0000e719     39c (0000e700)     _vTaskDelete

0000e769     39d (0000e740)     _vTaskDelayUntil

0000e7c6     39f (0000e7c0)     _vTaskDelay
0000e7eb     39f (0000e7c0)     _uxTaskPriorityGet

0000e801     3a0 (0000e800)     _uxTaskPriorityGetFromISR
0000e813     3a0 (0000e800)     _vTaskPrioritySet

0000e8b8     3a2 (0000e880)     _vTaskSuspend

0000e94b     3a5 (0000e940)     _vTaskResume

0000e99b     3a6 (0000e980)     _xTaskResumeFromISR

0000e9eb     3a7 (0000e9c0)     _vTaskStartScheduler

0000ea38     3a8 (0000ea00)     _vTaskEndScheduler

0000ea40     3a9 (0000ea40)     _vTaskSuspendAll
0000ea44     3a9 (0000ea40)     _xTaskResumeAll

0000eabe     3aa (0000ea80)     _xTaskGetTickCount

0000eaca     3ab (0000eac0)     _xTaskGetTickCountFromISR
0000ead2     3ab (0000eac0)     _uxTaskGetNumberOfTasks
0000ead6     3ab (0000eac0)     _pcTaskGetName
0000eaee     3ab (0000eac0)     _xTaskIncrementTick

0000eb71     3ad (0000eb40)     _vTaskSwitchContext

0000ebc1     3af (0000ebc0)     _vTaskPlaceOnEventList
0000ebdb     3af (0000ebc0)     _vTaskPlaceOnUnorderedEventList

0000ec0d     3b0 (0000ec00)     _vTaskPlaceOnEventListRestricted
0000ec2c     3b0 (0000ec00)     _xTaskRemoveFromEventList

0000ec81     3b2 (0000ec80)     _vTaskRemoveFromUnorderedEventList

0000ecd9     3b3 (0000ecc0)     _vTaskSetTimeOutState
0000ecf2     3b3 (0000ecc0)     _vTaskInternalSetTimeOutState
0000ecfe     3b3 (0000ecc0)     _xTaskCheckForTimeOut

0000ed42     3b5 (0000ed40)     _vTaskMissedYield
0000ed53     3b5 (0000ed40)     _vTaskSetThreadLocalStoragePointer
0000ed6b     3b5 (0000ed40)     _pvTaskGetThreadLocalStoragePointer

0000edf2     3b7 (0000edc0)     _xTaskGetCurrentTaskHandle
0000edfa     3b7 (0000edc0)     _xTaskGetSchedulerState

0000ee0b     3b8 (0000ee00)     _xTaskPriorityInherit

0000ee8a     3ba (0000ee80)     _xTaskPriorityDisinherit

0000eefc     3bb (0000eec0)     _vTaskPriorityDisinheritAfterTimeout

0000ef8d     3be (0000ef80)     _uxTaskResetEventItemValue
0000efa2     3be (0000ef80)     _pvTaskIncrementMutexHeldCount
0000efac     3be (0000ef80)     _ulTaskNotifyTake

0000efe9     3bf (0000efc0)     _xTaskNotifyWait

0000f035     3c0 (0000f000)     _xTaskGenericNotify

0000f0d0     3c3 (0000f0c0)     _xTaskGenericNotifyFromISR

0000f179     3c5 (0000f140)     _vTaskNotifyGiveFromISR

0000f1ef     3c7 (0000f1c0)     _xTaskNotifyStateClear

0000f24f     3c9 (0000f240)     __system_post_cinit

0000fd33     3f4 (0000fd00)     ___TI_printfi

00010106     404 (00010100)     _epwm_carr_getmode
00010118     404 (00010100)     _epwm_carr_trystep

00010181     406 (00010180)     _epwm_carr_set_clk

0001022a     408 (00010200)     _epwm_deadband_update

0001028b     40a (00010280)     _epwm_interrupt_handler
000102ab     40a (00010280)     _setAllEpwmStart
000102af     40a (00010280)     _setAllEpwmStop
000102b3     40a (00010280)     _setEpwmCarrierPhs

0001033e     40c (00010300)     _setEpwmCarrier

000103bd     40e (00010380)     _getEpwmCarrierDir

000103dc     40f (000103c0)     _getEpwmCarrierPrd
000103f4     40f (000103c0)     _setEpwmCmp

00010473     411 (00010440)     _setEPwmAction

00010556     415 (00010540)     _setEpwmEvent

00010589     416 (00010580)     _delEpwmEvent
000105ae     416 (00010580)     _setEpwmEventAD

000105fb     417 (000105c0)     _delEpwmEventAD

0001063a     418 (00010600)     _setEpwmDeadband

00010676     419 (00010640)     _setEpwmOutputMode

0001073d     41c (00010700)     _setEpwmOutput

00010773     41d (00010740)     _setEpwmChainSyncIn

00010794     41e (00010780)     _setEpwmChainSyncInExt
000107ad     41e (00010780)     _setEpwmSyncBypass

000107cc     41f (000107c0)     _delEpwmSyncBypass
000107eb     41f (000107c0)     _softSyncEpwm

00010812     420 (00010800)     _resetEpwm

0001085a     421 (00010840)     _dev_epwm_init

00010ae9     42b (00010ac0)     _spi_oper_chk

00010b03     42c (00010b00)     _spi_node_fifo_init
00010b20     42c (00010b00)     _spi_node_fifo_push
00010b39     42c (00010b00)     _spi_node_fifo_pop

00010b53     42d (00010b40)     _spi_node_select

00010b92     42e (00010b80)     _spi_dma_init

00010bcc     42f (00010bc0)     _spi_default
00010be9     42f (00010bc0)     _spi_buf_reset

00010c15     430 (00010c00)     _spi_reset
00010c21     430 (00010c00)     _spi_wait2send

00010c4d     431 (00010c40)     _spi_get_sendbyte

00010ca8     432 (00010c80)     _spi_dma_getdev

00010cd1     433 (00010cc0)     _spi_dma_send

[...]
0     00017631  _uartc_rx_isr_handler                 
0     00017668  _uartc_tx_isr_handler                 
0     000176ab  _spia_rx_isr_handler                  
0     000176e2  _spia_tx_isr_handler                  
0     00017722  _bsp_gpio_init                        
0     0001777f  _bsp_gpio_set                         
0     00017786  _bsp_gpio_read                        
0     0001778c  _bsp_gpio_toggle                      
0     00017798  _vsscanf                              
0     000177a8  _sscanf                               
0     00017805  _epwm1_isr_handler                    
0     00017837  _epwm2_isr_handler                    
0     00017869  _frexpl                               
0     000178c3  _vsnprintf                            
0     0001791a  _c_int00                              
0     00017970  _init_crc8                            
0     0001799f  _crc8                                 
0     000179c0  _atoi                                 
0     000179f1  _sys_tick_init                        
0     00017a07  _sys_tick                             
0     00017a20  _ltoa                                 
0     00017a4e  FD$$CMP                               
0     00017a78  L$$DIV                                
0     00017a87  L$$MOD                                
0     00017a95  UL$$DIV                               
0     00017a9c  UL$$MOD                               
0     00017aa2  C$$EXIT                               
0     00017aa2  _abort                                
0     00017aa4  _exit                                 
0     00017acb  _InitPieCtrl                          
0     00017aea  _EnableInterrupts                     
0     00017af3  _InitPieVectTable                     
0     00017b19  _copy_in                              
0     00017b3d  _copysignl                            
0     00017b61  I$$DIV                                
0     00017b72  I$$MOD                                
0     00017b83  FD$$TOI                               
0     00017ba4  FD$$TOL                               
0     00017bc3  LL$$CMP                               
0     00017bd5  ULL$$CMP                              
0     00017be1  _memcpy                               
0     00017bff  I$$TOFD                               
0     00017c1c  FS$$TOFD                              
0     00017c38  L$$TOFD                               
0     00017c54  __args_main                           
0     00017c6d  LL$$AND                               
0     00017c75  LL$$OR                                
0     00017c7d  LL$$XOR                               
0     00017c85  _bsp_reset                            
0     00017c95  _bsp_init                             
0     00017c9c  UL$$TOFD                              
0     00017cb2  LL$$MPY                               
0     00017cc6  _bsp_xbar_set_input                   
0     00017cd8  _bsp_xbar_set_output                  
0     00017cd9  _USB0DeviceIntHandler                 
0     00017ceb  ULL$$TOFS                             
0     00017cfc  _sys_reset                            
0     00017cfe  _sys_init                             
0     00017d09  _sys_schd                             
0     00017d0c  _main                                 
0     00017d1b  _IntDefaultHandler                    
0     00017d2a  FD$$SUB                               
0     00017d38  _memccpy                              
0     00017d45  _memset                               
0     00017d51  _strchr                               
0     00017d5d  _strrchr                              
0     00017d68  _dev_init                             
0     00017d71  __register_unlock                     
0     00017d75  __register_lock                       
0     00017d79  __nop                                 
0     00017d7a  FD$$NEG                               
0     00017d83  _strlen                               
0     00017d8b  _root_init                            
0     00017d8f  _root_main                            
0     00017d92  _strcpy                               
0     00017d97  _sys_fault                            
0     00017d9b  _SetDBGIER                            
0     00017da1  __system_pre_init                     
0     00017da3  ___etext__                            
0     00017da3  etext                                 
0     0003f800  _g_asIPCCPU2toCPU1Buffers             
0     0003f880  _g_usGetWriteIndexes                  
0     0003f884  _g_usPutReadIndexes                   
1     00000b00  _AdcaResultRegs                       
1     00000b20  _AdcbResultRegs                       
1     00000b40  _AdccResultRegs                       
1     00000b60  _AdcdResultRegs                       
1     00000c00  _CpuTimer0Regs                        
1     00000c08  _CpuTimer1Regs                        
1     00000c10  _CpuTimer2Regs                        
1     00000ce0  _PieCtrlRegs                          
1     00000d00  _EmuKey                               
1     00000d00  _PieVectTable                         
1     00000d01  _EmuBMode                             
1     00001000  _DmaRegs                              
1     00001400  _Cla1Regs                             
1     00004000  _EPwm1Regs                            
1     00004100  _EPwm2Regs                            
1     00004200  _EPwm3Regs                            
1     00004300  _EPwm4Regs                            
1     00004400  _EPwm5Regs                            
1     00004500  _EPwm6Regs                            
1     00004600  _EPwm7Regs                            
1     00004700  _EPwm8Regs                            
1     00004800  _EPwm9Regs                            
1     00004900  _EPwm10Regs                           
1     00004a00  _EPwm11Regs                           
1     00004b00  _EPwm12Regs                           
1     00005000  _ECap1Regs                            
1     00005020  _ECap2Regs                            
1     00005040  _ECap3Regs                            
1     00005060  _ECap4Regs                            
1     00005080  _ECap5Regs                            
1     000050a0  _ECap6Regs                            
1     00005100  _EQep1Regs                            
1     00005140  _EQep2Regs                            
1     00005180  _EQep3Regs                            
1     00005c00  _DacaRegs                             
1     00005c10  _DacbRegs                             
1     00005c20  _DaccRegs                             
1     00005c80  _Cmpss1Regs                           
1     00005ca0  _Cmpss2Regs                           
1     00005cc0  _Cmpss3Regs                           
1     00005ce0  _Cmpss4Regs                           
1     00005d00  _Cmpss5Regs                           
1     00005d20  _Cmpss6Regs                           
1     00005d40  _Cmpss7Regs                           
1     00005d60  _Cmpss8Regs                           
1     00005e00  _Sdfm1Regs                            
1     00005e80  _Sdfm2Regs                            
1     00006000  _McbspaRegs                           
1     00006040  _McbspbRegs                           
1     00006100  _SpiaRegs                             
1     00006110  _SpibRegs                             
1     00006120  _SpicRegs                             
1     00006200  _UppRegs                              
1     00007000  _WdRegs                               
1     00007060  _NmiIntruptRegs                       
1     00007070  _XintRegs                             
1     00007200  _SciaRegs                             
1     00007210  _ScibRegs                             
1     00007220  _ScicRegs                             
1     00007230  _ScidRegs                             
1     00007300  _I2caRegs                             
1     00007340  _I2cbRegs                             
1     00007400  _AdcaRegs                             
1     00007480  _AdcbRegs                             
1     00007500  _AdccRegs                             
1     00007580  _AdcdRegs                             
1     00007900  _InputXbarRegs                        
1     00007920  _XbarRegs                             
1     00007940  _SyncSocRegs                          
1     00007980  _DmaClaSrcSelRegs                     
1     00007a00  _EPwmXbarRegs                         
1     00007a80  _OutputXbarRegs                       
1     00007c00  _GpioCtrlRegs                         
1     00007f00  _GpioDataRegs                         
1     00008000  _epwm_phy_ptr                         
1     00008018  _dev_epwm_array                       
1     00008040  _epwm4                                
1     000080c0  _epwm5                                
1     00008140  _epwm2                                
1     000081c0  _epwm3                                
1     00008240  _epwm1                                
1     000082c0  _epwm10                               
1     00008340  _epwm9                                
1     000083c0  _epwm12                               
1     00008440  _epwm7                                
1     000084c0  _epwm6                                
1     00008540  _epwm11                               
1     000085c0  _epwm8                                
1     0000861e  _g_sHIDConfigHeader                   
1     00008622  _g_sHIDDescriptorSection              
1     00008626  _g_psHIDSections                      
1     0000862e  _g_pui8HIDInterface                   
1     00008637  _g_pui8MouseDescriptor                
1     00008640  _dev_dma                              
1     00008646  _dma_phy_ptr                          
1     00008652  _dev_dma_array                        
1     00008680  _dma_ch5                              
1     000086c0  _dma_ch6                              
1     00008700  _dma_ch2                              
1     00008740  _dma_ch1                              
1     00008780  _dma_ch4                              
1     000087c0  _dma_ch3                              
1     00008800  _dev_spi_array                        
1     00008800  _spib_in                              
1     00008800  _spib_out                             
1     00008800  _spic_in                              
1     00008800  _spic_out                             
1     00008806  _spi_phy_ptr                          
1     0000880c  _spi_operation                        
1     00008900  _spia_in                              
1     00008980  _spia_out                             
1     00008a00  _dev_ctrl_spib                        
1     00008a80  _dev_ctrl_spic                        
1     00008b00  _dev_ctrl_spia                        
1     00008b80  _spib                                 
1     00008c00  _spic                                 
1     00008c80  _spia                                 
1     00008ce8  _CpuTimer1                            
1     00008cf0  _CpuTimer2                            
1     00008cf8  _CpuTimer0                            
1     00008d00  _bsp_gpio_info                        
1     00008fa4  _hbridge_demo                         
1     00008fbc  __lock                                
1     00008fbe  __unlock                              
1     00008ffe  _deviceOpen                           
1     00008fff  _errno                                
1     00009000  _dev_uart_array                       
1     00009000  _uarta_in                             
1     00009000  _uarta_out                            
1     00009000  _uartb_in                             
1     00009000  _uartb_out                            
1     00009000  _uartd_in                             
1     00009000  _uartd_out                            
1     00009008  _uart_phy_ptr                         
1     00009040  _uartb                                
1     000090c0  _uarta                                
1     00009140  _uartd                                
1     000091c0  _uartc                                
1     00009240  _uartc_in                             
1     00009340  _uartc_out                            
1     000094d0  _g_pui8IADAudioDescriptor             
1     000094d8  _g_psAudioSections                    
1     000094fc  _g_sAudioConfigSection                
1     00009500  _comtest_err_test                     
1     00009540  _comtest_bash                         
1     00009580  _comtest_ctrl                         
1     0000979a  _g_sDFUConfigHeader                   
1     0000979e  _g_psDFUSections                      
1     000097a4  _g_pui8DFUInterface                   
1     000097ad  _g_pui8DFUFunctionalDesc              
1     000097b6  _g_pui8DFUConfigDescriptor            
1     000097f3  _optopt                               
1     000097f5  _opterr                               
1     000097fa  _optind                               
1     000097fc  _optarg                               
1     00009800  _stdio_dev                            
1     00009840  _std_out                              
1     00009a00  _std_in                               
1     00009bba  _tempSensor_tempOffset                
1     00009bbc  _tempSensor_scaleFactor               
1     00009bbe  _tempSensor_tempSlope                 
1     00009f4e  _g_psCDCSerSections                   
1     00009f54  _g_psCDCCompSerSections               
1     00009f5c  _g_pui8IADSerDescriptor               
1     00009f64  _g_pui8CDCSerDescriptor               
1     00009f6d  _g_pui8CDCSerDeviceDescriptor         
1     00009f80  _g_ppsDevInfo                         
1     00009f84  _g_psDCDInst                          
1     0000a000  _manual_reinit                        
1     0000a001  _argc                                 
1     0000a002  _argv_buf                             
1     0000a040  _getoptbuf                            
1     0000a1fa  _ulTaskHasFPUContext                  
1     0000a1fc  _ulSecureNesting                      
1     0000a1fe  _ulCriticalNesting                    
1     0000a200  _timer0_ptr                           
1     0000a202  _timer1_ptr                           
1     0000a204  _timer2_ptr                           
1     0000a206  _timer_phy_ptr                        
1     0000a20c  _dev_timer_array                      
1     0000a240  _timer2                               
1     0000a2c0  _timer0                               
1     0000a340  _timer1                               
1     0000a39e  _g_psBulkSections                     
1     0000a3a2  _g_pui8BulkDescriptor                 
1     0000a3ab  _g_pui8BulkDeviceDescriptor           
1     0000a3c0  _made_crc8_table                      
1     0000a400  _crc8_table                           
1     0000a500  _ad_sampled_ptr                       
1     0000a540  _ad_sampled                           
1     0000a5e0  _g_bUSBTimerInitialized               
1     0000a5e2  _g_ui32CurrentUSBTick                 
1     0000a5e4  _g_ui32USBSOFCount                    
1     0000a5e6  _g_pfnTickHandlers                    
1     0000a5f2  _g_pvTickInstance                     
1     0000a68c  _xQueueRegistry                       
1     0000a6b5  _g_iUSBMode                           
1     0000a6b6  _g_eOTGModeState                      
1     0000a6ba  _g_ui32PollRate                       
1     0000a6bc  _g_ui32WaitTicks                      
1     0000a6d0  _pxCurrentTCB                         
1     0000a73c  _g_sAudioControlInterfaceSection      
1     0000a7bc  _g_sAudioStreamInterfaceSection       
1     0000a7e4  _g_ppCompConfigDescriptors            
1     0000a7f8  _bsp_clk_info                         
1     0000a800  _SCI                                  
1     0000a804  _MCBSP                                
1     0000a808  _I2C                                  
1     0000a80c  _SDFM                                 
1     0000a812  _EQEP                                 
1     0000a81a  _SPI                                  
1     0000a822  _ADC                                  
1     0000a82c  _ECAP                                 
1     0000a840  _EPWM                                 
1     0000a85a  _TRIP_SEL                             
1     0000a878  ___TI_enable_exit_profile_output      
1     0000a87a  ___TI_cleanup_ptr                     
1     0000a87c  ___TI_dtors_ptr                       
1     0000a880  _g_pui8HIDDeviceDescriptor            
1     0000ab16  _PieVectTableInit                     
1     0000acd6  __ctypes_                             
1     0000affc  _g_sBulkConfigSection                 
1     0000b800  __stack                               
1     0000c000  __STACK_END                           
1     0001810c  _g_pui8AudioControlInterface          
1     00018140  _g_pui8AudioStreamInterface           
1     0001823c  _g_pui8CDCSerCommInterface            
1     00018296  _g_pui8BulkInterface                  
1     000182ad  _g_pui8CDCSerDataInterface            
1     00018334  _g_pui8HIDInEndpoint                  
1     0001834e  _g_sBulkInterfaceSection              
1     00018352  _g_sCDCSerCommInterfaceSection        
1     00018356  _g_sCDCSerConfigSection               
1     0001835a  _g_sCDCSerDataInterfaceSection        
1     0001835e  _g_sDFUConfigSection                  
1     00018362  _g_sDFUFunctionalDescSection          
1     00018366  _g_sDFUInterfaceSection               
1     0001836e  _g_sHIDConfigSection                  
1     00018376  _g_sHIDInEndpointSection              
1     0001837e  _g_sHIDInterfaceSection               
1     00018386  _g_sIADAudioConfigSection             
1     0001838a  _g_sIADSerConfigSection               
1     0003fc00  _g_asIPCCPU1toCPU2Buffers             
1     0003fc80  _g_usPutWriteIndexes                  
1     0003fc84  _g_usGetReadIndexes                   
1     00047000  _Emif1Regs                            
1     00047800  _Emif2Regs                            
1     00048000  _CanaRegs                             
1     0004a000  _CanbRegs                             
1     00050000  _IpcRegs                              
1     00050024  _FlashPumpSemaphoreRegs               
1     0005d000  _DevCfgRegs                           
1     0005d180  _AnalogSubsysRegs                     
1     0005d200  _ClkCfgRegs                           
1     0005d300  _CpuSysRegs                           
1     0005e608  _RomPrefetchRegs                      
1     0005f000  _DcsmZ1Regs                           
1     0005f040  _DcsmZ2Regs                           
1     0005f070  _DcsmCommonRegs                       
1     0005f400  _MemCfgRegs                           
1     0005f480  _Emif1ConfigRegs                      
1     0005f4a0  _Emif2ConfigRegs                      
1     0005f4c0  _AccessProtectionRegs                 
1     0005f500  _MemoryErrorRegs                      
1     0005f540  _RomWaitStateRegs                     
1     0005f800  _Flash0CtrlRegs                       
1     0005fb00  _Flash0EccRegs                        
1     00078000  _DcsmZ1Otp                            
1     00078200  _DcsmZ2Otp                            
abs   00000800  __STACK_SIZE                          
abs   ffffffff  ___TI_pprof_out_hndl                  
abs   ffffffff  ___TI_prof_data_size                  
abs   ffffffff  ___TI_prof_data_start                 
abs   ffffffff  ___binit__                            
abs   ffffffff  ___c_args__                           
abs   ffffffff  ___cinit__                            
abs   ffffffff  ___pinit__                            
abs   ffffffff  binit                                 
abs   ffffffff  cinit                                 
abs   ffffffff  pinit                                 

[981 symbols]
