<?xml version="1.0"?>
<link_info>
   <banner>TMS320C2000 Linker Unix v16.9.4.LTS</banner>
   <copyright>Copyright (c) 1996-2017 Texas Instruments Incorporated</copyright>
   <link_time>0x5b830dfc</link_time>
   <link_errors>0x0</link_errors>
   <output_file>Pro_test.out</output_file>
   <entry_point>
      <name>code_start</name>
      <address>0x0</address>
   </entry_point>
   <input_file_list>
      <input_file id="fl-2">
         <path>./src/bsp/boot/</path>
         <kind>object</kind>
         <file>F2837xD_CodeStartBranch.obj</file>
         <name>F2837xD_CodeStartBranch.obj</name>
      </input_file>
      <input_file id="fl-3">
         <path>./src/bsp/</path>
         <kind>object</kind>
         <file>bsp_clk.obj</file>
         <name>bsp_clk.obj</name>
      </input_file>
      <input_file id="fl-4">
         <path>./src/bsp/</path>
         <kind>object</kind>
         <file>bsp_dma.obj</file>
         <name>bsp_dma.obj</name>
      </input_file>
      <input_file id="fl-5">
         <path>./src/bsp/</path>
         <kind>object</kind>
         <file>bsp_epwm.obj</file>
         <name>bsp_epwm.obj</name>
      </input_file>
      <input_file id="fl-6">
         <path>./src/bsp/</path>
         <kind>object</kind>
         <file>bsp_gpio.obj</file>
         <name>bsp_gpio.obj</name>
      </input_file>
      <input_file id="fl-7">
         <path>./src/bsp/</path>
         <kind>object</kind>
         <file>bsp_init.obj</file>
         <name>bsp_init.obj</name>
      </input_file>
      <input_file id="fl-8">
         <path>./src/bsp/</path>
         <kind>object</kind>
         <file>bsp_spi.obj</file>
         <name>bsp_spi.obj</name>
      </input_file>
      <input_file id="fl-9">
         <path>./src/bsp/</path>
         <kind>object</kind>
         <file>bsp_timer.obj</file>
         <name>bsp_timer.obj</name>
      </input_file>
      <input_file id="fl-a">
         <path>./src/bsp/</path>
         <kind>object</kind>
         <file>bsp_uart.obj</file>
         <name>bsp_uart.obj</name>
      </input_file>
      <input_file id="fl-b">
         <path>./src/bsp/</path>
         <kind>object</kind>
         <file>bsp_xbar.obj</file>
         <name>bsp_xbar.obj</name>
      </input_file>
      <input_file id="fl-c">
         <path>./src/bsp/</path>
         <kind>object</kind>
         <file>cpu_isr.obj</file>
         <name>cpu_isr.obj</name>
      </input_file>
      <input_file id="fl-d">
         <path>./src/bsp/</path>
         <kind>object</kind>
         <file>main.obj</file>
         <name>main.obj</name>
      </input_file>
      <input_file id="fl-e">
         <path>./src/bsp/drv/</path>
         <kind>object</kind>
         <file>F2837xD_Adc.obj</file>
         <name>F2837xD_Adc.obj</name>
      </input_file>
      <input_file id="fl-f">
         <path>./src/bsp/drv/</path>
         <kind>object</kind>
         <file>F2837xD_CpuTimers.obj</file>
         <name>F2837xD_CpuTimers.obj</name>
      </input_file>
      <input_file id="fl-10">
         <path>./src/bsp/drv/</path>
         <kind>object</kind>
         <file>F2837xD_DBGIER.obj</file>
         <name>F2837xD_DBGIER.obj</name>
      </input_file>
      <input_file id="fl-11">
         <path>./src/bsp/drv/</path>
         <kind>object</kind>
         <file>F2837xD_Dma.obj</file>
         <name>F2837xD_Dma.obj</name>
      </input_file>
      <input_file id="fl-12">
         <path>./src/bsp/drv/</path>
         <kind>object</kind>
         <file>F2837xD_ECap.obj</file>
         <name>F2837xD_ECap.obj</name>
      </input_file>
      <input_file id="fl-13">
         <path>./src/bsp/drv/</path>
         <kind>object</kind>
         <file>F2837xD_EPwm.obj</file>
         <name>F2837xD_EPwm.obj</name>
      </input_file>
      <input_file id="fl-14">
         <path>./src/bsp/drv/</path>
         <kind>object</kind>
         <file>F2837xD_EQep.obj</file>
         <name>F2837xD_EQep.obj</name>
      </input_file>
      <input_file id="fl-15">
         <path>./src/bsp/drv/</path>
         <kind>object</kind>
         <file>F2837xD_Emif.obj</file>
         <name>F2837xD_Emif.obj</name>
      </input_file>
      <input_file id="fl-16">
         <path>./src/bsp/drv/</path>
         <kind>object</kind>
         <file>F2837xD_GlobalVariableDefs.obj</file>
         <name>F2837xD_GlobalVariableDefs.obj</name>
      </input_file>
      <input_file id="fl-17">
         <path>./src/bsp/drv/</path>
         <kind>object</kind>
         <file>F2837xD_Gpio.obj</file>
         <name>F2837xD_Gpio.obj</name>
      </input_file>
      <input_file id="fl-18">
         <path>./src/bsp/drv/</path>
         <kind>object</kind>
         <file>F2837xD_I2C.obj</file>
         <name>F2837xD_I2C.obj</name>
      </input_file>
      <input_file id="fl-19">
         <path>./src/bsp/drv/</path>
         <kind>object</kind>
         <file>F2837xD_Ipc.obj</file>
         <name>F2837xD_Ipc.obj</name>
      </input_file>
      <input_file id="fl-1a">
         <path>./src/bsp/drv/</path>
         <kind>object</kind>
         <file>F2837xD_Ipc_Driver.obj</file>
         <name>F2837xD_Ipc_Driver.obj</name>
      </input_file>
      <input_file id="fl-1b">
         <path>./src/bsp/drv/</path>
         <kind>object</kind>
         <file>F2837xD_Ipc_Driver_Lite.obj</file>
         <name>F2837xD_Ipc_Driver_Lite.obj</name>
      </input_file>
      <input_file id="fl-1c">
         <path>./src/bsp/drv/</path>
         <kind>object</kind>
         <file>F2837xD_Ipc_Driver_Util.obj</file>
         <name>F2837xD_Ipc_Driver_Util.obj</name>
      </input_file>
      <input_file id="fl-1d">
         <path>./src/bsp/drv/</path>
         <kind>object</kind>
         <file>F2837xD_Mcbsp.obj</file>
         <name>F2837xD_Mcbsp.obj</name>
      </input_file>
      <input_file id="fl-1e">
         <path>./src/bsp/drv/</path>
         <kind>object</kind>
         <file>F2837xD_PieCtrl.obj</file>
         <name>F2837xD_PieCtrl.obj</name>
      </input_file>
      <input_file id="fl-1f">
         <path>./src/bsp/drv/</path>
         <kind>object</kind>
         <file>F2837xD_PieVect.obj</file>
         <name>F2837xD_PieVect.obj</name>
      </input_file>
      <input_file id="fl-20">
         <path>./src/bsp/drv/</path>
         <kind>object</kind>
         <file>F2837xD_Sci.obj</file>
         <name>F2837xD_Sci.obj</name>
      </input_file>
      <input_file id="fl-21">
         <path>./src/bsp/drv/</path>
         <kind>object</kind>
         <file>F2837xD_Spi.obj</file>
         <name>F2837xD_Spi.obj</name>
      </input_file>
      <input_file id="fl-22">
         <path>./src/bsp/drv/</path>
         <kind>object</kind>
         <file>F2837xD_SysCtrl.obj</file>
         <name>F2837xD_SysCtrl.obj</name>
      </input_file>
      <input_file id="fl-23">
         <path>./src/bsp/drv/</path>
         <kind>object</kind>
         <file>F2837xD_TempSensorConv.obj</file>
         <name>F2837xD_TempSensorConv.obj</name>
      </input_file>
      <input_file id="fl-24">
         <path>./src/bsp/drv/</path>
         <kind>object</kind>
         <file>F2837xD_Upp.obj</file>
         <name>F2837xD_Upp.obj</name>
      </input_file>
      <input_file id="fl-25">
         <path>./src/bsp/drv/</path>
         <kind>object</kind>
         <file>F2837xD_can.obj</file>
         <name>F2837xD_can.obj</name>
      </input_file>
      <input_file id="fl-26">
         <path>./src/bsp/drv/</path>
         <kind>object</kind>
         <file>F2837xD_sci_io.obj</file>
         <name>F2837xD_sci_io.obj</name>
      </input_file>
      <input_file id="fl-27">
         <path>./src/bsp/drv/</path>
         <kind>object</kind>
         <file>F2837xD_sdfm_drivers.obj</file>
         <name>F2837xD_sdfm_drivers.obj</name>
      </input_file>
      <input_file id="fl-28">
         <path>./src/bsp/drv/</path>
         <kind>object</kind>
         <file>F2837xD_struct.obj</file>
         <name>F2837xD_struct.obj</name>
      </input_file>
      <input_file id="fl-29">
         <path>./src/bsp/drv/</path>
         <kind>object</kind>
         <file>F2837xD_usDelay.obj</file>
         <name>F2837xD_usDelay.obj</name>
      </input_file>
      <input_file id="fl-2a">
         <path>./src/bsp/drv/driverlib/</path>
         <kind>object</kind>
         <file>can.obj</file>
         <name>can.obj</name>
      </input_file>
      <input_file id="fl-2b">
         <path>./src/bsp/drv/driverlib/</path>
         <kind>object</kind>
         <file>interrupt.obj</file>
         <name>interrupt.obj</name>
      </input_file>
      <input_file id="fl-2c">
         <path>./src/bsp/drv/driverlib/</path>
         <kind>object</kind>
         <file>sysctl.obj</file>
         <name>sysctl.obj</name>
      </input_file>
      <input_file id="fl-2d">
         <path>./src/bsp/drv/driverlib/</path>
         <kind>object</kind>
         <file>systick.obj</file>
         <name>systick.obj</name>
      </input_file>
      <input_file id="fl-2e">
         <path>./src/bsp/drv/driverlib/</path>
         <kind>object</kind>
         <file>uart.obj</file>
         <name>uart.obj</name>
      </input_file>
      <input_file id="fl-2f">
         <path>./src/bsp/drv/driverlib/</path>
         <kind>object</kind>
         <file>usb.obj</file>
         <name>usb.obj</name>
      </input_file>
      <input_file id="fl-30">
         <path>./src/bsp/drv/driverlib/</path>
         <kind>object</kind>
         <file>usb_hal.obj</file>
         <name>usb_hal.obj</name>
      </input_file>
      <input_file id="fl-31">
         <path>./src/bsp/drv/usblib/device/</path>
         <kind>object</kind>
         <file>usbdaudio.obj</file>
         <name>usbdaudio.obj</name>
      </input_file>
      <input_file id="fl-32">
         <path>./src/bsp/drv/usblib/device/</path>
         <kind>object</kind>
         <file>usbdbulk.obj</file>
         <name>usbdbulk.obj</name>
      </input_file>
      <input_file id="fl-33">
         <path>./src/bsp/drv/usblib/device/</path>
         <kind>object</kind>
         <file>usbdcdc.obj</file>
         <name>usbdcdc.obj</name>
      </input_file>
      <input_file id="fl-34">
         <path>./src/bsp/drv/usblib/device/</path>
         <kind>object</kind>
         <file>usbdcdesc.obj</file>
         <name>usbdcdesc.obj</name>
      </input_file>
      <input_file id="fl-35">
         <path>./src/bsp/drv/usblib/device/</path>
         <kind>object</kind>
         <file>usbdcomp.obj</file>
         <name>usbdcomp.obj</name>
      </input_file>
      <input_file id="fl-36">
         <path>./src/bsp/drv/usblib/device/</path>
         <kind>object</kind>
         <file>usbdconfig.obj</file>
         <name>usbdconfig.obj</name>
      </input_file>
      <input_file id="fl-37">
         <path>./src/bsp/drv/usblib/device/</path>
         <kind>object</kind>
         <file>usbddfu-rt.obj</file>
         <name>usbddfu-rt.obj</name>
      </input_file>
      <input_file id="fl-38">
         <path>./src/bsp/drv/usblib/device/</path>
         <kind>object</kind>
         <file>usbdenum.obj</file>
         <name>usbdenum.obj</name>
      </input_file>
      <input_file id="fl-39">
         <path>./src/bsp/drv/usblib/device/</path>
         <kind>object</kind>
         <file>usbdhandler.obj</file>
         <name>usbdhandler.obj</name>
      </input_file>
      <input_file id="fl-3a">
         <path>./src/bsp/drv/usblib/device/</path>
         <kind>object</kind>
         <file>usbdhid.obj</file>
         <name>usbdhid.obj</name>
      </input_file>
      <input_file id="fl-3b">
         <path>./src/bsp/drv/usblib/device/</path>
         <kind>object</kind>
         <file>usbdhidkeyb.obj</file>
         <name>usbdhidkeyb.obj</name>
      </input_file>
      <input_file id="fl-3c">
         <path>./src/bsp/drv/usblib/device/</path>
         <kind>object</kind>
         <file>usbdhidmouse.obj</file>
         <name>usbdhidmouse.obj</name>
      </input_file>
      <input_file id="fl-3d">
         <path>./src/bsp/drv/usblib/host/</path>
         <kind>object</kind>
         <file>usbhaudio.obj</file>
         <name>usbhaudio.obj</name>
      </input_file>
      <input_file id="fl-3e">
         <path>./src/bsp/drv/usblib/host/</path>
         <kind>object</kind>
         <file>usbhhid.obj</file>
         <name>usbhhid.obj</name>
      </input_file>
      <input_file id="fl-3f">
         <path>./src/bsp/drv/usblib/host/</path>
         <kind>object</kind>
         <file>usbhhidkeyboard.obj</file>
         <name>usbhhidkeyboard.obj</name>
      </input_file>
      <input_file id="fl-40">
         <path>./src/bsp/drv/usblib/host/</path>
         <kind>object</kind>
         <file>usbhhidmouse.obj</file>
         <name>usbhhidmouse.obj</name>
      </input_file>
      <input_file id="fl-41">
         <path>./src/bsp/drv/usblib/host/</path>
         <kind>object</kind>
         <file>usbhhub.obj</file>
         <name>usbhhub.obj</name>
      </input_file>
      <input_file id="fl-42">
         <path>./src/bsp/drv/usblib/host/</path>
         <kind>object</kind>
         <file>usbhmsc.obj</file>
         <name>usbhmsc.obj</name>
      </input_file>
      <input_file id="fl-43">
         <path>./src/bsp/drv/usblib/host/</path>
         <kind>object</kind>
         <file>usbhostenum.obj</file>
         <name>usbhostenum.obj</name>
      </input_file>
      <input_file id="fl-44">
         <path>./src/bsp/drv/usblib/host/</path>
         <kind>object</kind>
         <file>usbhscsi.obj</file>
         <name>usbhscsi.obj</name>
      </input_file>
      <input_file id="fl-45">
         <path>./src/bsp/drv/usblib/</path>
         <kind>object</kind>
         <file>usbbuffer.obj</file>
         <name>usbbuffer.obj</name>
      </input_file>
      <input_file id="fl-46">
         <path>./src/bsp/drv/usblib/</path>
         <kind>object</kind>
         <file>usbdesc.obj</file>
         <name>usbdesc.obj</name>
      </input_file>
      <input_file id="fl-47">
         <path>./src/bsp/drv/usblib/</path>
         <kind>object</kind>
         <file>usbdma.obj</file>
         <name>usbdma.obj</name>
      </input_file>
      <input_file id="fl-48">
         <path>./src/bsp/drv/usblib/</path>
         <kind>object</kind>
         <file>usbkeyboardmap.obj</file>
         <name>usbkeyboardmap.obj</name>
      </input_file>
      <input_file id="fl-49">
         <path>./src/bsp/drv/usblib/</path>
         <kind>object</kind>
         <file>usbmode.obj</file>
         <name>usbmode.obj</name>
      </input_file>
      <input_file id="fl-4a">
         <path>./src/bsp/drv/usblib/</path>
         <kind>object</kind>
         <file>usbringbuf.obj</file>
         <name>usbringbuf.obj</name>
      </input_file>
      <input_file id="fl-4b">
         <path>./src/bsp/drv/usblib/</path>
         <kind>object</kind>
         <file>usbtick.obj</file>
         <name>usbtick.obj</name>
      </input_file>
      <input_file id="fl-4c">
         <path>./src/bsp/utils/</path>
         <kind>object</kind>
         <file>dev_dma.obj</file>
         <name>dev_dma.obj</name>
      </input_file>
      <input_file id="fl-4d">
         <path>./src/bsp/utils/</path>
         <kind>object</kind>
         <file>dev_epwm.obj</file>
         <name>dev_epwm.obj</name>
      </input_file>
      <input_file id="fl-4e">
         <path>./src/bsp/utils/</path>
         <kind>object</kind>
         <file>dev_init.obj</file>
         <name>dev_init.obj</name>
      </input_file>
      <input_file id="fl-4f">
         <path>./src/bsp/utils/</path>
         <kind>object</kind>
         <file>dev_spi.obj</file>
         <name>dev_spi.obj</name>
      </input_file>
      <input_file id="fl-50">
         <path>./src/bsp/utils/</path>
         <kind>object</kind>
         <file>dev_timer.obj</file>
         <name>dev_timer.obj</name>
      </input_file>
      <input_file id="fl-51">
         <path>./src/bsp/utils/</path>
         <kind>object</kind>
         <file>dev_uart.obj</file>
         <name>dev_uart.obj</name>
      </input_file>
      <input_file id="fl-52">
         <path>./src/bsp/utils/</path>
         <kind>object</kind>
         <file>io.obj</file>
         <name>io.obj</name>
      </input_file>
      <input_file id="fl-53">
         <path>./src/core1/app/</path>
         <kind>object</kind>
         <file>comtest.obj</file>
         <name>comtest.obj</name>
      </input_file>
      <input_file id="fl-54">
         <path>./src/core1/app/</path>
         <kind>object</kind>
         <file>root.obj</file>
         <name>root.obj</name>
      </input_file>
      <input_file id="fl-55">
         <path>./src/core1/app/</path>
         <kind>object</kind>
         <file>shell.obj</file>
         <name>shell.obj</name>
      </input_file>
      <input_file id="fl-56">
         <path>./src/core1/app/</path>
         <kind>object</kind>
         <file>spitest.obj</file>
         <name>spitest.obj</name>
      </input_file>
      <input_file id="fl-57">
         <path>./src/core1/cla1/</path>
         <kind>object</kind>
         <file>cla1_isr.obj</file>
         <name>cla1_isr.obj</name>
      </input_file>
      <input_file id="fl-58">
         <path>./src/core1/os/</path>
         <kind>object</kind>
         <file>croutine.obj</file>
         <name>croutine.obj</name>
      </input_file>
      <input_file id="fl-59">
         <path>./src/core1/os/</path>
         <kind>object</kind>
         <file>event_groups.obj</file>
         <name>event_groups.obj</name>
      </input_file>
      <input_file id="fl-5a">
         <path>./src/core1/os/</path>
         <kind>object</kind>
         <file>list.obj</file>
         <name>list.obj</name>
      </input_file>
      <input_file id="fl-5b">
         <path>./src/core1/os/</path>
         <kind>object</kind>
         <file>port.obj</file>
         <name>port.obj</name>
      </input_file>
      <input_file id="fl-5c">
         <path>./src/core1/os/</path>
         <kind>object</kind>
         <file>portASM.obj</file>
         <name>portASM.obj</name>
      </input_file>
      <input_file id="fl-5d">
         <path>./src/core1/os/</path>
         <kind>object</kind>
         <file>queue.obj</file>
         <name>queue.obj</name>
      </input_file>
      <input_file id="fl-5e">
         <path>./src/core1/os/</path>
         <kind>object</kind>
         <file>stream_buffer.obj</file>
         <name>stream_buffer.obj</name>
      </input_file>
      <input_file id="fl-5f">
         <path>./src/core1/os/</path>
         <kind>object</kind>
         <file>tasks.obj</file>
         <name>tasks.obj</name>
      </input_file>
      <input_file id="fl-60">
         <path>./src/core1/os/</path>
         <kind>object</kind>
         <file>timers.obj</file>
         <name>timers.obj</name>
      </input_file>
      <input_file id="fl-61">
         <path>./src/core1/sys/</path>
         <kind>object</kind>
         <file>sys_fault.obj</file>
         <name>sys_fault.obj</name>
      </input_file>
      <input_file id="fl-62">
         <path>./src/core1/sys/</path>
         <kind>object</kind>
         <file>sys_schd.obj</file>
         <name>sys_schd.obj</name>
      </input_file>
      <input_file id="fl-63">
         <path>./src/core1/sys/</path>
         <kind>object</kind>
         <file>sys_std.obj</file>
         <name>sys_std.obj</name>
      </input_file>
      <input_file id="fl-64">
         <path>./src/core1/sys/</path>
         <kind>object</kind>
         <file>sys_tick.obj</file>
         <name>sys_tick.obj</name>
      </input_file>
      <input_file id="fl-65">
         <path>./src/lib/</path>
         <kind>object</kind>
         <file>crc.obj</file>
         <name>crc.obj</name>
      </input_file>
      <input_file id="fl-66">
         <path>./src/lib/</path>
         <kind>object</kind>
         <file>cstruct.obj</file>
         <name>cstruct.obj</name>
      </input_file>
      <input_file id="fl-67">
         <path>./src/lib/</path>
         <kind>object</kind>
         <file>echotest.obj</file>
         <name>echotest.obj</name>
      </input_file>
      <input_file id="fl-68">
         <path>./src/lib/getopt/</path>
         <kind>object</kind>
         <file>getopt.obj</file>
         <name>getopt.obj</name>
      </input_file>
      <input_file id="fl-69">
         <path>./src/lib/getopt/</path>
         <kind>object</kind>
         <file>getoptbuf.obj</file>
         <name>getoptbuf.obj</name>
      </input_file>
      <input_file id="fl-6a">
         <path>./src/lib/tshell/</path>
         <kind>object</kind>
         <file>tshell.obj</file>
         <name>tshell.obj</name>
      </input_file>
      <input_file id="fl-6b">
         <path>./src/lib/tshell/</path>
         <kind>object</kind>
         <file>tshport.obj</file>
         <name>tshport.obj</name>
      </input_file>
      <input_file id="fl-74">
         <kind>object</kind>
         <file>&lt;internal&gt;</file>
         <name>&lt;internal&gt;</name>
      </input_file>
      <input_file id="fl-75">
         <path>/home/cg/Work/McMaster/Prj_TMS320F28379D/Prj_Controller/src/lib/TI/</path>
         <kind>archive</kind>
         <file>rts2800_fpu32.lib</file>
         <name>boot28.obj</name>
      </input_file>
      <input_file id="fl-76">
         <path>/home/cg/Work/McMaster/Prj_TMS320F28379D/Prj_Controller/src/lib/TI/</path>
         <kind>archive</kind>
         <file>rts2800_fpu32.lib</file>
         <name>cpy_tbl.obj</name>
      </input_file>
      <input_file id="fl-77">
         <path>/home/cg/Work/McMaster/Prj_TMS320F28379D/Prj_Controller/src/lib/TI/</path>
         <kind>archive</kind>
         <file>rts2800_fpu32.lib</file>
         <name>exit.obj</name>
      </input_file>
      <input_file id="fl-78">
         <path>/home/cg/Work/McMaster/Prj_TMS320F28379D/Prj_Controller/src/lib/TI/</path>
         <kind>archive</kind>
         <file>rts2800_fpu32.lib</file>
         <name>fd_div28.obj</name>
      </input_file>
      <input_file id="fl-79">
         <path>/home/cg/Work/McMaster/Prj_TMS320F28379D/Prj_Controller/src/lib/TI/</path>
         <kind>archive</kind>
         <file>rts2800_fpu32.lib</file>
         <name>fd_mpy28.obj</name>
      </input_file>
      <input_file id="fl-7a">
         <path>/home/cg/Work/McMaster/Prj_TMS320F28379D/Prj_Controller/src/lib/TI/</path>
         <kind>archive</kind>
         <file>rts2800_fpu32.lib</file>
         <name>fd_sub28.obj</name>
      </input_file>
      <input_file id="fl-7b">
         <path>/home/cg/Work/McMaster/Prj_TMS320F28379D/Prj_Controller/src/lib/TI/</path>
         <kind>archive</kind>
         <file>rts2800_fpu32.lib</file>
         <name>fd_tol28.obj</name>
      </input_file>
      <input_file id="fl-7c">
         <path>/home/cg/Work/McMaster/Prj_TMS320F28379D/Prj_Controller/src/lib/TI/</path>
         <kind>archive</kind>
         <file>rts2800_fpu32.lib</file>
         <name>fs_toullfpu32.obj</name>
      </input_file>
      <input_file id="fl-7d">
         <path>/home/cg/Work/McMaster/Prj_TMS320F28379D/Prj_Controller/src/lib/TI/</path>
         <kind>archive</kind>
         <file>rts2800_fpu32.lib</file>
         <name>ll_aox28.obj</name>
      </input_file>
      <input_file id="fl-7e">
         <path>/home/cg/Work/McMaster/Prj_TMS320F28379D/Prj_Controller/src/lib/TI/</path>
         <kind>archive</kind>
         <file>rts2800_fpu32.lib</file>
         <name>ll_cmp28.obj</name>
      </input_file>
      <input_file id="fl-7f">
         <path>/home/cg/Work/McMaster/Prj_TMS320F28379D/Prj_Controller/src/lib/TI/</path>
         <kind>archive</kind>
         <file>rts2800_fpu32.lib</file>
         <name>ll_div28.obj</name>
      </input_file>
      <input_file id="fl-80">
         <path>/home/cg/Work/McMaster/Prj_TMS320F28379D/Prj_Controller/src/lib/TI/</path>
         <kind>archive</kind>
         <file>rts2800_fpu32.lib</file>
         <name>ll_mpy28.obj</name>
      </input_file>
      <input_file id="fl-81">
         <path>/home/cg/Work/McMaster/Prj_TMS320F28379D/Prj_Controller/src/lib/TI/</path>
         <kind>archive</kind>
         <file>rts2800_fpu32.lib</file>
         <name>memcpy.obj</name>
      </input_file>
      <input_file id="fl-82">
         <path>/home/cg/Work/McMaster/Prj_TMS320F28379D/Prj_Controller/src/lib/TI/</path>
         <kind>archive</kind>
         <file>rts2800_fpu32.lib</file>
         <name>memmov.obj</name>
      </input_file>
      <input_file id="fl-83">
         <path>/home/cg/Work/McMaster/Prj_TMS320F28379D/Prj_Controller/src/lib/TI/</path>
         <kind>archive</kind>
         <file>rts2800_fpu32.lib</file>
         <name>memset.obj</name>
      </input_file>
      <input_file id="fl-84">
         <path>/home/cg/Work/McMaster/Prj_TMS320F28379D/Prj_Controller/src/lib/TI/</path>
         <kind>archive</kind>
         <file>rts2800_fpu32.lib</file>
         <name>pre_init.obj</name>
      </input_file>
      <input_file id="fl-85">
         <path>/home/cg/Work/McMaster/Prj_TMS320F28379D/Prj_Controller/src/lib/TI/</path>
         <kind>archive</kind>
         <file>rts2800_fpu32.lib</file>
         <name>sscanf.obj</name>
      </input_file>
      <input_file id="fl-86">
         <path>/home/cg/Work/McMaster/Prj_TMS320F28379D/Prj_Controller/src/lib/TI/</path>
         <kind>archive</kind>
         <file>rts2800_fpu32.lib</file>
         <name>startup.obj</name>
      </input_file>
      <input_file id="fl-87">
         <path>/home/cg/Work/McMaster/Prj_TMS320F28379D/Prj_Controller/src/lib/TI/</path>
         <kind>archive</kind>
         <file>rts2800_fpu32.lib</file>
         <name>strchr.obj</name>
      </input_file>
      <input_file id="fl-88">
         <path>/home/cg/Work/McMaster/Prj_TMS320F28379D/Prj_Controller/src/lib/TI/</path>
         <kind>archive</kind>
         <file>rts2800_fpu32.lib</file>
         <name>strcmp.obj</name>
      </input_file>
      <input_file id="fl-89">
         <path>/home/cg/Work/McMaster/Prj_TMS320F28379D/Prj_Controller/src/lib/TI/</path>
         <kind>archive</kind>
         <file>rts2800_fpu32.lib</file>
         <name>strcpy.obj</name>
      </input_file>
      <input_file id="fl-8a">
         <path>/home/cg/Work/McMaster/Prj_TMS320F28379D/Prj_Controller/src/lib/TI/</path>
         <kind>archive</kind>
         <file>rts2800_fpu32.lib</file>
         <name>strlen.obj</name>
      </input_file>
      <input_file id="fl-8b">
         <path>/home/cg/Work/McMaster/Prj_TMS320F28379D/Prj_Controller/src/lib/TI/</path>
         <kind>archive</kind>
         <file>rts2800_fpu32.lib</file>
         <name>strncmp.obj</name>
      </input_file>
      <input_file id="fl-8c">
         <path>/home/cg/Work/McMaster/Prj_TMS320F28379D/Prj_Controller/src/lib/TI/</path>
         <kind>archive</kind>
         <file>rts2800_fpu32.lib</file>
         <name>ul_tofd28.obj</name>
      </input_file>
      <input_file id="fl-8d">
         <path>/home/cg/Work/McMaster/Prj_TMS320F28379D/Prj_Controller/src/lib/TI/</path>
         <kind>archive</kind>
         <file>rts2800_fpu32.lib</file>
         <name>ull_tofsfpu32.obj</name>
      </input_file>
      <input_file id="fl-8e">
         <path>/home/cg/Work/McMaster/Prj_TMS320F28379D/Prj_Controller/src/lib/TI/</path>
         <kind>archive</kind>
         <file>rts2800_fpu32.lib</file>
         <name>vsnprintf.obj</name>
      </input_file>
      <input_file id="fl-8f">
         <path>/home/cg/Work/McMaster/Prj_TMS320F28379D/Prj_Controller/src/lib/TI/</path>
         <kind>archive</kind>
         <file>rts2800_fpu32.lib</file>
         <name>_lock.obj</name>
      </input_file>
      <input_file id="fl-90">
         <path>/home/cg/Work/McMaster/Prj_TMS320F28379D/Prj_Controller/src/lib/TI/</path>
         <kind>archive</kind>
         <file>rts2800_fpu32.lib</file>
         <name>_printfi.obj</name>
      </input_file>
      <input_file id="fl-91">
         <path>/home/cg/Work/McMaster/Prj_TMS320F28379D/Prj_Controller/src/lib/TI/</path>
         <kind>archive</kind>
         <file>rts2800_fpu32.lib</file>
         <name>_scanfi.obj</name>
      </input_file>
      <input_file id="fl-92">
         <path>/home/cg/Work/McMaster/Prj_TMS320F28379D/Prj_Controller/src/lib/TI/</path>
         <kind>archive</kind>
         <file>rts2800_fpu32.lib</file>
         <name>args_main.obj</name>
      </input_file>
      <input_file id="fl-93">
         <path>/home/cg/Work/McMaster/Prj_TMS320F28379D/Prj_Controller/src/lib/TI/</path>
         <kind>archive</kind>
         <file>rts2800_fpu32.lib</file>
         <name>atoi.obj</name>
      </input_file>
      <input_file id="fl-94">
         <path>/home/cg/Work/McMaster/Prj_TMS320F28379D/Prj_Controller/src/lib/TI/</path>
         <kind>archive</kind>
         <file>rts2800_fpu32.lib</file>
         <name>ctype.obj</name>
      </input_file>
      <input_file id="fl-95">
         <path>/home/cg/Work/McMaster/Prj_TMS320F28379D/Prj_Controller/src/lib/TI/</path>
         <kind>archive</kind>
         <file>rts2800_fpu32.lib</file>
         <name>fd_add28.obj</name>
      </input_file>
      <input_file id="fl-96">
         <path>/home/cg/Work/McMaster/Prj_TMS320F28379D/Prj_Controller/src/lib/TI/</path>
         <kind>archive</kind>
         <file>rts2800_fpu32.lib</file>
         <name>fd_cmp28.obj</name>
      </input_file>
      <input_file id="fl-97">
         <path>/home/cg/Work/McMaster/Prj_TMS320F28379D/Prj_Controller/src/lib/TI/</path>
         <kind>archive</kind>
         <file>rts2800_fpu32.lib</file>
         <name>fd_neg28.obj</name>
      </input_file>
      <input_file id="fl-98">
         <path>/home/cg/Work/McMaster/Prj_TMS320F28379D/Prj_Controller/src/lib/TI/</path>
         <kind>archive</kind>
         <file>rts2800_fpu32.lib</file>
         <name>fd_toi28.obj</name>
      </input_file>
      <input_file id="fl-99">
         <path>/home/cg/Work/McMaster/Prj_TMS320F28379D/Prj_Controller/src/lib/TI/</path>
         <kind>archive</kind>
         <file>rts2800_fpu32.lib</file>
         <name>fs_tofdfpu32.obj</name>
      </input_file>
      <input_file id="fl-9a">
         <path>/home/cg/Work/McMaster/Prj_TMS320F28379D/Prj_Controller/src/lib/TI/</path>
         <kind>archive</kind>
         <file>rts2800_fpu32.lib</file>
         <name>i_tofd28.obj</name>
      </input_file>
      <input_file id="fl-9b">
         <path>/home/cg/Work/McMaster/Prj_TMS320F28379D/Prj_Controller/src/lib/TI/</path>
         <kind>archive</kind>
         <file>rts2800_fpu32.lib</file>
         <name>l_tofd28.obj</name>
      </input_file>
      <input_file id="fl-9c">
         <path>/home/cg/Work/McMaster/Prj_TMS320F28379D/Prj_Controller/src/lib/TI/</path>
         <kind>archive</kind>
         <file>rts2800_fpu32.lib</file>
         <name>ltoa.obj</name>
      </input_file>
      <input_file id="fl-9d">
         <path>/home/cg/Work/McMaster/Prj_TMS320F28379D/Prj_Controller/src/lib/TI/</path>
         <kind>archive</kind>
         <file>rts2800_fpu32.lib</file>
         <name>memccpy.obj</name>
      </input_file>
      <input_file id="fl-9e">
         <path>/home/cg/Work/McMaster/Prj_TMS320F28379D/Prj_Controller/src/lib/TI/</path>
         <kind>archive</kind>
         <file>rts2800_fpu32.lib</file>
         <name>s_frexp.obj</name>
      </input_file>
      <input_file id="fl-9f">
         <path>/home/cg/Work/McMaster/Prj_TMS320F28379D/Prj_Controller/src/lib/TI/</path>
         <kind>archive</kind>
         <file>rts2800_fpu32.lib</file>
         <name>s_scalbn.obj</name>
      </input_file>
      <input_file id="fl-a0">
         <path>/home/cg/Work/McMaster/Prj_TMS320F28379D/Prj_Controller/src/lib/TI/</path>
         <kind>archive</kind>
         <file>rts2800_fpu32.lib</file>
         <name>strrchr.obj</name>
      </input_file>
      <input_file id="fl-a1">
         <path>/home/cg/Work/McMaster/Prj_TMS320F28379D/Prj_Controller/src/lib/TI/</path>
         <kind>archive</kind>
         <file>rts2800_fpu32.lib</file>
         <name>strtod.obj</name>
      </input_file>
      <input_file id="fl-a2">
         <path>/home/cg/Work/McMaster/Prj_TMS320F28379D/Prj_Controller/src/lib/TI/</path>
         <kind>archive</kind>
         <file>rts2800_fpu32.lib</file>
         <name>strtol.obj</name>
      </input_file>
      <input_file id="fl-a3">
         <path>/home/cg/Work/McMaster/Prj_TMS320F28379D/Prj_Controller/src/lib/TI/</path>
         <kind>archive</kind>
         <file>rts2800_fpu32.lib</file>
         <name>strtold.obj</name>
      </input_file>
      <input_file id="fl-a4">
         <path>/home/cg/Work/McMaster/Prj_TMS320F28379D/Prj_Controller/src/lib/TI/</path>
         <kind>archive</kind>
         <file>rts2800_fpu32.lib</file>
         <name>strtoll.obj</name>
      </input_file>
      <input_file id="fl-a5">
         <path>/home/cg/Work/McMaster/Prj_TMS320F28379D/Prj_Controller/src/lib/TI/</path>
         <kind>archive</kind>
         <file>rts2800_fpu32.lib</file>
         <name>strtoul.obj</name>
      </input_file>
      <input_file id="fl-a6">
         <path>/home/cg/Work/McMaster/Prj_TMS320F28379D/Prj_Controller/src/lib/TI/</path>
         <kind>archive</kind>
         <file>rts2800_fpu32.lib</file>
         <name>strtoull.obj</name>
      </input_file>
      <input_file id="fl-a7">
         <path>/home/cg/Work/McMaster/Prj_TMS320F28379D/Prj_Controller/src/lib/TI/</path>
         <kind>archive</kind>
         <file>rts2800_fpu32.lib</file>
         <name>errno.obj</name>
      </input_file>
      <input_file id="fl-a8">
         <path>/home/cg/Work/McMaster/Prj_TMS320F28379D/Prj_Controller/src/lib/TI/</path>
         <kind>archive</kind>
         <file>rts2800_fpu32.lib</file>
         <name>fs_div28.obj</name>
      </input_file>
      <input_file id="fl-a9">
         <path>/home/cg/Work/McMaster/Prj_TMS320F28379D/Prj_Controller/src/lib/TI/</path>
         <kind>archive</kind>
         <file>rts2800_fpu32.lib</file>
         <name>i_div28.obj</name>
      </input_file>
      <input_file id="fl-aa">
         <path>/home/cg/Work/McMaster/Prj_TMS320F28379D/Prj_Controller/src/lib/TI/</path>
         <kind>archive</kind>
         <file>rts2800_fpu32.lib</file>
         <name>l_div28.obj</name>
      </input_file>
      <input_file id="fl-ab">
         <path>/home/cg/Work/McMaster/Prj_TMS320F28379D/Prj_Controller/src/lib/TI/</path>
         <kind>archive</kind>
         <file>rts2800_fpu32.lib</file>
         <name>s_copysign.obj</name>
      </input_file>
   </input_file_list>
   <object_component_list>
      <object_component id="oc-81">
         <name>codestart</name>
         <load_address>0x0</load_address>
         <run_address>0x0</run_address>
         <size>0x2</size>
         <input_file_ref idref="fl-2"/>
      </object_component>
      <object_component id="oc-95">
         <name>.cinit</name>
         <load_address>0xc000</load_address>
         <run_address>0xc000</run_address>
         <size>0x2a7</size>
         <input_file_ref idref="fl-6"/>
      </object_component>
      <object_component id="oc-19c">
         <name>.cinit</name>
         <load_address>0xc2a7</load_address>
         <run_address>0xc2a7</run_address>
         <size>0x4</size>
         <input_file_ref idref="fl-26"/>
      </object_component>
      <object_component id="oc-1a8">
         <name>.cinit</name>
         <load_address>0xc2ab</load_address>
         <run_address>0xc2ab</run_address>
         <size>0x90</size>
         <input_file_ref idref="fl-28"/>
      </object_component>
      <object_component id="oc-1d8">
         <name>.cinit</name>
         <load_address>0xc33b</load_address>
         <run_address>0xc33b</run_address>
         <size>0x37</size>
         <input_file_ref idref="fl-31"/>
      </object_component>
      <object_component id="oc-1df">
         <name>.cinit</name>
         <load_address>0xc372</load_address>
         <run_address>0xc372</run_address>
         <size>0x28</size>
         <input_file_ref idref="fl-32"/>
      </object_component>
      <object_component id="oc-1e6">
         <name>.cinit</name>
         <load_address>0xc39a</load_address>
         <run_address>0xc39a</run_address>
         <size>0x40</size>
         <input_file_ref idref="fl-33"/>
      </object_component>
      <object_component id="oc-1f2">
         <name>.cinit</name>
         <load_address>0xc3da</load_address>
         <run_address>0xc3da</run_address>
         <size>0x15</size>
         <input_file_ref idref="fl-35"/>
      </object_component>
      <object_component id="oc-1fe">
         <name>.cinit</name>
         <load_address>0xc3ef</load_address>
         <run_address>0xc3ef</run_address>
         <size>0x34</size>
         <input_file_ref idref="fl-37"/>
      </object_component>
      <object_component id="oc-205">
         <name>.cinit</name>
         <load_address>0xc423</load_address>
         <run_address>0xc423</run_address>
         <size>0x5</size>
         <input_file_ref idref="fl-38"/>
      </object_component>
      <object_component id="oc-211">
         <name>.cinit</name>
         <load_address>0xc428</load_address>
         <run_address>0xc428</run_address>
         <size>0x15</size>
         <input_file_ref idref="fl-3a"/>
      </object_component>
      <object_component id="oc-218">
         <name>.cinit</name>
         <load_address>0xc43d</load_address>
         <run_address>0xc43d</run_address>
         <size>0x33</size>
         <input_file_ref idref="fl-3b"/>
      </object_component>
      <object_component id="oc-21f">
         <name>.cinit</name>
         <load_address>0xc470</load_address>
         <run_address>0xc470</run_address>
         <size>0x31</size>
         <input_file_ref idref="fl-3c"/>
      </object_component>
      <object_component id="oc-226">
         <name>.cinit</name>
         <load_address>0xc4a1</load_address>
         <run_address>0xc4a1</run_address>
         <size>0x5</size>
         <input_file_ref idref="fl-3d"/>
      </object_component>
      <object_component id="oc-22d">
         <name>.cinit</name>
         <load_address>0xc4a6</load_address>
         <run_address>0xc4a6</run_address>
         <size>0x35</size>
         <input_file_ref idref="fl-3e"/>
      </object_component>
      <object_component id="oc-234">
         <name>.cinit</name>
         <load_address>0xc4db</load_address>
         <run_address>0xc4db</run_address>
         <size>0x5</size>
         <input_file_ref idref="fl-3f"/>
      </object_component>
      <object_component id="oc-23b">
         <name>.cinit</name>
         <load_address>0xc4e0</load_address>
         <run_address>0xc4e0</run_address>
         <size>0x5</size>
         <input_file_ref idref="fl-40"/>
      </object_component>
      <object_component id="oc-248">
         <name>.cinit</name>
         <load_address>0xc4e5</load_address>
         <run_address>0xc4e5</run_address>
         <size>0x7</size>
         <input_file_ref idref="fl-42"/>
      </object_component>
      <object_component id="oc-24f">
         <name>.cinit</name>
         <load_address>0xc4ec</load_address>
         <run_address>0xc4ec</run_address>
         <size>0x46</size>
         <input_file_ref idref="fl-43"/>
      </object_component>
      <object_component id="oc-26d">
         <name>.cinit</name>
         <load_address>0xc532</load_address>
         <run_address>0xc532</run_address>
         <size>0xd</size>
         <input_file_ref idref="fl-49"/>
      </object_component>
      <object_component id="oc-279">
         <name>.cinit</name>
         <load_address>0xc53f</load_address>
         <run_address>0xc53f</run_address>
         <size>0xe</size>
         <input_file_ref idref="fl-4b"/>
      </object_component>
      <object_component id="oc-280">
         <name>.cinit</name>
         <load_address>0xc54d</load_address>
         <run_address>0xc54d</run_address>
         <size>0xf</size>
         <input_file_ref idref="fl-4c"/>
      </object_component>
      <object_component id="oc-290">
         <name>.cinit</name>
         <load_address>0xc55c</load_address>
         <run_address>0xc55c</run_address>
         <size>0x15</size>
         <input_file_ref idref="fl-4f"/>
      </object_component>
      <object_component id="oc-299">
         <name>.cinit</name>
         <load_address>0xc571</load_address>
         <run_address>0xc571</run_address>
         <size>0x18</size>
         <input_file_ref idref="fl-50"/>
      </object_component>
      <object_component id="oc-2a2">
         <name>.cinit</name>
         <load_address>0xc589</load_address>
         <run_address>0xc589</run_address>
         <size>0xb</size>
         <input_file_ref idref="fl-51"/>
      </object_component>
      <object_component id="oc-2b0">
         <name>.cinit</name>
         <load_address>0xc594</load_address>
         <run_address>0xc594</run_address>
         <size>0xb</size>
         <input_file_ref idref="fl-53"/>
      </object_component>
      <object_component id="oc-2c2">
         <name>.cinit</name>
         <load_address>0xc59f</load_address>
         <run_address>0xc59f</run_address>
         <size>0xb</size>
         <input_file_ref idref="fl-56"/>
      </object_component>
      <object_component id="oc-2d9">
         <name>.cinit</name>
         <load_address>0xc5aa</load_address>
         <run_address>0xc5aa</run_address>
         <size>0xe</size>
         <input_file_ref idref="fl-5b"/>
      </object_component>
      <object_component id="oc-2f4">
         <name>.cinit</name>
         <load_address>0xc5b8</load_address>
         <run_address>0xc5b8</run_address>
         <size>0x36</size>
         <input_file_ref idref="fl-5f"/>
      </object_component>
      <object_component id="oc-2fc">
         <name>.cinit</name>
         <load_address>0xc5ee</load_address>
         <run_address>0xc5ee</run_address>
         <size>0xe</size>
         <input_file_ref idref="fl-60"/>
      </object_component>
      <object_component id="oc-30e">
         <name>.cinit</name>
         <load_address>0xc5fc</load_address>
         <run_address>0xc5fc</run_address>
         <size>0x4</size>
         <input_file_ref idref="fl-63"/>
      </object_component>
      <object_component id="oc-31b">
         <name>.cinit</name>
         <load_address>0xc600</load_address>
         <run_address>0xc600</run_address>
         <size>0x4</size>
         <input_file_ref idref="fl-65"/>
      </object_component>
      <object_component id="oc-326">
         <name>.cinit</name>
         <load_address>0xc604</load_address>
         <run_address>0xc604</run_address>
         <size>0x2e</size>
         <input_file_ref idref="fl-68"/>
      </object_component>
      <object_component id="oc-32e">
         <name>.cinit</name>
         <load_address>0xc632</load_address>
         <run_address>0xc632</run_address>
         <size>0x4</size>
         <input_file_ref idref="fl-69"/>
      </object_component>
      <object_component id="oc-345">
         <name>.cinit</name>
         <load_address>0xc636</load_address>
         <run_address>0xc636</run_address>
         <size>0xe</size>
         <input_file_ref idref="fl-77"/>
      </object_component>
      <object_component id="oc-49e">
         <name>.cinit:__unlock</name>
         <load_address>0xc644</load_address>
         <run_address>0xc644</run_address>
         <size>0x5</size>
         <input_file_ref idref="fl-8f"/>
      </object_component>
      <object_component id="oc-490">
         <name>.cinit:__lock</name>
         <load_address>0xc649</load_address>
         <run_address>0xc649</run_address>
         <size>0x5</size>
         <input_file_ref idref="fl-8f"/>
      </object_component>
      <object_component id="oc-439">
         <name>.cinit</name>
         <load_address>0xc64e</load_address>
         <run_address>0xc64e</run_address>
         <size>0x4</size>
         <input_file_ref idref="fl-a7"/>
      </object_component>
      <object_component id="oc-451">
         <name>.text</name>
         <load_address>0xd000</load_address>
         <run_address>0xd000</run_address>
         <size>0x15dd</size>
         <input_file_ref idref="fl-43"/>
      </object_component>
      <object_component id="oc-46d">
         <name>.text</name>
         <load_address>0xe5dd</load_address>
         <run_address>0xe5dd</run_address>
         <size>0xc72</size>
         <input_file_ref idref="fl-5f"/>
      </object_component>
      <object_component id="oc-470">
         <name>.text</name>
         <load_address>0xf24f</load_address>
         <run_address>0xf24f</run_address>
         <size>0x1</size>
         <input_file_ref idref="fl-86"/>
      </object_component>
      <object_component id="oc-4a2">
         <name>.text</name>
         <load_address>0xf250</load_address>
         <run_address>0xf250</run_address>
         <size>0xc16</size>
         <input_file_ref idref="fl-90"/>
      </object_component>
      <object_component id="oc-46a">
         <name>.text</name>
         <load_address>0xfe66</load_address>
         <run_address>0xfe66</run_address>
         <size>0x8ad</size>
         <input_file_ref idref="fl-4f"/>
      </object_component>
      <object_component id="oc-474">
         <name>.text</name>
         <load_address>0x10713</load_address>
         <run_address>0x10713</run_address>
         <size>0x84c</size>
         <input_file_ref idref="fl-38"/>
      </object_component>
      <object_component id="oc-499">
         <name>.text</name>
         <load_address>0x10f5f</load_address>
         <run_address>0x10f5f</run_address>
         <size>0x82f</size>
         <input_file_ref idref="fl-5d"/>
      </object_component>
      <object_component id="oc-473">
         <name>.text</name>
         <load_address>0x1178e</load_address>
         <run_address>0x1178e</run_address>
         <size>0x809</size>
         <input_file_ref idref="fl-2f"/>
      </object_component>
      <object_component id="oc-4a0">
         <name>.text</name>
         <load_address>0x11f97</load_address>
         <run_address>0x11f97</run_address>
         <size>0x66d</size>
         <input_file_ref idref="fl-91"/>
      </object_component>
      <object_component id="oc-b4">
         <name>.text:retain</name>
         <load_address>0x12604</load_address>
         <run_address>0x12604</run_address>
         <size>0x585</size>
         <input_file_ref idref="fl-c"/>
      </object_component>
      <object_component id="oc-46b">
         <name>.text</name>
         <load_address>0x12b89</load_address>
         <run_address>0x12b89</run_address>
         <size>0x40d</size>
         <input_file_ref idref="fl-50"/>
      </object_component>
      <object_component id="oc-476">
         <name>.text</name>
         <load_address>0x12f96</load_address>
         <run_address>0x12f96</run_address>
         <size>0x400</size>
         <input_file_ref idref="fl-41"/>
      </object_component>
      <object_component id="oc-48c">
         <name>.text</name>
         <load_address>0x13396</load_address>
         <run_address>0x13396</run_address>
         <size>0x37e</size>
         <input_file_ref idref="fl-60"/>
      </object_component>
      <object_component id="oc-46c">
         <name>.text</name>
         <load_address>0x13714</load_address>
         <run_address>0x13714</run_address>
         <size>0x34a</size>
         <input_file_ref idref="fl-51"/>
      </object_component>
      <object_component id="oc-49f">
         <name>.text</name>
         <load_address>0x13a5e</load_address>
         <run_address>0x13a5e</run_address>
         <size>0x33b</size>
         <input_file_ref idref="fl-22"/>
      </object_component>
      <object_component id="oc-469">
         <name>.text</name>
         <load_address>0x13d99</load_address>
         <run_address>0x13d99</run_address>
         <size>0x2e9</size>
         <input_file_ref idref="fl-4c"/>
      </object_component>
      <object_component id="oc-493">
         <name>.text</name>
         <load_address>0x14082</load_address>
         <run_address>0x14082</run_address>
         <size>0x25d</size>
         <input_file_ref idref="fl-36"/>
      </object_component>
      <object_component id="oc-4bc">
         <name>.text</name>
         <load_address>0x142df</load_address>
         <run_address>0x142df</run_address>
         <size>0x25c</size>
         <input_file_ref idref="fl-56"/>
      </object_component>
      <object_component id="oc-452">
         <name>.text</name>
         <load_address>0x1453b</load_address>
         <run_address>0x1453b</run_address>
         <size>0x259</size>
         <input_file_ref idref="fl-49"/>
      </object_component>
      <object_component id="oc-494">
         <name>.text</name>
         <load_address>0x14794</load_address>
         <run_address>0x14794</run_address>
         <size>0x244</size>
         <input_file_ref idref="fl-17"/>
      </object_component>
      <object_component id="oc-479">
         <name>.text</name>
         <load_address>0x149d8</load_address>
         <run_address>0x149d8</run_address>
         <size>0x243</size>
         <input_file_ref idref="fl-2c"/>
      </object_component>
      <object_component id="oc-489">
         <name>.text</name>
         <load_address>0x14c1b</load_address>
         <run_address>0x14c1b</run_address>
         <size>0x1f3</size>
         <input_file_ref idref="fl-a"/>
      </object_component>
      <object_component id="oc-475">
         <name>.text</name>
         <load_address>0x14e0e</load_address>
         <run_address>0x14e0e</run_address>
         <size>0x1ca</size>
         <input_file_ref idref="fl-2b"/>
      </object_component>
      <object_component id="oc-496">
         <name>.text</name>
         <load_address>0x14fd8</load_address>
         <run_address>0x14fd8</run_address>
         <size>0x1a4</size>
         <input_file_ref idref="fl-52"/>
      </object_component>
      <object_component id="oc-486">
         <name>.text</name>
         <load_address>0x1517c</load_address>
         <run_address>0x1517c</run_address>
         <size>0x192</size>
         <input_file_ref idref="fl-8"/>
      </object_component>
      <object_component id="oc-48a">
         <name>.text</name>
         <load_address>0x1530e</load_address>
         <run_address>0x1530e</run_address>
         <size>0x182</size>
         <input_file_ref idref="fl-5b"/>
      </object_component>
      <object_component id="oc-4b2">
         <name>.text</name>
         <load_address>0x15490</load_address>
         <run_address>0x15490</run_address>
         <size>0x178</size>
         <input_file_ref idref="fl-a3"/>
      </object_component>
      <object_component id="oc-4c4">
         <name>.text</name>
         <load_address>0x15608</load_address>
         <run_address>0x15608</run_address>
         <size>0x174</size>
         <input_file_ref idref="fl-68"/>
      </object_component>
      <object_component id="oc-483">
         <name>.text</name>
         <load_address>0x1577c</load_address>
         <run_address>0x1577c</run_address>
         <size>0x172</size>
         <input_file_ref idref="fl-4"/>
      </object_component>
      <object_component id="oc-495">
         <name>.text</name>
         <load_address>0x158ee</load_address>
         <run_address>0x158ee</run_address>
         <size>0x171</size>
         <input_file_ref idref="fl-3"/>
      </object_component>
      <object_component id="oc-4b4">
         <name>.text</name>
         <load_address>0x15a5f</load_address>
         <run_address>0x15a5f</run_address>
         <size>0x16e</size>
         <input_file_ref idref="fl-a4"/>
      </object_component>
      <object_component id="oc-492">
         <name>.text</name>
         <load_address>0x15bcd</load_address>
         <run_address>0x15bcd</run_address>
         <size>0x150</size>
         <input_file_ref idref="fl-34"/>
      </object_component>
      <object_component id="oc-282">
         <name>.text:retain</name>
         <load_address>0x15d1d</load_address>
         <run_address>0x15d1d</run_address>
         <size>0x12c</size>
         <input_file_ref idref="fl-4c"/>
      </object_component>
      <object_component id="oc-4b0">
         <name>.text</name>
         <load_address>0x15e49</load_address>
         <run_address>0x15e49</run_address>
         <size>0x125</size>
         <input_file_ref idref="fl-a6"/>
      </object_component>
      <object_component id="oc-4b3">
         <name>.text</name>
         <load_address>0x15f6e</load_address>
         <run_address>0x15f6e</run_address>
         <size>0x11d</size>
         <input_file_ref idref="fl-a1"/>
      </object_component>
      <object_component id="oc-36e">
         <name>.text</name>
         <load_address>0x1608b</load_address>
         <run_address>0x1608b</run_address>
         <size>0x107</size>
         <input_file_ref idref="fl-7f"/>
      </object_component>
      <object_component id="oc-2a4">
         <name>.text:retain</name>
         <load_address>0x16192</load_address>
         <run_address>0x16192</run_address>
         <size>0xf1</size>
         <input_file_ref idref="fl-51"/>
      </object_component>
      <object_component id="oc-488">
         <name>.text</name>
         <load_address>0x16283</load_address>
         <run_address>0x16283</run_address>
         <size>0xe5</size>
         <input_file_ref idref="fl-9"/>
      </object_component>
      <object_component id="oc-4b5">
         <name>.text</name>
         <load_address>0x16368</load_address>
         <run_address>0x16368</run_address>
         <size>0xde</size>
         <input_file_ref idref="fl-a2"/>
      </object_component>
      <object_component id="oc-477">
         <name>.text</name>
         <load_address>0x16446</load_address>
         <run_address>0x16446</run_address>
         <size>0xd4</size>
         <input_file_ref idref="fl-47"/>
      </object_component>
      <object_component id="oc-47a">
         <name>.text</name>
         <load_address>0x1651a</load_address>
         <run_address>0x1651a</run_address>
         <size>0xcb</size>
         <input_file_ref idref="fl-46"/>
      </object_component>
      <object_component id="oc-487">
         <name>.text</name>
         <load_address>0x165e5</load_address>
         <run_address>0x165e5</run_address>
         <size>0xbd</size>
         <input_file_ref idref="fl-63"/>
      </object_component>
      <object_component id="oc-4b8">
         <name>.text</name>
         <load_address>0x166a2</load_address>
         <run_address>0x166a2</run_address>
         <size>0xbc</size>
         <input_file_ref idref="fl-9f"/>
      </object_component>
      <object_component id="oc-4c3">
         <name>.text</name>
         <load_address>0x1675e</load_address>
         <run_address>0x1675e</run_address>
         <size>0xb9</size>
         <input_file_ref idref="fl-69"/>
      </object_component>
      <object_component id="oc-4b1">
         <name>.text</name>
         <load_address>0x16817</load_address>
         <run_address>0x16817</run_address>
         <size>0xb3</size>
         <input_file_ref idref="fl-a5"/>
      </object_component>
      <object_component id="oc-3db">
         <name>.text</name>
         <load_address>0x168ca</load_address>
         <run_address>0x168ca</run_address>
         <size>0x9c</size>
         <input_file_ref idref="fl-95"/>
      </object_component>
      <object_component id="oc-48b">
         <name>.text</name>
         <load_address>0x16966</load_address>
         <run_address>0x16966</run_address>
         <size>0x93</size>
         <input_file_ref idref="fl-5a"/>
      </object_component>
      <object_component id="oc-1d1">
         <name>.text:retain</name>
         <load_address>0x169f9</load_address>
         <run_address>0x169f9</run_address>
         <size>0x93</size>
         <input_file_ref idref="fl-30"/>
      </object_component>
      <object_component id="oc-29b">
         <name>.text:retain</name>
         <load_address>0x16a8c</load_address>
         <run_address>0x16a8c</run_address>
         <size>0x8e</size>
         <input_file_ref idref="fl-50"/>
      </object_component>
      <object_component id="oc-34b">
         <name>.text</name>
         <load_address>0x16b1a</load_address>
         <run_address>0x16b1a</run_address>
         <size>0x8b</size>
         <input_file_ref idref="fl-78"/>
      </object_component>
      <object_component id="oc-43c">
         <name>.text</name>
         <load_address>0x16ba5</load_address>
         <run_address>0x16ba5</run_address>
         <size>0x88</size>
         <input_file_ref idref="fl-a8"/>
      </object_component>
      <object_component id="oc-350">
         <name>.text</name>
         <load_address>0x16c2d</load_address>
         <run_address>0x16c2d</run_address>
         <size>0x83</size>
         <input_file_ref idref="fl-79"/>
      </object_component>
      <object_component id="oc-478">
         <name>.text</name>
         <load_address>0x16cb0</load_address>
         <run_address>0x16cb0</run_address>
         <size>0x82</size>
         <input_file_ref idref="fl-4b"/>
      </object_component>
      <object_component id="oc-292">
         <name>.text:retain</name>
         <load_address>0x16d32</load_address>
         <run_address>0x16d32</run_address>
         <size>0x77</size>
         <input_file_ref idref="fl-4f"/>
      </object_component>
      <object_component id="oc-485">
         <name>.text</name>
         <load_address>0x16da9</load_address>
         <run_address>0x16da9</run_address>
         <size>0x76</size>
         <input_file_ref idref="fl-6"/>
      </object_component>
      <object_component id="oc-497">
         <name>.text</name>
         <load_address>0x16e1f</load_address>
         <run_address>0x16e1f</run_address>
         <size>0x6d</size>
         <input_file_ref idref="fl-85"/>
      </object_component>
      <object_component id="oc-4b7">
         <name>.text</name>
         <load_address>0x16e8c</load_address>
         <run_address>0x16e8c</run_address>
         <size>0x5a</size>
         <input_file_ref idref="fl-9e"/>
      </object_component>
      <object_component id="oc-498">
         <name>.text</name>
         <load_address>0x16ee6</load_address>
         <run_address>0x16ee6</run_address>
         <size>0x57</size>
         <input_file_ref idref="fl-8e"/>
      </object_component>
      <object_component id="oc-338">
         <name>.text</name>
         <load_address>0x16f3d</load_address>
         <run_address>0x16f3d</run_address>
         <size>0x56</size>
         <input_file_ref idref="fl-75"/>
      </object_component>
      <object_component id="oc-4a6">
         <name>.text</name>
         <load_address>0x16f93</load_address>
         <run_address>0x16f93</run_address>
         <size>0x50</size>
         <input_file_ref idref="fl-65"/>
      </object_component>
      <object_component id="oc-4ab">
         <name>.text</name>
         <load_address>0x16fe3</load_address>
         <run_address>0x16fe3</run_address>
         <size>0x31</size>
         <input_file_ref idref="fl-93"/>
      </object_component>
      <object_component id="oc-4a7">
         <name>.text</name>
         <load_address>0x17014</load_address>
         <run_address>0x17014</run_address>
         <size>0x31</size>
         <input_file_ref idref="fl-64"/>
      </object_component>
      <object_component id="oc-4b6">
         <name>.text</name>
         <load_address>0x17045</load_address>
         <run_address>0x17045</run_address>
         <size>0x2e</size>
         <input_file_ref idref="fl-9c"/>
      </object_component>
      <object_component id="oc-3e0">
         <name>.text</name>
         <load_address>0x17073</load_address>
         <run_address>0x17073</run_address>
         <size>0x2a</size>
         <input_file_ref idref="fl-96"/>
      </object_component>
      <object_component id="oc-446">
         <name>.text</name>
         <load_address>0x1709d</load_address>
         <run_address>0x1709d</run_address>
         <size>0x2a</size>
         <input_file_ref idref="fl-aa"/>
      </object_component>
      <object_component id="oc-472">
         <name>.text</name>
         <load_address>0x170c7</load_address>
         <run_address>0x170c7</run_address>
         <size>0x29</size>
         <input_file_ref idref="fl-77"/>
      </object_component>
      <object_component id="oc-4a3">
         <name>.text</name>
         <load_address>0x170f0</load_address>
         <run_address>0x170f0</run_address>
         <size>0x28</size>
         <input_file_ref idref="fl-1e"/>
      </object_component>
      <object_component id="oc-4a5">
         <name>.text</name>
         <load_address>0x17118</load_address>
         <run_address>0x17118</run_address>
         <size>0x26</size>
         <input_file_ref idref="fl-1f"/>
      </object_component>
      <object_component id="oc-35f">
         <name>.text</name>
         <load_address>0x1713e</load_address>
         <run_address>0x1713e</run_address>
         <size>0x25</size>
         <input_file_ref idref="fl-7c"/>
      </object_component>
      <object_component id="oc-46f">
         <name>.text</name>
         <load_address>0x17163</load_address>
         <run_address>0x17163</run_address>
         <size>0x24</size>
         <input_file_ref idref="fl-76"/>
      </object_component>
      <object_component id="oc-4c1">
         <name>.text</name>
         <load_address>0x17187</load_address>
         <run_address>0x17187</run_address>
         <size>0x24</size>
         <input_file_ref idref="fl-ab"/>
      </object_component>
      <object_component id="oc-441">
         <name>.text</name>
         <load_address>0x171ab</load_address>
         <run_address>0x171ab</run_address>
         <size>0x22</size>
         <input_file_ref idref="fl-a9"/>
      </object_component>
      <object_component id="oc-3ea">
         <name>.text</name>
         <load_address>0x171cd</load_address>
         <run_address>0x171cd</run_address>
         <size>0x21</size>
         <input_file_ref idref="fl-98"/>
      </object_component>
      <object_component id="oc-35a">
         <name>.text</name>
         <load_address>0x171ee</load_address>
         <run_address>0x171ee</run_address>
         <size>0x1f</size>
         <input_file_ref idref="fl-7b"/>
      </object_component>
      <object_component id="oc-369">
         <name>.text</name>
         <load_address>0x1720d</load_address>
         <run_address>0x1720d</run_address>
         <size>0x1e</size>
         <input_file_ref idref="fl-7e"/>
      </object_component>
      <object_component id="oc-48d">
         <name>.text</name>
         <load_address>0x1722b</load_address>
         <run_address>0x1722b</run_address>
         <size>0x1e</size>
         <input_file_ref idref="fl-81"/>
      </object_component>
      <object_component id="oc-3f4">
         <name>.text</name>
         <load_address>0x17249</load_address>
         <run_address>0x17249</run_address>
         <size>0x1d</size>
         <input_file_ref idref="fl-9a"/>
      </object_component>
      <object_component id="oc-3ef">
         <name>.text</name>
         <load_address>0x17266</load_address>
         <run_address>0x17266</run_address>
         <size>0x1c</size>
         <input_file_ref idref="fl-99"/>
      </object_component>
      <object_component id="oc-3f9">
         <name>.text</name>
         <load_address>0x17282</load_address>
         <run_address>0x17282</run_address>
         <size>0x1c</size>
         <input_file_ref idref="fl-9b"/>
      </object_component>
      <object_component id="oc-4c5">
         <name>.text</name>
         <load_address>0x1729e</load_address>
         <run_address>0x1729e</run_address>
         <size>0x1b</size>
         <input_file_ref idref="fl-82"/>
      </object_component>
      <object_component id="oc-471">
         <name>.text</name>
         <load_address>0x172b9</load_address>
         <run_address>0x172b9</run_address>
         <size>0x19</size>
         <input_file_ref idref="fl-92"/>
      </object_component>
      <object_component id="oc-364">
         <name>.text</name>
         <load_address>0x172d2</load_address>
         <run_address>0x172d2</run_address>
         <size>0x18</size>
         <input_file_ref idref="fl-7d"/>
      </object_component>
      <object_component id="oc-4c2">
         <name>.text</name>
         <load_address>0x172ea</load_address>
         <run_address>0x172ea</run_address>
         <size>0x18</size>
         <input_file_ref idref="fl-8b"/>
      </object_component>
      <object_component id="oc-49a">
         <name>.text</name>
         <load_address>0x17302</load_address>
         <run_address>0x17302</run_address>
         <size>0x17</size>
         <input_file_ref idref="fl-7"/>
      </object_component>
      <object_component id="oc-3af">
         <name>.text</name>
         <load_address>0x17319</load_address>
         <run_address>0x17319</run_address>
         <size>0x16</size>
         <input_file_ref idref="fl-8c"/>
      </object_component>
      <object_component id="oc-373">
         <name>.text</name>
         <load_address>0x1732f</load_address>
         <run_address>0x1732f</run_address>
         <size>0x14</size>
         <input_file_ref idref="fl-80"/>
      </object_component>
      <object_component id="oc-450">
         <name>.text</name>
         <load_address>0x17343</load_address>
         <run_address>0x17343</run_address>
         <size>0x12</size>
         <input_file_ref idref="fl-39"/>
      </object_component>
      <object_component id="oc-3b4">
         <name>.text</name>
         <load_address>0x17355</load_address>
         <run_address>0x17355</run_address>
         <size>0x11</size>
         <input_file_ref idref="fl-8d"/>
      </object_component>
      <object_component id="oc-49b">
         <name>.text</name>
         <load_address>0x17366</load_address>
         <run_address>0x17366</run_address>
         <size>0x10</size>
         <input_file_ref idref="fl-62"/>
      </object_component>
      <object_component id="oc-48e">
         <name>.text</name>
         <load_address>0x17376</load_address>
         <run_address>0x17376</run_address>
         <size>0xf</size>
         <input_file_ref idref="fl-d"/>
      </object_component>
      <object_component id="oc-1b6">
         <name>.text:retain</name>
         <load_address>0x17385</load_address>
         <run_address>0x17385</run_address>
         <size>0xf</size>
         <input_file_ref idref="fl-2b"/>
      </object_component>
      <object_component id="oc-355">
         <name>.text</name>
         <load_address>0x17394</load_address>
         <run_address>0x17394</run_address>
         <size>0xe</size>
         <input_file_ref idref="fl-7a"/>
      </object_component>
      <object_component id="oc-4ba">
         <name>.text</name>
         <load_address>0x173a2</load_address>
         <run_address>0x173a2</run_address>
         <size>0xd</size>
         <input_file_ref idref="fl-9d"/>
      </object_component>
      <object_component id="oc-4b9">
         <name>.text</name>
         <load_address>0x173af</load_address>
         <run_address>0x173af</run_address>
         <size>0xc</size>
         <input_file_ref idref="fl-83"/>
      </object_component>
      <object_component id="oc-4ae">
         <name>.text</name>
         <load_address>0x173bb</load_address>
         <run_address>0x173bb</run_address>
         <size>0xc</size>
         <input_file_ref idref="fl-87"/>
      </object_component>
      <object_component id="oc-4ac">
         <name>.text</name>
         <load_address>0x173c7</load_address>
         <run_address>0x173c7</run_address>
         <size>0xb</size>
         <input_file_ref idref="fl-a0"/>
      </object_component>
      <object_component id="oc-4c6">
         <name>.text</name>
         <load_address>0x173d2</load_address>
         <run_address>0x173d2</run_address>
         <size>0xa</size>
         <input_file_ref idref="fl-88"/>
      </object_component>
      <object_component id="oc-49d">
         <name>.text</name>
         <load_address>0x173dc</load_address>
         <run_address>0x173dc</run_address>
         <size>0x9</size>
         <input_file_ref idref="fl-8f"/>
      </object_component>
      <object_component id="oc-3e5">
         <name>.text</name>
         <load_address>0x173e5</load_address>
         <run_address>0x173e5</run_address>
         <size>0x9</size>
         <input_file_ref idref="fl-97"/>
      </object_component>
      <object_component id="oc-4aa">
         <name>.text</name>
         <load_address>0x173ee</load_address>
         <run_address>0x173ee</run_address>
         <size>0x8</size>
         <input_file_ref idref="fl-8a"/>
      </object_component>
      <object_component id="oc-4a8">
         <name>.text</name>
         <load_address>0x173f6</load_address>
         <run_address>0x173f6</run_address>
         <size>0x7</size>
         <input_file_ref idref="fl-54"/>
      </object_component>
      <object_component id="oc-4a4">
         <name>.text</name>
         <load_address>0x173fd</load_address>
         <run_address>0x173fd</run_address>
         <size>0x5</size>
         <input_file_ref idref="fl-4e"/>
      </object_component>
      <object_component id="oc-484">
         <name>.text</name>
         <load_address>0x17402</load_address>
         <run_address>0x17402</run_address>
         <size>0x5</size>
         <input_file_ref idref="fl-89"/>
      </object_component>
      <object_component id="oc-49c">
         <name>.text</name>
         <load_address>0x17407</load_address>
         <run_address>0x17407</run_address>
         <size>0x4</size>
         <input_file_ref idref="fl-61"/>
      </object_component>
      <object_component id="oc-c9">
         <name>.text</name>
         <load_address>0x1740b</load_address>
         <run_address>0x1740b</run_address>
         <size>0x3</size>
         <input_file_ref idref="fl-10"/>
      </object_component>
      <object_component id="oc-2e0">
         <name>.text</name>
         <load_address>0x1740e</load_address>
         <run_address>0x1740e</run_address>
         <size>0x3</size>
         <input_file_ref idref="fl-5c"/>
      </object_component>
      <object_component id="oc-46e">
         <name>.text</name>
         <load_address>0x17411</load_address>
         <run_address>0x17411</run_address>
         <size>0x2</size>
         <input_file_ref idref="fl-84"/>
      </object_component>
      <object_component id="oc-33a">
         <name>.reset</name>
         <load_address>0x3fffc0</load_address>
         <run_address>0x3fffc0</run_address>
         <size>0x2</size>
         <input_file_ref idref="fl-75"/>
      </object_component>
      <object_component id="oc-339">
         <name>.stack</name>
         <uninitialized>true</uninitialized>
         <run_address>0xb800</run_address>
         <size>0x0</size>
         <input_file_ref idref="fl-75"/>
      </object_component>
      <object_component id="oc-54f">
         <name>.stack</name>
         <uninitialized>true</uninitialized>
         <run_address>0xb800</run_address>
         <size>0x0</size>
      </object_component>
      <object_component id="oc-2a3">
         <name>.ebss</name>
         <uninitialized>true</uninitialized>
         <run_address>0x8000</run_address>
         <size>0x790</size>
         <input_file_ref idref="fl-51"/>
      </object_component>
      <object_component id="oc-1d9">
         <name>.ebss</name>
         <uninitialized>true</uninitialized>
         <run_address>0x8790</run_address>
         <size>0x2b</size>
         <input_file_ref idref="fl-31"/>
      </object_component>
      <object_component id="oc-19d">
         <name>.ebss</name>
         <uninitialized>true</uninitialized>
         <run_address>0x87bb</run_address>
         <size>0x1</size>
         <input_file_ref idref="fl-26"/>
      </object_component>
      <object_component id="oc-48f">
         <name>.ebss:__lock</name>
         <uninitialized>true</uninitialized>
         <run_address>0x87bc</run_address>
         <size>0x2</size>
         <input_file_ref idref="fl-8f"/>
      </object_component>
      <object_component id="oc-4a9">
         <name>.ebss:__unlock</name>
         <uninitialized>true</uninitialized>
         <run_address>0x87be</run_address>
         <size>0x2</size>
         <input_file_ref idref="fl-8f"/>
      </object_component>
      <object_component id="oc-242">
         <name>.ebss</name>
         <uninitialized>true</uninitialized>
         <run_address>0x87c0</run_address>
         <size>0x3e</size>
         <input_file_ref idref="fl-41"/>
      </object_component>
      <object_component id="oc-43a">
         <name>.ebss</name>
         <uninitialized>true</uninitialized>
         <run_address>0x87fe</run_address>
         <size>0x1</size>
         <input_file_ref idref="fl-a7"/>
      </object_component>
      <object_component id="oc-291">
         <name>.ebss</name>
         <uninitialized>true</uninitialized>
         <run_address>0x8800</run_address>
         <size>0x4e8</size>
         <input_file_ref idref="fl-4f"/>
      </object_component>
      <object_component id="oc-c4">
         <name>.ebss</name>
         <uninitialized>true</uninitialized>
         <run_address>0x8ce8</run_address>
         <size>0x18</size>
         <input_file_ref idref="fl-f"/>
      </object_component>
      <object_component id="oc-96">
         <name>.ebss</name>
         <uninitialized>true</uninitialized>
         <run_address>0x8d00</run_address>
         <size>0x2a4</size>
         <input_file_ref idref="fl-6"/>
      </object_component>
      <object_component id="oc-235">
         <name>.ebss</name>
         <uninitialized>true</uninitialized>
         <run_address>0x8fa4</run_address>
         <size>0x16</size>
         <input_file_ref idref="fl-3f"/>
      </object_component>
      <object_component id="oc-18c">
         <name>.ebss</name>
         <uninitialized>true</uninitialized>
         <run_address>0x8fba</run_address>
         <size>0x6</size>
         <input_file_ref idref="fl-23"/>
      </object_component>
      <object_component id="oc-22e">
         <name>.ebss</name>
         <uninitialized>true</uninitialized>
         <run_address>0x8fc0</run_address>
         <size>0x32</size>
         <input_file_ref idref="fl-3e"/>
      </object_component>
      <object_component id="oc-327">
         <name>.ebss</name>
         <uninitialized>true</uninitialized>
         <run_address>0x8ff2</run_address>
         <size>0xe</size>
         <input_file_ref idref="fl-68"/>
      </object_component>
      <object_component id="oc-30f">
         <name>.ebss</name>
         <uninitialized>true</uninitialized>
         <run_address>0x9000</run_address>
         <size>0x390</size>
         <input_file_ref idref="fl-63"/>
      </object_component>
      <object_component id="oc-227">
         <name>.ebss</name>
         <uninitialized>true</uninitialized>
         <run_address>0x9390</run_address>
         <size>0x2a</size>
         <input_file_ref idref="fl-3d"/>
      </object_component>
      <object_component id="oc-2da">
         <name>.ebss</name>
         <uninitialized>true</uninitialized>
         <run_address>0x93ba</run_address>
         <size>0x6</size>
         <input_file_ref idref="fl-5b"/>
      </object_component>
      <object_component id="oc-250">
         <name>.ebss</name>
         <uninitialized>true</uninitialized>
         <run_address>0x93c0</run_address>
         <size>0x38e</size>
         <input_file_ref idref="fl-43"/>
      </object_component>
      <object_component id="oc-1e7">
         <name>.ebss</name>
         <uninitialized>true</uninitialized>
         <run_address>0x974e</run_address>
         <size>0x31</size>
         <input_file_ref idref="fl-33"/>
      </object_component>
      <object_component id="oc-206">
         <name>.ebss</name>
         <uninitialized>true</uninitialized>
         <run_address>0x9780</run_address>
         <size>0x80</size>
         <input_file_ref idref="fl-38"/>
      </object_component>
      <object_component id="oc-2b1">
         <name>.ebss</name>
         <uninitialized>true</uninitialized>
         <run_address>0x9800</run_address>
         <size>0x29a</size>
         <input_file_ref idref="fl-53"/>
      </object_component>
      <object_component id="oc-1ff">
         <name>.ebss</name>
         <uninitialized>true</uninitialized>
         <run_address>0x9a9a</run_address>
         <size>0x25</size>
         <input_file_ref idref="fl-37"/>
      </object_component>
      <object_component id="oc-2c3">
         <name>.ebss</name>
         <uninitialized>true</uninitialized>
         <run_address>0x9ac0</run_address>
         <size>0x296</size>
         <input_file_ref idref="fl-56"/>
      </object_component>
      <object_component id="oc-2e7">
         <name>.ebss</name>
         <uninitialized>true</uninitialized>
         <run_address>0x9d56</run_address>
         <size>0x28</size>
         <input_file_ref idref="fl-5d"/>
      </object_component>
      <object_component id="oc-32f">
         <name>.ebss</name>
         <uninitialized>true</uninitialized>
         <run_address>0x9d80</run_address>
         <size>0x1e4</size>
         <input_file_ref idref="fl-69"/>
      </object_component>
      <object_component id="oc-1f3">
         <name>.ebss</name>
         <uninitialized>true</uninitialized>
         <run_address>0x9f64</run_address>
         <size>0x14</size>
         <input_file_ref idref="fl-35"/>
      </object_component>
      <object_component id="oc-87">
         <name>.ebss</name>
         <uninitialized>true</uninitialized>
         <run_address>0x9f78</run_address>
         <size>0x8</size>
         <input_file_ref idref="fl-3"/>
      </object_component>
      <object_component id="oc-2f5">
         <name>.ebss</name>
         <uninitialized>true</uninitialized>
         <run_address>0x9f80</run_address>
         <size>0x7c</size>
         <input_file_ref idref="fl-5f"/>
      </object_component>
      <object_component id="oc-281">
         <name>.ebss</name>
         <uninitialized>true</uninitialized>
         <run_address>0xa000</run_address>
         <size>0x1c0</size>
         <input_file_ref idref="fl-4c"/>
      </object_component>
      <object_component id="oc-29a">
         <name>.ebss</name>
         <uninitialized>true</uninitialized>
         <run_address>0xa1c0</run_address>
         <size>0x19e</size>
         <input_file_ref idref="fl-50"/>
      </object_component>
      <object_component id="oc-220">
         <name>.ebss</name>
         <uninitialized>true</uninitialized>
         <run_address>0xa35e</run_address>
         <size>0x22</size>
         <input_file_ref idref="fl-3c"/>
      </object_component>
      <object_component id="oc-31c">
         <name>.ebss</name>
         <uninitialized>true</uninitialized>
         <run_address>0xa380</run_address>
         <size>0x140</size>
         <input_file_ref idref="fl-65"/>
      </object_component>
      <object_component id="oc-265">
         <name>.ebss</name>
         <uninitialized>true</uninitialized>
         <run_address>0xa4c0</run_address>
         <size>0x8c</size>
         <input_file_ref idref="fl-47"/>
      </object_component>
      <object_component id="oc-219">
         <name>.ebss</name>
         <uninitialized>true</uninitialized>
         <run_address>0xa54c</run_address>
         <size>0x24</size>
         <input_file_ref idref="fl-3b"/>
      </object_component>
      <object_component id="oc-23c">
         <name>.ebss</name>
         <uninitialized>true</uninitialized>
         <run_address>0xa570</run_address>
         <size>0x10</size>
         <input_file_ref idref="fl-40"/>
      </object_component>
      <object_component id="oc-2fd">
[...]
         <name>_xTaskGetCurrentTaskHandle</name>
         <value>0xedf2</value>
         <object_component_ref idref="oc-46d"/>
      </symbol>
      <symbol id="sm-1252">
         <name>_vTaskPriorityDisinheritAfterTimeout</name>
         <value>0xeefc</value>
         <object_component_ref idref="oc-46d"/>
      </symbol>
      <symbol id="sm-1253">
         <name>_vTaskPrioritySet</name>
         <value>0xe813</value>
         <object_component_ref idref="oc-46d"/>
      </symbol>
      <symbol id="sm-1254">
         <name>_vTaskResume</name>
         <value>0xe94b</value>
         <object_component_ref idref="oc-46d"/>
      </symbol>
      <symbol id="sm-1255">
         <name>_xTaskGetTickCountFromISR</name>
         <value>0xeaca</value>
         <object_component_ref idref="oc-46d"/>
      </symbol>
      <symbol id="sm-1256">
         <name>_xTaskNotifyWait</name>
         <value>0xefe9</value>
         <object_component_ref idref="oc-46d"/>
      </symbol>
      <symbol id="sm-1257">
         <name>_xTaskGetSchedulerState</name>
         <value>0xedfa</value>
         <object_component_ref idref="oc-46d"/>
      </symbol>
      <symbol id="sm-1258">
         <name>_xTaskRemoveFromEventList</name>
         <value>0xec2c</value>
         <object_component_ref idref="oc-46d"/>
      </symbol>
      <symbol id="sm-12b9">
         <name>_xTimerCreateTimerTask</name>
         <value>0x13396</value>
         <object_component_ref idref="oc-48c"/>
      </symbol>
      <symbol id="sm-12ba">
         <name>_pcTimerGetName</name>
         <value>0x134af</value>
         <object_component_ref idref="oc-48c"/>
      </symbol>
      <symbol id="sm-12bb">
         <name>_vTimerSetTimerID</name>
         <value>0x136fb</value>
         <object_component_ref idref="oc-48c"/>
      </symbol>
      <symbol id="sm-12bc">
         <name>_xTimerGetPeriod</name>
         <value>0x1348a</value>
         <object_component_ref idref="oc-48c"/>
      </symbol>
      <symbol id="sm-12bd">
         <name>_xTimerCreateStatic</name>
         <value>0x133cf</value>
         <object_component_ref idref="oc-48c"/>
      </symbol>
      <symbol id="sm-12be">
         <name>_xTimerGenericCommand</name>
         <value>0x13432</value>
         <object_component_ref idref="oc-48c"/>
      </symbol>
      <symbol id="sm-12bf">
         <name>_xTimerGetTimerDaemonTaskHandle</name>
         <value>0x13477</value>
         <object_component_ref idref="oc-48c"/>
      </symbol>
      <symbol id="sm-12c0">
         <name>_xTimerIsTimerActive</name>
         <value>0x136bd</value>
         <object_component_ref idref="oc-48c"/>
      </symbol>
      <symbol id="sm-12c1">
         <name>_pvTimerGetTimerID</name>
         <value>0x136e2</value>
         <object_component_ref idref="oc-48c"/>
      </symbol>
      <symbol id="sm-12c2">
         <name>_xTimerGetExpiryTime</name>
         <value>0x1349d</value>
         <object_component_ref idref="oc-48c"/>
      </symbol>
      <symbol id="sm-12ce">
         <name>_sys_fault</name>
         <value>0x17407</value>
         <object_component_ref idref="oc-49c"/>
      </symbol>
      <symbol id="sm-12db">
         <name>_sys_schd</name>
         <value>0x17373</value>
         <object_component_ref idref="oc-49b"/>
      </symbol>
      <symbol id="sm-12dc">
         <name>_sys_reset</name>
         <value>0x17366</value>
         <object_component_ref idref="oc-49b"/>
      </symbol>
      <symbol id="sm-12dd">
         <name>_sys_init</name>
         <value>0x17368</value>
         <object_component_ref idref="oc-49b"/>
      </symbol>
      <symbol id="sm-12f9">
         <name>_stdio_dev</name>
         <value>0x9000</value>
         <object_component_ref idref="oc-30f"/>
      </symbol>
      <symbol id="sm-12fa">
         <name>_print</name>
         <value>0x1667f</value>
         <object_component_ref idref="oc-487"/>
      </symbol>
      <symbol id="sm-12fb">
         <name>_flush</name>
         <value>0x165e5</value>
         <object_component_ref idref="oc-487"/>
      </symbol>
      <symbol id="sm-12fc">
         <name>_getbyte</name>
         <value>0x1668d</value>
         <object_component_ref idref="oc-487"/>
      </symbol>
      <symbol id="sm-12fd">
         <name>_std_out</name>
         <value>0x9040</value>
         <object_component_ref idref="oc-30f"/>
      </symbol>
      <symbol id="sm-12fe">
         <name>_std_in</name>
         <value>0x9200</value>
         <object_component_ref idref="oc-30f"/>
      </symbol>
      <symbol id="sm-12ff">
         <name>_scan</name>
         <value>0x165eb</value>
         <object_component_ref idref="oc-487"/>
      </symbol>
      <symbol id="sm-1300">
         <name>_vfprint</name>
         <value>0x16639</value>
         <object_component_ref idref="oc-487"/>
      </symbol>
      <symbol id="sm-1301">
         <name>_fprint</name>
         <value>0x1666d</value>
         <object_component_ref idref="oc-487"/>
      </symbol>
      <symbol id="sm-1313">
         <name>_sys_tick_init</name>
         <value>0x17014</value>
         <object_component_ref idref="oc-4a7"/>
      </symbol>
      <symbol id="sm-1314">
         <name>_sys_tick</name>
         <value>0x1702c</value>
         <object_component_ref idref="oc-4a7"/>
      </symbol>
      <symbol id="sm-132e">
         <name>_made_crc8_table</name>
         <value>0xa380</value>
         <object_component_ref idref="oc-31c"/>
      </symbol>
      <symbol id="sm-132f">
         <name>_init_crc8</name>
         <value>0x16f93</value>
         <object_component_ref idref="oc-4a6"/>
      </symbol>
      <symbol id="sm-1330">
         <name>_crc8</name>
         <value>0x16fc2</value>
         <object_component_ref idref="oc-4a6"/>
      </symbol>
      <symbol id="sm-1331">
         <name>_crc8_table</name>
         <value>0xa3c0</value>
         <object_component_ref idref="oc-31c"/>
      </symbol>
      <symbol id="sm-1370">
         <name>_optopt</name>
         <value>0x8ff3</value>
         <object_component_ref idref="oc-327"/>
      </symbol>
      <symbol id="sm-1371">
         <name>_optind</name>
         <value>0x8ffa</value>
         <object_component_ref idref="oc-327"/>
      </symbol>
      <symbol id="sm-1372">
         <name>_getopt</name>
         <value>0x15658</value>
         <object_component_ref idref="oc-4c4"/>
      </symbol>
      <symbol id="sm-1373">
         <name>_optarg</name>
         <value>0x8ffc</value>
         <object_component_ref idref="oc-327"/>
      </symbol>
      <symbol id="sm-1374">
         <name>_opterr</name>
         <value>0x8ff5</value>
         <object_component_ref idref="oc-327"/>
      </symbol>
      <symbol id="sm-138f">
         <name>_getoptbuf</name>
         <value>0x9dc0</value>
         <object_component_ref idref="oc-32f"/>
      </symbol>
      <symbol id="sm-1390">
         <name>_argv_buf</name>
         <value>0x9d82</value>
         <object_component_ref idref="oc-32f"/>
      </symbol>
      <symbol id="sm-1391">
         <name>_manual_reinit</name>
         <value>0x9d80</value>
         <object_component_ref idref="oc-32f"/>
      </symbol>
      <symbol id="sm-1392">
         <name>_getoptstream</name>
         <value>0x1680b</value>
         <object_component_ref idref="oc-4c3"/>
      </symbol>
      <symbol id="sm-1393">
         <name>_argc</name>
         <value>0x9d81</value>
         <object_component_ref idref="oc-32f"/>
      </symbol>
      <symbol id="sm-1394">
         <name>_getoptdebug</name>
         <value>0x167fa</value>
         <object_component_ref idref="oc-4c3"/>
      </symbol>
      <symbol id="sm-1395">
         <name>_getoptstrwrite</name>
         <value>0x1675e</value>
         <object_component_ref idref="oc-4c3"/>
      </symbol>
      <symbol id="sm-13b8">
         <name>_c_int00</name>
         <value>0x16f3d</value>
         <object_component_ref idref="oc-338"/>
      </symbol>
      <symbol id="sm-13b9">
         <name>__stack</name>
         <value>0xb800</value>
         <object_component_ref idref="oc-339"/>
      </symbol>
      <symbol id="sm-13c8">
         <name>_copy_in</name>
         <value>0x17163</value>
         <object_component_ref idref="oc-46f"/>
      </symbol>
      <symbol id="sm-13dc">
         <name>C$$EXIT</name>
         <value>0x170c7</value>
         <object_component_ref idref="oc-472"/>
      </symbol>
      <symbol id="sm-13dd">
         <name>_exit</name>
         <value>0x170c9</value>
         <object_component_ref idref="oc-472"/>
      </symbol>
      <symbol id="sm-13de">
         <name>___TI_cleanup_ptr</name>
         <value>0xa67a</value>
         <object_component_ref idref="oc-346"/>
      </symbol>
      <symbol id="sm-13df">
         <name>___TI_enable_exit_profile_output</name>
         <value>0xa678</value>
         <object_component_ref idref="oc-346"/>
      </symbol>
      <symbol id="sm-13e0">
         <name>_abort</name>
         <value>0x170c7</value>
         <object_component_ref idref="oc-472"/>
      </symbol>
      <symbol id="sm-13e1">
         <name>___TI_dtors_ptr</name>
         <value>0xa67c</value>
         <object_component_ref idref="oc-346"/>
      </symbol>
      <symbol id="sm-13f8">
         <name>FD$$DIV</name>
         <value>0x16b1a</value>
         <object_component_ref idref="oc-34b"/>
      </symbol>
      <symbol id="sm-140a">
         <name>FD$$MPY</name>
         <value>0x16c2d</value>
         <object_component_ref idref="oc-350"/>
      </symbol>
      <symbol id="sm-1416">
         <name>FD$$SUB</name>
         <value>0x17394</value>
         <object_component_ref idref="oc-355"/>
      </symbol>
      <symbol id="sm-1425">
         <name>FD$$TOL</name>
         <value>0x171ee</value>
         <object_component_ref idref="oc-35a"/>
      </symbol>
      <symbol id="sm-1435">
         <name>FS$$TOULL</name>
         <value>0x1713e</value>
         <object_component_ref idref="oc-35f"/>
      </symbol>
      <symbol id="sm-1441">
         <name>LL$$AND</name>
         <value>0x172d2</value>
         <object_component_ref idref="oc-364"/>
      </symbol>
      <symbol id="sm-1442">
         <name>LL$$OR</name>
         <value>0x172da</value>
         <object_component_ref idref="oc-364"/>
      </symbol>
      <symbol id="sm-1443">
         <name>LL$$XOR</name>
         <value>0x172e2</value>
         <object_component_ref idref="oc-364"/>
      </symbol>
      <symbol id="sm-1451">
         <name>ULL$$CMP</name>
         <value>0x1721f</value>
         <object_component_ref idref="oc-369"/>
      </symbol>
      <symbol id="sm-1452">
         <name>LL$$CMP</name>
         <value>0x1720d</value>
         <object_component_ref idref="oc-369"/>
      </symbol>
      <symbol id="sm-147e">
         <name>ULL$$MOD</name>
         <value>0x16130</value>
         <object_component_ref idref="oc-36e"/>
      </symbol>
      <symbol id="sm-147f">
         <name>ULL$$DIV</name>
         <value>0x16101</value>
         <object_component_ref idref="oc-36e"/>
      </symbol>
      <symbol id="sm-1480">
         <name>LL$$MOD</name>
         <value>0x160c7</value>
         <object_component_ref idref="oc-36e"/>
      </symbol>
      <symbol id="sm-1481">
         <name>LL$$DIV</name>
         <value>0x1608b</value>
         <object_component_ref idref="oc-36e"/>
      </symbol>
      <symbol id="sm-148d">
         <name>LL$$MPY</name>
         <value>0x1732f</value>
         <object_component_ref idref="oc-373"/>
      </symbol>
      <symbol id="sm-149e">
         <name>_memcpy</name>
         <value>0x1722b</value>
         <object_component_ref idref="oc-48d"/>
      </symbol>
      <symbol id="sm-14ad">
         <name>_memmove</name>
         <value>0x1729e</value>
         <object_component_ref idref="oc-4c5"/>
      </symbol>
      <symbol id="sm-14bb">
         <name>_memset</name>
         <value>0x173af</value>
         <object_component_ref idref="oc-4b9"/>
      </symbol>
      <symbol id="sm-14c7">
         <name>__system_pre_init</name>
         <value>0x17411</value>
         <object_component_ref idref="oc-46e"/>
      </symbol>
      <symbol id="sm-14e1">
         <name>_sscanf</name>
         <value>0x16e2f</value>
         <object_component_ref idref="oc-497"/>
      </symbol>
      <symbol id="sm-14e2">
         <name>_vsscanf</name>
         <value>0x16e1f</value>
         <object_component_ref idref="oc-497"/>
      </symbol>
      <symbol id="sm-14ee">
         <name>__system_post_cinit</name>
         <value>0xf24f</value>
         <object_component_ref idref="oc-470"/>
      </symbol>
      <symbol id="sm-14fd">
         <name>_strchr</name>
         <value>0x173bb</value>
         <object_component_ref idref="oc-4ae"/>
      </symbol>
      <symbol id="sm-150b">
         <name>_strcmp</name>
         <value>0x173d2</value>
         <object_component_ref idref="oc-4c6"/>
      </symbol>
      <symbol id="sm-1518">
         <name>_strcpy</name>
         <value>0x17402</value>
         <object_component_ref idref="oc-484"/>
      </symbol>
      <symbol id="sm-1525">
         <name>_strlen</name>
         <value>0x173ee</value>
         <object_component_ref idref="oc-4aa"/>
      </symbol>
      <symbol id="sm-1534">
         <name>_strncmp</name>
         <value>0x172ea</value>
         <object_component_ref idref="oc-4c2"/>
      </symbol>
      <symbol id="sm-1545">
         <name>UL$$TOFD</name>
         <value>0x17319</value>
         <object_component_ref idref="oc-3af"/>
      </symbol>
      <symbol id="sm-1552">
         <name>ULL$$TOFS</name>
         <value>0x17355</value>
         <object_component_ref idref="oc-3b4"/>
      </symbol>
      <symbol id="sm-1566">
         <name>_vsnprintf</name>
         <value>0x16ee6</value>
         <object_component_ref idref="oc-498"/>
      </symbol>
      <symbol id="sm-157a">
         <name>__unlock</name>
         <value>0x87be</value>
         <object_component_ref idref="oc-4a9"/>
      </symbol>
      <symbol id="sm-157b">
         <name>__lock</name>
         <value>0x87bc</value>
         <object_component_ref idref="oc-48f"/>
      </symbol>
      <symbol id="sm-157c">
         <name>__register_lock</name>
         <value>0x173e0</value>
         <object_component_ref idref="oc-49d"/>
      </symbol>
      <symbol id="sm-157d">
         <name>__nop</name>
         <value>0x173e4</value>
         <object_component_ref idref="oc-49d"/>
      </symbol>
      <symbol id="sm-157e">
         <name>__register_unlock</name>
         <value>0x173dc</value>
         <object_component_ref idref="oc-49d"/>
      </symbol>
      <symbol id="sm-16a9">
         <name>___TI_printfi</name>
         <value>0xfd33</value>
         <object_component_ref idref="oc-4a2"/>
      </symbol>
      <symbol id="sm-176a">
         <name>___TI_scanfi</name>
         <value>0x12376</value>
         <object_component_ref idref="oc-4a0"/>
      </symbol>
      <symbol id="sm-1779">
         <name>__args_main</name>
         <value>0x172b9</value>
         <object_component_ref idref="oc-471"/>
      </symbol>
      <symbol id="sm-178d">
         <name>_atoi</name>
         <value>0x16fe3</value>
         <object_component_ref idref="oc-4ab"/>
      </symbol>
      <symbol id="sm-1795">
         <name>__ctypes_</name>
         <value>0x18106</value>
         <object_component_ref idref="oc-4a1"/>
      </symbol>
      <symbol id="sm-17b0">
         <name>FD$$ADD</name>
         <value>0x168ca</value>
         <object_component_ref idref="oc-3db"/>
      </symbol>
      <symbol id="sm-17c0">
         <name>FD$$CMP</name>
         <value>0x17073</value>
         <object_component_ref idref="oc-3e0"/>
      </symbol>
      <symbol id="sm-17cd">
         <name>FD$$NEG</name>
         <value>0x173e5</value>
         <object_component_ref idref="oc-3e5"/>
      </symbol>
      <symbol id="sm-17dc">
         <name>FD$$TOI</name>
         <value>0x171cd</value>
         <object_component_ref idref="oc-3ea"/>
      </symbol>
      <symbol id="sm-17ec">
         <name>FS$$TOFD</name>
         <value>0x17266</value>
         <object_component_ref idref="oc-3ef"/>
      </symbol>
      <symbol id="sm-17fc">
         <name>I$$TOFD</name>
         <value>0x17249</value>
         <object_component_ref idref="oc-3f4"/>
      </symbol>
      <symbol id="sm-180c">
         <name>L$$TOFD</name>
         <value>0x17282</value>
         <object_component_ref idref="oc-3f9"/>
      </symbol>
      <symbol id="sm-181a">
         <name>_ltoa</name>
         <value>0x17045</value>
         <object_component_ref idref="oc-4b6"/>
      </symbol>
      <symbol id="sm-1829">
         <name>_memccpy</name>
         <value>0x173a2</value>
         <object_component_ref idref="oc-4ba"/>
      </symbol>
      <symbol id="sm-183c">
         <name>_frexpl</name>
         <value>0x16e8c</value>
         <object_component_ref idref="oc-4b7"/>
      </symbol>
      <symbol id="sm-1859">
         <name>_scalbnl</name>
         <value>0x166a2</value>
         <object_component_ref idref="oc-4b8"/>
      </symbol>
      <symbol id="sm-185a">
         <name>_ldexpl</name>
         <value>0x166a2</value>
         <object_component_ref idref="oc-4b8"/>
      </symbol>
      <symbol id="sm-1869">
         <name>_strrchr</name>
         <value>0x173c7</value>
         <object_component_ref idref="oc-4ac"/>
      </symbol>
      <symbol id="sm-189b">
         <name>_strtod</name>
         <value>0x15f6e</value>
         <object_component_ref idref="oc-4b3"/>
      </symbol>
      <symbol id="sm-189c">
         <name>_strtof</name>
         <value>0x15f6e</value>
         <object_component_ref idref="oc-4b3"/>
      </symbol>
      <symbol id="sm-18c1">
         <name>_strtol</name>
         <value>0x16368</value>
         <object_component_ref idref="oc-4b5"/>
      </symbol>
      <symbol id="sm-18fa">
         <name>_strtold</name>
         <value>0x15490</value>
         <object_component_ref idref="oc-4b2"/>
      </symbol>
      <symbol id="sm-1922">
         <name>_strtoll</name>
         <value>0x15a5f</value>
         <object_component_ref idref="oc-4b4"/>
      </symbol>
      <symbol id="sm-1944">
         <name>_strtoul</name>
         <value>0x16817</value>
         <object_component_ref idref="oc-4b1"/>
      </symbol>
      <symbol id="sm-1966">
         <name>_strtoull</name>
         <value>0x15e49</value>
         <object_component_ref idref="oc-4b0"/>
      </symbol>
      <symbol id="sm-1970">
         <name>_errno</name>
         <value>0x87fe</value>
         <object_component_ref idref="oc-43a"/>
      </symbol>
      <symbol id="sm-1981">
         <name>FS$$DIV</name>
         <value>0x16ba5</value>
         <object_component_ref idref="oc-43c"/>
      </symbol>
      <symbol id="sm-198f">
         <name>I$$MOD</name>
         <value>0x171bc</value>
         <object_component_ref idref="oc-441"/>
      </symbol>
      <symbol id="sm-1990">
         <name>I$$DIV</name>
         <value>0x171ab</value>
         <object_component_ref idref="oc-441"/>
      </symbol>
      <symbol id="sm-199c">
         <name>UL$$MOD</name>
         <value>0x170c1</value>
         <object_component_ref idref="oc-446"/>
      </symbol>
      <symbol id="sm-199d">
         <name>L$$MOD</name>
         <value>0x170ac</value>
         <object_component_ref idref="oc-446"/>
      </symbol>
      <symbol id="sm-199e">
         <name>L$$DIV</name>
         <value>0x1709d</value>
         <object_component_ref idref="oc-446"/>
      </symbol>
      <symbol id="sm-199f">
         <name>UL$$DIV</name>
         <value>0x170ba</value>
         <object_component_ref idref="oc-446"/>
      </symbol>
      <symbol id="sm-19ac">
         <name>_copysignl</name>
         <value>0x17187</value>
         <object_component_ref idref="oc-4c1"/>
      </symbol>
   </symbol_table>
   <title>Link successful</title>
</link_info>
