******************************************************************************
             TMS320C2000 Linker Unix v16.9.4                   
******************************************************************************
>> Linked Sun Aug 26 16:30:52 2018

OUTPUT FILE NAME:   <Pro_test.out>
ENTRY POINT SYMBOL: "code_start"  address: 00000000


MEMORY CONFIGURATION

         name            origin    length      used     unused   attr    fill
----------------------  --------  ---------  --------  --------  ----  --------
PAGE 0:
  BEGIN                 00000000   00000002  00000002  00000000  RWIX
  RAMD0                 0000b000   00000800  0000011f  000006e1  RWIX
  RAMGS0                0000c000   00001000  00000008  00000ff8  RWIX
  RAMGS1to11            0000d000   00018000  0000a413  0000dbed  RWIX
  RESET                 003fffc0   00000002  00000000  00000002  RWIX

PAGE 1:
  BOOT_RSVD             00000002   00000120  00000000  00000120  RWIX
  RAMM0                 00000122   000002de  00000000  000002de  RWIX
  RAMM1                 00000400   00000400  00000000  00000400  RWIX
  ADCA_RESULT           00000b00   00000020  00000018  00000008  RWIX
  ADCB_RESULT           00000b20   00000020  00000018  00000008  RWIX
  ADCC_RESULT           00000b40   00000020  00000018  00000008  RWIX
  ADCD_RESULT           00000b60   00000020  00000018  00000008  RWIX
  CPU_TIMER0            00000c00   00000008  00000008  00000000  RWIX
  CPU_TIMER1            00000c08   00000008  00000008  00000000  RWIX
  CPU_TIMER2            00000c10   00000008  00000008  00000000  RWIX
  PIE_CTRL              00000ce0   00000020  0000001a  00000006  RWIX
  PIE_VECT              00000d00   00000200  000001c0  00000040  RWIX
  DMA                   00001000   00000200  000000e0  00000120  RWIX
  CLA1                  00001400   00000040  0000003e  00000002  RWIX
  EPWM1                 00004000   00000100  00000100  00000000  RWIX
  EPWM2                 00004100   00000100  00000100  00000000  RWIX
  EPWM3                 00004200   00000100  00000100  00000000  RWIX
  EPWM4                 00004300   00000100  00000100  00000000  RWIX
  EPWM5                 00004400   00000100  00000100  00000000  RWIX
  EPWM6                 00004500   00000100  00000100  00000000  RWIX
  EPWM7                 00004600   00000100  00000100  00000000  RWIX
  EPWM8                 00004700   00000100  00000100  00000000  RWIX
  EPWM9                 00004800   00000100  00000100  00000000  RWIX
  EPWM10                00004900   00000100  00000100  00000000  RWIX
  EPWM11                00004a00   00000100  00000100  00000000  RWIX
  EPWM12                00004b00   00000100  00000100  00000000  RWIX
  ECAP1                 00005000   00000020  00000020  00000000  RWIX
  ECAP2                 00005020   00000020  00000020  00000000  RWIX
  ECAP3                 00005040   00000020  00000020  00000000  RWIX
  ECAP4                 00005060   00000020  00000020  00000000  RWIX
  ECAP5                 00005080   00000020  00000020  00000000  RWIX
  ECAP6                 000050a0   00000020  00000020  00000000  RWIX
  EQEP1                 00005100   00000040  00000022  0000001e  RWIX
  EQEP2                 00005140   00000040  00000022  0000001e  RWIX
  EQEP3                 00005180   00000040  00000022  0000001e  RWIX
  DACA                  00005c00   00000010  00000008  00000008  RWIX
  DACB                  00005c10   00000010  00000008  00000008  RWIX
  DACC                  00005c20   00000010  00000008  00000008  RWIX
  CMPSS1                00005c80   00000020  00000020  00000000  RWIX
  CMPSS2                00005ca0   00000020  00000020  00000000  RWIX
  CMPSS3                00005cc0   00000020  00000020  00000000  RWIX
  CMPSS4                00005ce0   00000020  00000020  00000000  RWIX
  CMPSS5                00005d00   00000020  00000020  00000000  RWIX
  CMPSS6                00005d20   00000020  00000020  00000000  RWIX
  CMPSS7                00005d40   00000020  00000020  00000000  RWIX
  CMPSS8                00005d60   00000020  00000020  00000000  RWIX
  SDFM1                 00005e00   00000080  00000080  00000000  RWIX
  SDFM2                 00005e80   00000080  00000080  00000000  RWIX
  MCBSPA                00006000   00000040  00000024  0000001c  RWIX
  MCBSPB                00006040   00000040  00000024  0000001c  RWIX
  SPIA                  00006100   00000010  00000010  00000000  RWIX
  SPIB                  00006110   00000010  00000010  00000000  RWIX
  SPIC                  00006120   00000010  00000010  00000000  RWIX
  SPID                  00006130   00000010  00000000  00000010  RWIX
  UPP                   00006200   00000100  00000048  000000b8  RWIX
  WD                    00007000   00000040  0000002b  00000015  RWIX
  NMIINTRUPT            00007060   00000010  00000007  00000009  RWIX
  XINT                  00007070   00000010  0000000b  00000005  RWIX
  SCIA                  00007200   00000010  00000010  00000000  RWIX
  SCIB                  00007210   00000010  00000010  00000000  RWIX
  SCIC                  00007220   00000010  00000010  00000000  RWIX
  SCID                  00007230   00000010  00000010  00000000  RWIX
  I2CA                  00007300   00000040  00000022  0000001e  RWIX
  I2CB                  00007340   00000040  00000022  0000001e  RWIX
  ADCA                  00007400   00000080  00000080  00000000  RWIX
  ADCB                  00007480   00000080  00000080  00000000  RWIX
  ADCC                  00007500   00000080  00000080  00000000  RWIX
  ADCD                  00007580   00000080  00000080  00000000  RWIX
  INPUT_XBAR            00007900   00000020  00000020  00000000  RWIX
  XBAR                  00007920   00000020  00000020  00000000  RWIX
  SYNC_SOC              00007940   00000010  00000006  0000000a  RWIX
  DMACLASRCSEL          00007980   00000040  0000001a  00000026  RWIX
  EPWM_XBAR             00007a00   00000040  00000040  00000000  RWIX
  CLB_XBAR              00007a40   00000040  00000000  00000040  RWIX
  OUTPUT_XBAR           00007a80   00000040  00000040  00000000  RWIX
  GPIOCTRL              00007c00   00000180  00000180  00000000  RWIX
  GPIODAT               00007f00   00000030  00000030  00000000  RWIX
  RAMLS0                00008000   00000800  000007ff  00000001  RWIX
  RAMLS1                00008800   00000800  00000800  00000000  RWIX
  RAMLS2                00009000   00000800  00000800  00000000  RWIX
  RAMLS3                00009800   00000800  000007fe  00000002  RWIX
  RAMLS4                0000a000   00000800  000007fa  00000006  RWIX
  RAMLS5                0000a800   00000800  00000800  00000000  RWIX
  RAMD1                 0000b800   00000800  00000800  00000000  RWIX
  RAMGS12               00018000   00001000  00000770  00000890  RWIX
  RAMGS13               00019000   00001000  00000000  00001000  RWIX
  RAMGS14               0001a000   00001000  00000000  00001000  RWIX
  RAMGS15               0001b000   00001000  00000000  00001000  RWIX
  CPU2TOCPU1RAM         0003f800   00000400  00000000  00000400  RWIX
  CPU1TOCPU2RAM         0003fc00   00000400  00000088  00000378  RWIX
  EMIF1                 00047000   00000800  00000070  00000790  RWIX
  EMIF2                 00047800   00000800  00000070  00000790  RWIX
  CANA                  00048000   00000800  00000164  0000069c  RWIX
  CANA_MSG_RAM          00049000   00000800  00000000  00000800  RWIX
  CANB                  0004a000   00000800  00000164  0000069c  RWIX
  CANB_MSG_RAM          0004b000   00000800  00000000  00000800  RWIX
  IPC                   00050000   00000024  00000024  00000000  RWIX
  FLASHPUMPSEMAPHORE    00050024   00000002  00000002  00000000  RWIX
  DEV_CFG               0005d000   00000180  0000012e  00000052  RWIX
  ANALOG_SUBSYS         0005d180   00000080  00000048  00000038  RWIX
  CLK_CFG               0005d200   00000100  00000032  000000ce  RWIX
  CPU_SYS               0005d300   00000100  00000082  0000007e  RWIX
  ROMPREFETCH           0005e608   00000002  00000002  00000000  RWIX
  DCSM_Z1               0005f000   00000030  00000024  0000000c  RWIX
  DCSM_Z2               0005f040   00000030  00000024  0000000c  RWIX
  DCSM_COMMON           0005f070   00000010  00000008  00000008  RWIX
  MEMCFG                0005f400   00000080  00000080  00000000  RWIX
  EMIF1CONFIG           0005f480   00000020  00000020  00000000  RWIX
  EMIF2CONFIG           0005f4a0   00000020  00000020  00000000  RWIX
  ACCESSPROTECTION      0005f4c0   00000040  00000040  00000000  RWIX
  MEMORYERROR           0005f500   00000040  00000040  00000000  RWIX
  ROMWAITSTATE          0005f540   00000002  00000002  00000000  RWIX
  FLASH0_CTRL           0005f800   00000300  00000182  0000017e  RWIX
  FLASH0_ECC            0005fb00   00000040  00000028  00000018  RWIX
  DCSM_Z1_OTP           00078000   00000020  00000020  00000000  RWIX
  DCSM_Z2_OTP           00078200   00000020  00000020  00000000  RWIX


SECTION ALLOCATION MAP

 output                                  attributes/
section   page    origin      length       input sections
--------  ----  ----------  ----------   ----------------
codestart 
*          0    00000000    00000002     
                  00000000    00000002     F2837xD_CodeStartBranch.obj (codestart)

.cinit     0    0000c000    00000654     COPY SECTION
                  0000c000    000002a7     bsp_gpio.obj (.cinit)
                  0000c2a7    00000004     F2837xD_sci_io.obj (.cinit)
                  0000c2ab    00000090     F2837xD_struct.obj (.cinit)
                  0000c33b    00000037     usbdaudio.obj (.cinit)
                  0000c372    00000028     usbdbulk.obj (.cinit)
                  0000c39a    00000040     usbdcdc.obj (.cinit)
                  0000c3da    00000015     usbdcomp.obj (.cinit)
                  0000c3ef    00000034     usbddfu-rt.obj (.cinit)
                  0000c423    00000005     usbdenum.obj (.cinit)
                  0000c428    00000015     usbdhid.obj (.cinit)
                  0000c43d    00000033     usbdhidkeyb.obj (.cinit)
                  0000c470    00000031     usbdhidmouse.obj (.cinit)
                  0000c4a1    00000005     usbhaudio.obj (.cinit)
                  0000c4a6    00000035     usbhhid.obj (.cinit)
                  0000c4db    00000005     usbhhidkeyboard.obj (.cinit)
                  0000c4e0    00000005     usbhhidmouse.obj (.cinit)
                  0000c4e5    00000007     usbhmsc.obj (.cinit)
                  0000c4ec    00000046     usbhostenum.obj (.cinit)
                  0000c532    0000000d     usbmode.obj (.cinit)
                  0000c53f    0000000e     usbtick.obj (.cinit)
                  0000c54d    0000000f     dev_dma.obj (.cinit)
                  0000c55c    00000015     dev_spi.obj (.cinit)
                  0000c571    00000018     dev_timer.obj (.cinit)
                  0000c589    0000000b     dev_uart.obj (.cinit)
                  0000c594    0000000b     comtest.obj (.cinit)
                  0000c59f    0000000b     spitest.obj (.cinit)
                  0000c5aa    0000000e     port.obj (.cinit)
                  0000c5b8    00000036     tasks.obj (.cinit)
                  0000c5ee    0000000e     timers.obj (.cinit)
                  0000c5fc    00000004     sys_std.obj (.cinit)
                  0000c600    00000004     crc.obj (.cinit)
                  0000c604    0000002e     getopt.obj (.cinit)
                  0000c632    00000004     getoptbuf.obj (.cinit)
                  0000c636    0000000e     rts2800_fpu32.lib : exit.obj (.cinit)
                  0000c644    00000005                       : _lock.obj (.cinit:__unlock)
                  0000c649    00000005                       : _lock.obj (.cinit:__lock)
                  0000c64e    00000004                       : errno.obj (.cinit)
                  0000c652    00000002     --HOLE-- [fill = 0]

.pinit     0    0000c000    00000000     UNINITIALIZED

.text      0    0000d000    0000a413     
                  0000d000    000015dd     usbhostenum.obj (.text)
                  0000e5dd    00000c72     tasks.obj (.text)
                  0000f24f    00000001     rts2800_fpu32.lib : startup.obj (.text)
                  0000f250    00000c16                       : _printfi.obj (.text)
                  0000fe66    000008ad     dev_spi.obj (.text)
                  00010713    0000084c     usbdenum.obj (.text)
                  00010f5f    0000082f     queue.obj (.text)
                  0001178e    00000809     usb.obj (.text)
                  00011f97    0000066d     rts2800_fpu32.lib : _scanfi.obj (.text)
                  00012604    00000585     cpu_isr.obj (.text:retain)
                  00012b89    0000040d     dev_timer.obj (.text)
                  00012f96    00000400     usbhhub.obj (.text)
                  00013396    0000037e     timers.obj (.text)
                  00013714    0000034a     dev_uart.obj (.text)
                  00013a5e    0000033b     F2837xD_SysCtrl.obj (.text)
                  00013d99    000002e9     dev_dma.obj (.text)
                  00014082    0000025d     usbdconfig.obj (.text)
                  000142df    0000025c     spitest.obj (.text)
                  0001453b    00000259     usbmode.obj (.text)
                  00014794    00000244     F2837xD_Gpio.obj (.text)
                  000149d8    00000243     sysctl.obj (.text)
                  00014c1b    000001f3     bsp_uart.obj (.text)
                  00014e0e    000001ca     interrupt.obj (.text)
                  00014fd8    000001a4     io.obj (.text)
                  0001517c    00000192     bsp_spi.obj (.text)
                  0001530e    00000182     port.obj (.text)
                  00015490    00000178     rts2800_fpu32.lib : strtold.obj (.text)
                  00015608    00000174     getopt.obj (.text)
                  0001577c    00000172     bsp_dma.obj (.text)
                  000158ee    00000171     bsp_clk.obj (.text)
                  00015a5f    0000016e     rts2800_fpu32.lib : strtoll.obj (.text)
                  00015bcd    00000150     usbdcdesc.obj (.text)
                  00015d1d    0000012c     dev_dma.obj (.text:retain)
                  00015e49    00000125     rts2800_fpu32.lib : strtoull.obj (.text)
                  00015f6e    0000011d                       : strtod.obj (.text)
                  0001608b    00000107                       : ll_div28.obj (.text)
                  00016192    000000f1     dev_uart.obj (.text:retain)
                  00016283    000000e5     bsp_timer.obj (.text)
                  00016368    000000de     rts2800_fpu32.lib : strtol.obj (.text)
                  00016446    000000d4     usbdma.obj (.text)
                  0001651a    000000cb     usbdesc.obj (.text)
                  000165e5    000000bd     sys_std.obj (.text)
                  000166a2    000000bc     rts2800_fpu32.lib : s_scalbn.obj (.text)
                  0001675e    000000b9     getoptbuf.obj (.text)
                  00016817    000000b3     rts2800_fpu32.lib : strtoul.obj (.text)
                  000168ca    0000009c                       : fd_add28.obj (.text)
                  00016966    00000093     list.obj (.text)
                  000169f9    00000093     usb_hal.obj (.text:retain)
                  00016a8c    0000008e     dev_timer.obj (.text:retain)
                  00016b1a    0000008b     rts2800_fpu32.lib : fd_div28.obj (.text)
                  00016ba5    00000088                       : fs_div28.obj (.text)
                  00016c2d    00000083                       : fd_mpy28.obj (.text)
                  00016cb0    00000082     usbtick.obj (.text)
                  00016d32    00000077     dev_spi.obj (.text:retain)
                  00016da9    00000076     bsp_gpio.obj (.text)
                  00016e1f    0000006d     rts2800_fpu32.lib : sscanf.obj (.text)
                  00016e8c    0000005a                       : s_frexp.obj (.text)
                  00016ee6    00000057                       : vsnprintf.obj (.text)
                  00016f3d    00000056                       : boot28.obj (.text)
                  00016f93    00000050     crc.obj (.text)
                  00016fe3    00000031     rts2800_fpu32.lib : atoi.obj (.text)
                  00017014    00000031     sys_tick.obj (.text)
                  00017045    0000002e     rts2800_fpu32.lib : ltoa.obj (.text)
                  00017073    0000002a                       : fd_cmp28.obj (.text)
                  0001709d    0000002a                       : l_div28.obj (.text)
                  000170c7    00000029                       : exit.obj (.text)
                  000170f0    00000028     F2837xD_PieCtrl.obj (.text)
                  00017118    00000026     F2837xD_PieVect.obj (.text)
                  0001713e    00000025     rts2800_fpu32.lib : fs_toullfpu32.obj (.text)
                  00017163    00000024                       : cpy_tbl.obj (.text)
                  00017187    00000024                       : s_copysign.obj (.text)
                  000171ab    00000022                       : i_div28.obj (.text)
                  000171cd    00000021                       : fd_toi28.obj (.text)
                  000171ee    0000001f                       : fd_tol28.obj (.text)
                  0001720d    0000001e                       : ll_cmp28.obj (.text)
                  0001722b    0000001e                       : memcpy.obj (.text)
                  00017249    0000001d                       : i_tofd28.obj (.text)
                  00017266    0000001c                       : fs_tofdfpu32.obj (.text)
                  00017282    0000001c                       : l_tofd28.obj (.text)
                  0001729e    0000001b                       : memmov.obj (.text)
                  000172b9    00000019                       : args_main.obj (.text)
                  000172d2    00000018                       : ll_aox28.obj (.text)
                  000172ea    00000018                       : strncmp.obj (.text)
                  00017302    00000017     bsp_init.obj (.text)
                  00017319    00000016     rts2800_fpu32.lib : ul_tofd28.obj (.text)
                  0001732f    00000014                       : ll_mpy28.obj (.text)
                  00017343    00000012     usbdhandler.obj (.text)
                  00017355    00000011     rts2800_fpu32.lib : ull_tofsfpu32.obj (.text)
                  00017366    00000010     sys_schd.obj (.text)
                  00017376    0000000f     main.obj (.text)
                  00017385    0000000f     interrupt.obj (.text:retain)
                  00017394    0000000e     rts2800_fpu32.lib : fd_sub28.obj (.text)
                  000173a2    0000000d                       : memccpy.obj (.text)
                  000173af    0000000c                       : memset.obj (.text)
                  000173bb    0000000c                       : strchr.obj (.text)
                  000173c7    0000000b                       : strrchr.obj (.text)
                  000173d2    0000000a                       : strcmp.obj (.text)
                  000173dc    00000009                       : _lock.obj (.text)
                  000173e5    00000009                       : fd_neg28.obj (.text)
                  000173ee    00000008                       : strlen.obj (.text)
                  000173f6    00000007     root.obj (.text)
                  000173fd    00000005     dev_init.obj (.text)
                  00017402    00000005     rts2800_fpu32.lib : strcpy.obj (.text)
                  00017407    00000004     sys_fault.obj (.text)
                  0001740b    00000003     F2837xD_DBGIER.obj (.text)
                  0001740e    00000003     portASM.obj (.text)
                  00017411    00000002     rts2800_fpu32.lib : pre_init.obj (.text)

.reset     0    003fffc0    00000002     DSECT
                  003fffc0    00000002     rts2800_fpu32.lib : boot28.obj (.reset)

AdcaResultFile 
*          1    00000b00    00000018     UNINITIALIZED
                  00000b00    00000018     F2837xD_GlobalVariableDefs.obj (AdcaResultFile)

AdcbResultFile 
*          1    00000b20    00000018     UNINITIALIZED
                  00000b20    00000018     F2837xD_GlobalVariableDefs.obj (AdcbResultFile)

AdccResultFile 
*          1    00000b40    00000018     UNINITIALIZED
                  00000b40    00000018     F2837xD_GlobalVariableDefs.obj (AdccResultFile)

AdcdResultFile 
*          1    00000b60    00000018     UNINITIALIZED
                  00000b60    00000018     F2837xD_GlobalVariableDefs.obj (AdcdResultFile)

Cla1RegsFile 
*          1    00001400    0000003e     UNINITIALIZED
                  00001400    0000003e     F2837xD_GlobalVariableDefs.obj (Cla1RegsFile)

.stack     1    0000b800    00000800     UNINITIALIZED
                  0000b800    00000800     --HOLE--

.TI.ramfunc 
*          0    0000c000    00000008     
                  0000c000    00000004     F2837xD_usDelay.obj (.TI.ramfunc)
                  0000c004    00000004     sysctl.obj (.TI.ramfunc)

PUTBUFFER 
*          1    0003fc00    00000080     UNINITIALIZED
                  0003fc00    00000080     F2837xD_Ipc_Driver.obj (PUTBUFFER)

PUTWRITEIDX 
*          1    0003fc80    00000004     UNINITIALIZED
                  0003fc80    00000004     F2837xD_Ipc_Driver.obj (PUTWRITEIDX)

GETREADIDX 
*          1    0003fc84    00000004     UNINITIALIZED
                  0003fc84    00000004     F2837xD_Ipc_Driver.obj (GETREADIDX)

GETBUFFER 
*          0    0003f800    00000080     DSECT
                  0003f800    00000080     F2837xD_Ipc_Driver.obj (GETBUFFER)

GETWRITEIDX 
*          0    0003f880    00000004     DSECT
                  0003f880    00000004     F2837xD_Ipc_Driver.obj (GETWRITEIDX)

PUTREADIDX 
*          0    0003f884    00000004     DSECT
                  0003f884    00000004     F2837xD_Ipc_Driver.obj (PUTREADIDX)

CpuTimer0RegsFile 
*          1    00000c00    00000008     UNINITIALIZED
                  00000c00    00000008     F2837xD_GlobalVariableDefs.obj (CpuTimer0RegsFile)

CpuTimer1RegsFile 
*          1    00000c08    00000008     UNINITIALIZED
                  00000c08    00000008     F2837xD_GlobalVariableDefs.obj (CpuTimer1RegsFile)

CpuTimer2RegsFile 
*          1    00000c10    00000008     UNINITIALIZED
                  00000c10    00000008     F2837xD_GlobalVariableDefs.obj (CpuTimer2RegsFile)

PieCtrlRegsFile 
*          1    00000ce0    0000001a     UNINITIALIZED
                  00000ce0    0000001a     F2837xD_GlobalVariableDefs.obj (PieCtrlRegsFile)

PieVectTableFile 
*          1    00000d00    000001c0     UNINITIALIZED
                  00000d00    000001c0     F2837xD_GlobalVariableDefs.obj (PieVectTableFile)

EmuKeyVar 
*          1    00000d00    00000001     UNINITIALIZED
                  00000d00    00000001     F2837xD_GlobalVariableDefs.obj (EmuKeyVar)

EmuBModeVar 
*          1    00000d01    00000001     UNINITIALIZED
                  00000d01    00000001     F2837xD_GlobalVariableDefs.obj (EmuBModeVar)

FlashCallbackVar 
*          1    00000d02    00000000     UNINITIALIZED

FlashScalingVar 
*          1    00000d02    00000000     UNINITIALIZED

DmaRegsFile 
*          1    00001000    000000e0     UNINITIALIZED
                  00001000    000000e0     F2837xD_GlobalVariableDefs.obj (DmaRegsFile)

EPwm1RegsFile 
*          1    00004000    00000100     UNINITIALIZED
                  00004000    00000100     F2837xD_GlobalVariableDefs.obj (EPwm1RegsFile)

EPwm2RegsFile 
*          1    00004100    00000100     UNINITIALIZED
                  00004100    00000100     F2837xD_GlobalVariableDefs.obj (EPwm2RegsFile)

EPwm3RegsFile 
*          1    00004200    00000100     UNINITIALIZED
                  00004200    00000100     F2837xD_GlobalVariableDefs.obj (EPwm3RegsFile)

EPwm4RegsFile 
*          1    00004300    00000100     UNINITIALIZED
                  00004300    00000100     F2837xD_GlobalVariableDefs.obj (EPwm4RegsFile)

EPwm5RegsFile 
*          1    00004400    00000100     UNINITIALIZED
                  00004400    00000100     F2837xD_GlobalVariableDefs.obj (EPwm5RegsFile)

EPwm6RegsFile 
*          1    00004500    00000100     UNINITIALIZED
                  00004500    00000100     F2837xD_GlobalVariableDefs.obj (EPwm6RegsFile)

EPwm7RegsFile 
*          1    00004600    00000100     UNINITIALIZED
                  00004600    00000100     F2837xD_GlobalVariableDefs.obj (EPwm7RegsFile)

EPwm8RegsFile 
*          1    00004700    00000100     UNINITIALIZED
                  00004700    00000100     F2837xD_GlobalVariableDefs.obj (EPwm8RegsFile)

EPwm9RegsFile 
*          1    00004800    00000100     UNINITIALIZED
                  00004800    00000100     F2837xD_GlobalVariableDefs.obj (EPwm9RegsFile)

EPwm10RegsFile 
*          1    00004900    00000100     UNINITIALIZED
                  00004900    00000100     F2837xD_GlobalVariableDefs.obj (EPwm10RegsFile)

EPwm11RegsFile 
*          1    00004a00    00000100     UNINITIALIZED
                  00004a00    00000100     F2837xD_GlobalVariableDefs.obj (EPwm11RegsFile)

EPwm12RegsFile 
*          1    00004b00    00000100     UNINITIALIZED
                  00004b00    00000100     F2837xD_GlobalVariableDefs.obj (EPwm12RegsFile)

ECap1RegsFile 
*          1    00005000    00000020     UNINITIALIZED
                  00005000    00000020     F2837xD_GlobalVariableDefs.obj (ECap1RegsFile)

ECap2RegsFile 
*          1    00005020    00000020     UNINITIALIZED
                  00005020    00000020     F2837xD_GlobalVariableDefs.obj (ECap2RegsFile)

ECap3RegsFile 
*          1    00005040    00000020     UNINITIALIZED
                  00005040    00000020     F2837xD_GlobalVariableDefs.obj (ECap3RegsFile)

ECap4RegsFile 
*          1    00005060    00000020     UNINITIALIZED
                  00005060    00000020     F2837xD_GlobalVariableDefs.obj (ECap4RegsFile)

ECap5RegsFile 
*          1    00005080    00000020     UNINITIALIZED
                  00005080    00000020     F2837xD_GlobalVariableDefs.obj (ECap5RegsFile)

ECap6RegsFile 
*          1    000050a0    00000020     UNINITIALIZED
                  000050a0    00000020     F2837xD_GlobalVariableDefs.obj (ECap6RegsFile)

EQep1RegsFile 
*          1    00005100    00000022     UNINITIALIZED
                  00005100    00000022     F2837xD_GlobalVariableDefs.obj (EQep1RegsFile)

EQep2RegsFile 
*          1    00005140    00000022     UNINITIALIZED
                  00005140    00000022     F2837xD_GlobalVariableDefs.obj (EQep2RegsFile)

EQep3RegsFile 
*          1    00005180    00000022     UNINITIALIZED
                  00005180    00000022     F2837xD_GlobalVariableDefs.obj (EQep3RegsFile)

DacaRegsFile 
*          1    00005c00    00000008     UNINITIALIZED
                  00005c00    00000008     F2837xD_GlobalVariableDefs.obj (DacaRegsFile)

DacbRegsFile 
*          1    00005c10    00000008     UNINITIALIZED
                  00005c10    00000008     F2837xD_GlobalVariableDefs.obj (DacbRegsFile)

DaccRegsFile 
*          1    00005c20    00000008     UNINITIALIZED
                  00005c20    00000008     F2837xD_GlobalVariableDefs.obj (DaccRegsFile)

Sdfm1RegsFile 
*          1    00005e00    00000080     UNINITIALIZED
                  00005e00    00000080     F2837xD_GlobalVariableDefs.obj (Sdfm1RegsFile)

Sdfm2RegsFile 
*          1    00005e80    00000080     UNINITIALIZED
                  00005e80    00000080     F2837xD_GlobalVariableDefs.obj (Sdfm2RegsFile)

McbspaRegsFile 
*          1    00006000    00000024     UNINITIALIZED
                  00006000    00000024     F2837xD_GlobalVariableDefs.obj (McbspaRegsFile)

McbspbRegsFile 
*          1    00006040    00000024     UNINITIALIZED
                  00006040    00000024     F2837xD_GlobalVariableDefs.obj (McbspbRegsFile)

SpiaRegsFile 
*          1    00006100    00000010     UNINITIALIZED
                  00006100    00000010     F2837xD_GlobalVariableDefs.obj (SpiaRegsFile)

SpibRegsFile 
*          1    00006110    00000010     UNINITIALIZED
                  00006110    00000010     F2837xD_GlobalVariableDefs.obj (SpibRegsFile)

SpicRegsFile 
*          1    00006120    00000010     UNINITIALIZED
                  00006120    00000010     F2837xD_GlobalVariableDefs.obj (SpicRegsFile)

UppRegsFile 
*          1    00006200    00000048     UNINITIALIZED
                  00006200    00000048     F2837xD_GlobalVariableDefs.obj (UppRegsFile)

WdRegsFile 
*          1    00007000    0000002b     UNINITIALIZED
                  00007000    0000002b     F2837xD_GlobalVariableDefs.obj (WdRegsFile)

NmiIntruptRegsFile 
*          1    00007060    00000007     UNINITIALIZED
                  00007060    00000007     F2837xD_GlobalVariableDefs.obj (NmiIntruptRegsFile)

XintRegsFile 
*          1    00007070    0000000b     UNINITIALIZED
                  00007070    0000000b     F2837xD_GlobalVariableDefs.obj (XintRegsFile)

SciaRegsFile 
*          1    00007200    00000010     UNINITIALIZED
                  00007200    00000010     F2837xD_GlobalVariableDefs.obj (SciaRegsFile)

ScibRegsFile 
*          1    00007210    00000010     UNINITIALIZED
                  00007210    00000010     F2837xD_GlobalVariableDefs.obj (ScibRegsFile)

ScicRegsFile 
*          1    00007220    00000010     UNINITIALIZED
                  00007220    00000010     F2837xD_GlobalVariableDefs.obj (ScicRegsFile)

ScidRegsFile 
*          1    00007230    00000010     UNINITIALIZED
                  00007230    00000010     F2837xD_GlobalVariableDefs.obj (ScidRegsFile)

I2caRegsFile 
*          1    00007300    00000022     UNINITIALIZED
                  00007300    00000022     F2837xD_GlobalVariableDefs.obj (I2caRegsFile)

I2cbRegsFile 
*          1    00007340    00000022     UNINITIALIZED
                  00007340    00000022     F2837xD_GlobalVariableDefs.obj (I2cbRegsFile)

AdcaRegsFile 
*          1    00007400    00000080     UNINITIALIZED
                  00007400    00000080     F2837xD_GlobalVariableDefs.obj (AdcaRegsFile)

AdcbRegsFile 
*          1    00007480    00000080     UNINITIALIZED
                  00007480    00000080     F2837xD_GlobalVariableDefs.obj (AdcbRegsFile)

AdccRegsFile 
*          1    00007500    00000080     UNINITIALIZED
                  00007500    00000080     F2837xD_GlobalVariableDefs.obj (AdccRegsFile)

AdcdRegsFile 
*          1    00007580    00000080     UNINITIALIZED
                  00007580    00000080     F2837xD_GlobalVariableDefs.obj (AdcdRegsFile)

CanaRegsFile 
*          1    00048000    00000164     UNINITIALIZED
                  00048000    00000164     F2837xD_GlobalVariableDefs.obj (CanaRegsFile)

CanbRegsFile 
*          1    0004a000    00000164     UNINITIALIZED
                  0004a000    00000164     F2837xD_GlobalVariableDefs.obj (CanbRegsFile)

AnalogSubsysRegsFile 
*          1    0005d180    00000048     UNINITIALIZED
                  0005d180    00000048     F2837xD_GlobalVariableDefs.obj (AnalogSubsysRegsFile)

Cla1SoftIntRegsFile 
*          1    00000ce0    00000004     DSECT
                  00000ce0    00000004     F2837xD_GlobalVariableDefs.obj (Cla1SoftIntRegsFile)

Cmpss1RegsFile 
*          1    00005c80    00000020     UNINITIALIZED
                  00005c80    00000020     F2837xD_GlobalVariableDefs.obj (Cmpss1RegsFile)

Cmpss2RegsFile 
*          1    00005ca0    00000020     UNINITIALIZED
                  00005ca0    00000020     F2837xD_GlobalVariableDefs.obj (Cmpss2RegsFile)

Cmpss3RegsFile 
*          1    00005cc0    00000020     UNINITIALIZED
                  00005cc0    00000020     F2837xD_GlobalVariableDefs.obj (Cmpss3RegsFile)

Cmpss4RegsFile 
*          1    00005ce0    00000020     UNINITIALIZED
                  00005ce0    00000020     F2837xD_GlobalVariableDefs.obj (Cmpss4RegsFile)

Cmpss5RegsFile 
*          1    00005d00    00000020     UNINITIALIZED
                  00005d00    00000020     F2837xD_GlobalVariableDefs.obj (Cmpss5RegsFile)

Cmpss6RegsFile 
*          1    00005d20    00000020     UNINITIALIZED
                  00005d20    00000020     F2837xD_GlobalVariableDefs.obj (Cmpss6RegsFile)

Cmpss7RegsFile 
*          1    00005d40    00000020     UNINITIALIZED
                  00005d40    00000020     F2837xD_GlobalVariableDefs.obj (Cmpss7RegsFile)

Cmpss8RegsFile 
*          1    00005d60    00000020     UNINITIALIZED
                  00005d60    00000020     F2837xD_GlobalVariableDefs.obj (Cmpss8RegsFile)

InputXbarRegsFile 
*          1    00007900    00000020     UNINITIALIZED
                  00007900    00000020     F2837xD_GlobalVariableDefs.obj (InputXbarRegsFile)

XbarRegsFile 
*          1    00007920    00000020     UNINITIALIZED
                  00007920    00000020     F2837xD_GlobalVariableDefs.obj (XbarRegsFile)

SyncSocRegsFile 
*          1    00007940    00000006     UNINITIALIZED
                  00007940    00000006     F2837xD_GlobalVariableDefs.obj (SyncSocRegsFile)

DmaClaSrcSelRegsFile 
*          1    00007980    0000001a     UNINITIALIZED
                  00007980    0000001a     F2837xD_GlobalVariableDefs.obj (DmaClaSrcSelRegsFile)

EPwmXbarRegsFile 
*          1    00007a00    00000040     UNINITIALIZED
                  00007a00    00000040     F2837xD_GlobalVariableDefs.obj (EPwmXbarRegsFile)

OutputXbarRegsFile 
*          1    00007a80    00000040     UNINITIALIZED
                  00007a80    00000040     F2837xD_GlobalVariableDefs.obj (OutputXbarRegsFile)

GpioCtrlRegsFile 
*          1    00007c00    00000180     UNINITIALIZED
                  00007c00    00000180     F2837xD_GlobalVariableDefs.obj (GpioCtrlRegsFile)

GpioDataRegsFile 
*          1    00007f00    00000030     UNINITIALIZED
                  00007f00    00000030     F2837xD_GlobalVariableDefs.obj (GpioDataRegsFile)

.econst.1 
*          1    00009ffc    00000004     
                  00009ffc    00000004     usbdaudio.obj (.econst:_g_sAudioConfigSection)

.econst.2 
*          1    0000a5fc    00000004     
                  0000a5fc    00000004     usbdaudio.obj (.econst:_g_sAudioControlInterfaceSection)

Emif1RegsFile 
*          1    00047000    00000070     UNINITIALIZED
                  00047000    00000070     F2837xD_GlobalVariableDefs.obj (Emif1RegsFile)

Emif2RegsFile 
*          1    00047800    00000070     UNINITIALIZED
                  00047800    00000070     F2837xD_GlobalVariableDefs.obj (Emif2RegsFile)

IpcRegsFile 
*          1    00050000    00000024     UNINITIALIZED
                  00050000    00000024     F2837xD_GlobalVariableDefs.obj (IpcRegsFile)

FlashPumpSemaphoreRegsFile 
*          1    00050024    00000002     UNINITIALIZED
                  00050024    00000002     F2837xD_GlobalVariableDefs.obj (FlashPumpSemaphoreRegsFile)

RomPrefetchRegsFile 
*          1    0005e608    00000002     UNINITIALIZED
                  0005e608    00000002     F2837xD_GlobalVariableDefs.obj (RomPrefetchRegsFile)

DcsmZ1RegsFile 
*          1    0005f000    00000024     UNINITIALIZED
                  0005f000    00000024     F2837xD_GlobalVariableDefs.obj (DcsmZ1RegsFile)

DcsmZ2RegsFile 
*          1    0005f040    00000024     UNINITIALIZED
                  0005f040    00000024     F2837xD_GlobalVariableDefs.obj (DcsmZ2RegsFile)

DcsmCommonRegsFile 
*          1    0005f070    00000008     UNINITIALIZED
                  0005f070    00000008     F2837xD_GlobalVariableDefs.obj (DcsmCommonRegsFile)

MemCfgRegsFile 
*          1    0005f400    00000080     UNINITIALIZED
                  0005f400    00000080     F2837xD_GlobalVariableDefs.obj (MemCfgRegsFile)

Emif1ConfigRegsFile 
*          1    0005f480    00000020     UNINITIALIZED
                  0005f480    00000020     F2837xD_GlobalVariableDefs.obj (Emif1ConfigRegsFile)

Emif2ConfigRegsFile 
*          1    0005f4a0    00000020     UNINITIALIZED
                  0005f4a0    00000020     F2837xD_GlobalVariableDefs.obj (Emif2ConfigRegsFile)

AccessProtectionRegsFile 
*          1    0005f4c0    00000040     UNINITIALIZED
                  0005f4c0    00000040     F2837xD_GlobalVariableDefs.obj (AccessProtectionRegsFile)

MemoryErrorRegsFile 
*          1    0005f500    00000040     UNINITIALIZED
                  0005f500    00000040     F2837xD_GlobalVariableDefs.obj (MemoryErrorRegsFile)

RomWaitStateRegsFile 
*          1    0005f540    00000002     UNINITIALIZED
                  0005f540    00000002     F2837xD_GlobalVariableDefs.obj (RomWaitStateRegsFile)

Flash0CtrlRegsFile 
*          1    0005f800    00000182     UNINITIALIZED
                  0005f800    00000182     F2837xD_GlobalVariableDefs.obj (Flash0CtrlRegsFile)

Flash0EccRegsFile 
*          1    0005fb00    00000028     UNINITIALIZED
                  0005fb00    00000028     F2837xD_GlobalVariableDefs.obj (Flash0EccRegsFile)

DcsmZ1OtpFile 
*          1    00078000    00000020     NOLOAD SECTION
                  00078000    00000020     F2837xD_GlobalVariableDefs.obj (DcsmZ1OtpFile)

DcsmZ2OtpFile 
*          1    00078200    00000020     NOLOAD SECTION
                  00078200    00000020     F2837xD_GlobalVariableDefs.obj (DcsmZ2OtpFile)

DevCfgRegsFile 
*          1    0005d000    0000012e     UNINITIALIZED
                  0005d000    0000012e     F2837xD_GlobalVariableDefs.obj (DevCfgRegsFile)

ClkCfgRegsFile 
*          1    0005d200    00000032     UNINITIALIZED
                  0005d200    00000032     F2837xD_GlobalVariableDefs.obj (ClkCfgRegsFile)

CpuSysRegsFile 
*          1    0005d300    00000082     UNINITIALIZED
                  0005d300    00000082     F2837xD_GlobalVariableDefs.obj (CpuSysRegsFile)

freertos_text_portASM 
*          0    0000b000    0000011f     
                  0000b000    0000011f     portASM.obj (freertos_text_portASM)

.ebss.1    1    00008000    000007ff     UNINITIALIZED
                  00008000    00000790     dev_uart.obj (.ebss)
                  00008790    0000002b     usbdaudio.obj (.ebss)
                  000087bb    00000001     F2837xD_sci_io.obj (.ebss)
                  000087bc    00000002     rts2800_fpu32.lib : _lock.obj (.ebss:__lock)
                  000087be    00000002                       : _lock.obj (.ebss:__unlock)
                  000087c0    0000003e     usbhhub.obj (.ebss)
                  000087fe    00000001     rts2800_fpu32.lib : errno.obj (.ebss)

.ebss.2    1    00008800    00000800     UNINITIALIZED
                  00008800    000004e8     dev_spi.obj (.ebss)
                  00008ce8    00000018     F2837xD_CpuTimers.obj (.ebss)
                  00008d00    000002a4     bsp_gpio.obj (.ebss)
                  00008fa4    00000016     usbhhidkeyboard.obj (.ebss)
                  00008fba    00000006     F2837xD_TempSensorConv.obj (.ebss)
                  00008fc0    00000032     usbhhid.obj (.ebss)
                  00008ff2    0000000e     getopt.obj (.ebss)

.ebss.3    1    00009000    00000800     UNINITIALIZED
                  00009000    00000390     sys_std.obj (.ebss)
                  00009390    0000002a     usbhaudio.obj (.ebss)
                  000093ba    00000006     port.obj (.ebss)
                  000093c0    0000038e     usbhostenum.obj (.ebss)
                  0000974e    00000031     usbdcdc.obj (.ebss)
                  0000977f    00000001     --HOLE--
                  00009780    00000080     usbdenum.obj (.ebss)

.ebss.4    1    00009800    0000057e     UNINITIALIZED
                  00009800    0000029a     comtest.obj (.ebss)
                  00009a9a    00000025     usbddfu-rt.obj (.ebss)
                  00009abf    00000001     --HOLE--
                  00009ac0    00000296     spitest.obj (.ebss)
                  00009d56    00000028     queue.obj (.ebss)

.ebss.5    1    00009d80    0000027c     UNINITIALIZED
                  00009d80    000001e4     getoptbuf.obj (.ebss)
                  00009f64    00000014     usbdcomp.obj (.ebss)
                  00009f78    00000008     bsp_clk.obj (.ebss)
                  00009f80    0000007c     tasks.obj (.ebss)

.ebss.6    1    0000a000    000005fc     UNINITIALIZED
                  0000a000    000001c0     dev_dma.obj (.ebss)
                  0000a1c0    0000019e     dev_timer.obj (.ebss)
                  0000a35e    00000022     usbdhidmouse.obj (.ebss)
                  0000a380    00000140     crc.obj (.ebss)
                  0000a4c0    0000008c     usbdma.obj (.ebss)
                  0000a54c    00000024     usbdhidkeyb.obj (.ebss)
                  0000a570    00000010     usbhhidmouse.obj (.ebss)
                  0000a580    0000007c     timers.obj (.ebss)

.ebss.7    1    0000a600    0000007e     UNINITIALIZED
                  0000a600    00000078     F2837xD_struct.obj (.ebss)
                  0000a678    00000006     rts2800_fpu32.lib : exit.obj (.ebss)

.ebss.8    1    0000a680    0000003e     UNINITIALIZED
                  0000a680    0000001f     usbdbulk.obj (.ebss)
                  0000a69f    00000001     --HOLE--
                  0000a6a0    0000001e     usbtick.obj (.ebss)

.ebss.9    1    0000a6c0    0000002a     UNINITIALIZED
                  0000a6c0    00000012     usbdhid.obj (.ebss)
                  0000a6d2    0000000e     usbhmsc.obj (.ebss)
                  0000a6e0    0000000a     usbmode.obj (.ebss)

.econst.3 
*          1    0000a6ea    00000114     
                  0000a6ea    00000108     dev_timer.obj (.econst:.string)
                  0000a7f2    0000000c     rts2800_fpu32.lib : strtod.obj (.econst:_powerof10)

.econst.4 
*          1    0000a800    00000800     
                  0000a800    00000309     comtest.obj (.econst:.string)
                  0000ab09    00000001     --HOLE-- [fill = 0]
                  0000ab0a    00000266     spitest.obj (.econst:.string)
                  0000ad70    000001c0     F2837xD_PieVect.obj (.econst:_PieVectTableInit)
                  0000af30    00000093     bsp_uart.obj (.econst:.string)
                  0000afc3    00000034     usbdaudio.obj (.econst:_g_pui8AudioControlInterface)
                  0000aff7    00000009     usbdhidkeyb.obj (.econst:_g_sKeybHIDDescriptor)

.econst.5 
*          1    00018000    00000770     
                  00018000    00000106     bsp_clk.obj (.econst:.string)
                  00018106    00000101     rts2800_fpu32.lib : ctype.obj (.econst:.string:__ctypes_)
                  00018207    00000001     --HOLE-- [fill = 0]
                  00018208    000000d4     bsp_spi.obj (.econst:.string)
                  000182dc    0000005b     timers.obj (.econst:.string)
                  00018337    00000001     --HOLE-- [fill = 0]
                  00018338    00000055     stream_buffer.obj (.econst:.string)
                  0001838d    00000001     --HOLE-- [fill = 0]
                  0001838e    00000054     event_groups.obj (.econst:.string)
                  000183e2    00000053     tasks.obj (.econst:.string)
                  00018435    00000001     --HOLE-- [fill = 0]
                  00018436    0000004d     queue.obj (.econst:.string)
                  00018483    00000001     --HOLE-- [fill = 0]
                  00018484    0000004c     port.obj (.econst:.string)
                  000184d0    00000042     dev_dma.obj (.econst:.string)
                  00018512    00000034     usbdaudio.obj (.econst:_g_pui8AudioStreamInterface)
                  00018546    00000031     dev_uart.obj (.econst:.string)
                  00018577    00000001     --HOLE-- [fill = 0]
                  00018578    00000028     rts2800_fpu32.lib : strtold.obj (.econst:_digits)
                  000185a0    00000026                       : _printfi.obj (.econst:.string)
                  000185c6    00000024     dev_spi.obj (.econst:.string)
                  000185ea    00000024     rts2800_fpu32.lib : strtold.obj (.econst:_powerof10)
                  0001860e    00000023     usbdcdc.obj (.econst:_g_pui8CDCSerCommInterface)
                  00018631    00000001     --HOLE-- [fill = 0]
                  00018632    0000001c     rts2800_fpu32.lib : _printfi.obj (.econst)
                  0001864e    0000001c                       : s_scalbn.obj (.econst)
                  0001866a    0000001a     usbdenum.obj (.econst:_g_psUSBDStdRequests)
                  00018684    00000017     usbdbulk.obj (.econst:_g_pui8BulkInterface)
                  0001869b    00000017     usbdcdc.obj (.econst:_g_pui8CDCSerDataInterface)
                  000186b2    00000014     sys_tick.obj (.econst:.string)
                  000186c6    00000014     rts2800_fpu32.lib : strtod.obj (.econst:_digits)
                  000186da    0000000c     usb_hal.obj (.econst)
                  000186e6    00000009     usbdhidmouse.obj (.econst:_g_sMouseHIDDescriptor)
                  000186ef    00000001     --HOLE-- [fill = 0]
                  000186f0    00000008     rts2800_fpu32.lib : s_frexp.obj (.econst)
                  000186f8    00000008                       : strtold.obj (.econst)
                  00018700    00000007                       : _scanfi.obj (.econst:.string:_flit$1)
                  00018707    00000007     usbdhidkeyb.obj (.econst:_g_pui8HIDInEndpoint)
                  0001870e    00000007     usbdhidmouse.obj (.econst:_g_pui8HIDInEndpoint)
                  00018715    00000007     usbdhidkeyb.obj (.econst:_g_pui8HIDOutEndpoint)
                  0001871c    00000006     rts2800_fpu32.lib : _scanfi.obj (.econst:.string:_barr$2)
                  00018722    00000006     getopt.obj (.econst:.string)
                  00018728    00000004     usbdaudio.obj (.econst:_g_sAudioStreamInterfaceSection)
                  0001872c    00000004     usbdbulk.obj (.econst:_g_sBulkConfigSection)
                  00018730    00000004     usbdbulk.obj (.econst:_g_sBulkInterfaceSection)
                  00018734    00000004     usbdcdc.obj (.econst:_g_sCDCSerCommInterfaceSection)
                  00018738    00000004     usbdcdc.obj (.econst:_g_sCDCSerConfigSection)
                  0001873c    00000004     usbdcdc.obj (.econst:_g_sCDCSerDataInterfaceSection)
                  00018740    00000004     usbddfu-rt.obj (.econst:_g_sDFUConfigSection)
                  00018744    00000004     usbddfu-rt.obj (.econst:_g_sDFUFunctionalDescSection)
                  00018748    00000004     usbddfu-rt.obj (.econst:_g_sDFUInterfaceSection)
                  0001874c    00000004     usbdhidkeyb.obj (.econst:_g_sHIDConfigSection)
                  00018750    00000004     usbdhidmouse.obj (.econst:_g_sHIDConfigSection)
                  00018754    00000004     usbdhidkeyb.obj (.econst:_g_sHIDInEndpointSection)
                  00018758    00000004     usbdhidmouse.obj (.econst:_g_sHIDInEndpointSection)
                  0001875c    00000004     usbdhidkeyb.obj (.econst:_g_sHIDInterfaceSection)
                  00018760    00000004     usbdhidmouse.obj (.econst:_g_sHIDInterfaceSection)
                  00018764    00000004     usbdhidkeyb.obj (.econst:_g_sHIDOutEndpointSection)
                  00018768    00000004     usbdaudio.obj (.econst:_g_sIADAudioConfigSection)
                  0001876c    00000004     usbdcdc.obj (.econst:_g_sIADSerConfigSection)

MODULE SUMMARY

       Module                           code    initialized data   uninitialized data
       ------                           ----    ----------------   ------------------
    ./src/bsp/
       cpu_isr.obj                      1413    0                  0                 
       bsp_gpio.obj                     118     0                  676               
       bsp_uart.obj                     499     147                0                 
       bsp_clk.obj                      369     262                8                 
       bsp_spi.obj                      402     212                0                 
       bsp_dma.obj                      370     0                  0                 
       bsp_timer.obj                    229     0                  0                 
       bsp_init.obj                     23      0                  0                 
       main.obj                         15      0                  0                 
    +--+--------------------------------+-------+------------------+--------------------+
       Total:                           3438    621                684               
                                                                                     
    ./src/bsp/boot/
       F2837xD_CodeStartBranch.obj      2       0                  0                 
    +--+--------------------------------+-------+------------------+--------------------+
       Total:                           2       0                  0                 
                                                                                     
    ./src/bsp/drv/
       F2837xD_GlobalVariableDefs.obj   0       0                  8759              
       F2837xD_SysCtrl.obj              827     0                  0                 
       F2837xD_Gpio.obj                 580     0                  0                 
       F2837xD_PieVect.obj              38      448                0                 
       F2837xD_Ipc_Driver.obj           0       0                  136               
       F2837xD_struct.obj               0       0                  120               
       F2837xD_PieCtrl.obj              40      0                  0                 
       F2837xD_CpuTimers.obj            0       0                  24                
       F2837xD_TempSensorConv.obj       0       0                  6                 
       F2837xD_usDelay.obj              4       0                  0                 
       F2837xD_DBGIER.obj               3       0                  0                 
       F2837xD_sci_io.obj               0       0                  1                 
    +--+--------------------------------+-------+------------------+--------------------+
       Total:                           1492    448                9046              
                                                                                     
    ./src/bsp/drv/driverlib/
       usb.obj                          2057    0                  0                 
       sysctl.obj                       583     0                  0                 
       interrupt.obj                    473     0                  0                 
       usb_hal.obj                      147     12                 0                 
    +--+--------------------------------+-------+------------------+--------------------+
       Total:                           3260    12                 0                 
                                                                                     
    ./src/bsp/drv/usblib/
       usbmode.obj                      601     0                  10                
       usbdma.obj                       212     0                  140               
       usbdesc.obj                      203     0                  0                 
       usbtick.obj                      130     0                  30                
    +--+--------------------------------+-------+------------------+--------------------+
       Total:                           1146    0                  180               
                                                                                     
    ./src/bsp/drv/usblib/device/
       usbdenum.obj                     2124    26                 128               
       usbdconfig.obj                   605     0                  0                 
       usbdcdesc.obj                    336     0                  0                 
       usbdaudio.obj                    0       120                43                
       usbdcdc.obj                      0       74                 49                
       usbdhidkeyb.obj                  0       39                 36                
       usbdbulk.obj                     0       31                 31                
       usbdhidmouse.obj                 0       28                 34                
       usbddfu-rt.obj                   0       12                 37                
       usbdcomp.obj                     0       0                  20                
       usbdhandler.obj                  18      0                  0                 
       usbdhid.obj                      0       0                  18                
    +--+--------------------------------+-------+------------------+--------------------+
       Total:                           3083    330                396               
                                                                                     
    ./src/bsp/drv/usblib/host/
       usbhostenum.obj                  5597    0                  910               
       usbhhub.obj                      1024    0                  62                
       usbhhid.obj                      0       0                  50                
       usbhaudio.obj                    0       0                  42                
       usbhhidkeyboard.obj              0       0                  22                
       usbhhidmouse.obj                 0       0                  16                
       usbhmsc.obj                      0       0                  14                
    +--+--------------------------------+-------+------------------+--------------------+
       Total:                           6621    0                  1116              
                                                                                     
    ./src/bsp/utils/
       dev_spi.obj                      2340    36                 1256              
       dev_uart.obj                     1083    49                 1936              
       dev_timer.obj                    1179    264                414               
       dev_dma.obj                      1045    66                 448               
       io.obj                           420     0                  0                 
       dev_init.obj                     5       0                  0                 
    +--+--------------------------------+-------+------------------+--------------------+
       Total:                           6072    415                4054              
                                                                                     
    ./src/core1/app/
       spitest.obj                      604     614                662               
       comtest.obj                      0       777                666               
       root.obj                         7       0                  0                 
    +--+--------------------------------+-------+------------------+--------------------+
       Total:                           611     1391               1328              
                                                                                     
    ./src/core1/os/
       tasks.obj                        3186    83                 124               
       queue.obj                        2095    77                 40                
       timers.obj                       894     91                 124               
       port.obj                         386     76                 6                 
       portASM.obj                      287     3                  0                 
       list.obj                         147     0                  0                 
       stream_buffer.obj                0       85                 0                 
       event_groups.obj                 0       84                 0                 
    +--+--------------------------------+-------+------------------+--------------------+
       Total:                           6995    499                294               
                                                                                     
    ./src/core1/sys/
       sys_std.obj                      189     0                  912               
       sys_tick.obj                     49      20                 0                 
       sys_schd.obj                     16      0                  0                 
       sys_fault.obj                    4       0                  0                 
    +--+--------------------------------+-------+------------------+--------------------+
       Total:                           258     20                 912               
                                                                                     
    ./src/lib/
       crc.obj                          80      0                  320               
    +--+--------------------------------+-------+------------------+--------------------+
       Total:                           80      0                  320               
                                                                                     
    ./src/lib/getopt/
       getoptbuf.obj                    185     0                  484               
       getopt.obj                       372     6                  14                
    +--+--------------------------------+-------+------------------+--------------------+
       Total:                           557     6                  498               
                                                                                     
    /home/cg/Work/McMaster/Prj_TMS320F28379D/Prj_Controller/src/lib/TI/rts2800_fpu32.lib
       _printfi.obj                     3094    66                 0                 
       _scanfi.obj                      1645    13                 0                 
       strtold.obj                      376     84                 0                 
       strtoll.obj                      366     0                  0                 
       strtod.obj                       285     32                 0                 
       strtoull.obj                     293     0                  0                 
       ll_div28.obj                     263     0                  0                 
       ctype.obj                        0       257                0                 
       strtol.obj                       222     0                  0                 
       s_scalbn.obj                     188     28                 0                 
       strtoul.obj                      179     0                  0                 
       fd_add28.obj                     156     0                  0                 
       fd_div28.obj                     139     0                  0                 
       fs_div28.obj                     136     0                  0                 
       fd_mpy28.obj                     131     0                  0                 
       sscanf.obj                       109     0                  0                 
       s_frexp.obj                      90      8                  0                 
       vsnprintf.obj                    87      0                  0                 
       boot28.obj                       86      0                  0                 
       atoi.obj                         49      0                  0                 
       exit.obj                         41      0                  6                 
       ltoa.obj                         46      0                  0                 
       fd_cmp28.obj                     42      0                  0                 
       l_div28.obj                      42      0                  0                 
       fs_toullfpu32.obj                37      0                  0                 
       cpy_tbl.obj                      36      0                  0                 
       s_copysign.obj                   36      0                  0                 
       i_div28.obj                      34      0                  0                 
       fd_toi28.obj                     33      0                  0                 
       fd_tol28.obj                     31      0                  0                 
       ll_cmp28.obj                     30      0                  0                 
       memcpy.obj                       30      0                  0                 
       i_tofd28.obj                     29      0                  0                 
       fs_tofdfpu32.obj                 28      0                  0                 
       l_tofd28.obj                     28      0                  0                 
       memmov.obj                       27      0                  0                 
       args_main.obj                    25      0                  0                 
       ll_aox28.obj                     24      0                  0                 
       strncmp.obj                      24      0                  0                 
       ul_tofd28.obj                    22      0                  0                 
       ll_mpy28.obj                     20      0                  0                 
       ull_tofsfpu32.obj                17      0                  0                 
       fd_sub28.obj                     14      0                  0                 
       _lock.obj                        9       0                  4                 
       memccpy.obj                      13      0                  0                 
       memset.obj                       12      0                  0                 
       strchr.obj                       12      0                  0                 
       strrchr.obj                      11      0                  0                 
       strcmp.obj                       10      0                  0                 
       fd_neg28.obj                     9       0                  0                 
       strlen.obj                       8       0                  0                 
       strcpy.obj                       5       0                  0                 
       pre_init.obj                     2       0                  0                 
       errno.obj                        0       0                  1                 
       startup.obj                      1       0                  0                 
    +--+--------------------------------+-------+------------------+--------------------+
       Total:                           8682    488                11                
                                                                                     
       Stack:                           0       0                  2048              
    +--+--------------------------------+-------+------------------+--------------------+
       Grand Total:                     42297   4230               20887             


GLOBAL DATA SYMBOLS: SORTED BY DATA PAGE

address     data page           name
--------    ----------------    ----
00000b00      2c (00000b00)     _AdcaResultRegs
00000b20      2c (00000b00)     _AdcbResultRegs

00000b40      2d (00000b40)     _AdccResultRegs
00000b60      2d (00000b40)     _AdcdResultRegs

00000c00      30 (00000c00)     _CpuTimer0Regs
00000c08      30 (00000c00)     _CpuTimer1Regs
00000c10      30 (00000c00)     _CpuTimer2Regs

00000ce0      33 (00000cc0)     _Cla1SoftIntRegs
00000ce0      33 (00000cc0)     _PieCtrlRegs

00000d00      34 (00000d00)     _EmuKey
00000d00      34 (00000d00)     _PieVectTable
00000d01      34 (00000d00)     _EmuBMode

00001000      40 (00001000)     _DmaRegs

00001400      50 (00001400)     _Cla1Regs

00004000     100 (00004000)     _EPwm1Regs

00004100     104 (00004100)     _EPwm2Regs

00004200     108 (00004200)     _EPwm3Regs

00004300     10c (00004300)     _EPwm4Regs

00004400     110 (00004400)     _EPwm5Regs

00004500     114 (00004500)     _EPwm6Regs

00004600     118 (00004600)     _EPwm7Regs

00004700     11c (00004700)     _EPwm8Regs

00004800     120 (00004800)     _EPwm9Regs

00004900     124 (00004900)     _EPwm10Regs

00004a00     128 (00004a00)     _EPwm11Regs

00004b00     12c (00004b00)     _EPwm12Regs

00005000     140 (00005000)     _ECap1Regs
00005020     140 (00005000)     _ECap2Regs

00005040     141 (00005040)     _ECap3Regs
00005060     141 (00005040)     _ECap4Regs

00005080     142 (00005080)     _ECap5Regs
000050a0     142 (00005080)     _ECap6Regs

00005100     144 (00005100)     _EQep1Regs

00005140     145 (00005140)     _EQep2Regs

00005180     146 (00005180)     _EQep3Regs

00005c00     170 (00005c00)     _DacaRegs
00005c10     170 (00005c00)     _DacbRegs
00005c20     170 (00005c00)     _DaccRegs

00005c80     172 (00005c80)     _Cmpss1Regs
00005ca0     172 (00005c80)     _Cmpss2Regs

00005cc0     173 (00005cc0)     _Cmpss3Regs
00005ce0     173 (00005cc0)     _Cmpss4Regs

00005d00     174 (00005d00)     _Cmpss5Regs
00005d20     174 (00005d00)     _Cmpss6Regs

00005d40     175 (00005d40)     _Cmpss7Regs
00005d60     175 (00005d40)     _Cmpss8Regs

00005e00     178 (00005e00)     _Sdfm1Regs

00005e80     17a (00005e80)     _Sdfm2Regs

00006000     180 (00006000)     _McbspaRegs

00006040     181 (00006040)     _McbspbRegs

00006100     184 (00006100)     _SpiaRegs
00006110     184 (00006100)     _SpibRegs
00006120     184 (00006100)     _SpicRegs

00006200     188 (00006200)     _UppRegs

00007000     1c0 (00007000)     _WdRegs

00007060     1c1 (00007040)     _NmiIntruptRegs
00007070     1c1 (00007040)     _XintRegs

00007200     1c8 (00007200)     _SciaRegs
00007210     1c8 (00007200)     _ScibRegs
00007220     1c8 (00007200)     _ScicRegs
00007230     1c8 (00007200)     _ScidRegs

00007300     1cc (00007300)     _I2caRegs

00007340     1cd (00007340)     _I2cbRegs

00007400     1d0 (00007400)     _AdcaRegs

00007480     1d2 (00007480)     _AdcbRegs

00007500     1d4 (00007500)     _AdccRegs

00007580     1d6 (00007580)     _AdcdRegs

00007900     1e4 (00007900)     _InputXbarRegs
00007920     1e4 (00007900)     _XbarRegs

00007940     1e5 (00007940)     _SyncSocRegs

00007980     1e6 (00007980)     _DmaClaSrcSelRegs

00007a00     1e8 (00007a00)     _EPwmXbarRegs

00007a80     1ea (00007a80)     _OutputXbarRegs

00007c00     1f0 (00007c00)     _GpioCtrlRegs

00007f00     1fc (00007f00)     _GpioDataRegs

00008000     200 (00008000)     _uart_phy_ptr
00008000     200 (00008000)     _uarta_in
00008000     200 (00008000)     _uarta_out
00008000     200 (00008000)     _uartd_in
00008000     200 (00008000)     _uartd_out
00008008     200 (00008000)     _dev_uart_array

00008040     201 (00008040)     _uartb

000080c0     203 (000080c0)     _uartc

00008140     205 (00008140)     _uarta

000081c0     207 (000081c0)     _uartd

00008240     209 (00008240)     _uartc_in

00008340     20d (00008340)     _uartb_in

00008440     211 (00008440)     _uartb_out

00008600     218 (00008600)     _uartc_out

00008790     21e (00008780)     _g_pui8IADAudioDescriptor
00008798     21e (00008780)     _g_psAudioSections
000087bb     21e (00008780)     _deviceOpen
000087bc     21e (00008780)     __lock
000087be     21e (00008780)     __unlock

000087fe     21f (000087c0)     _errno

00008800     220 (00008800)     _dev_spi_array
00008800     220 (00008800)     _spia_in
00008800     220 (00008800)     _spia_out
00008800     220 (00008800)     _spib_in
00008800     220 (00008800)     _spib_out
00008806     220 (00008800)     _spi_phy_ptr
0000880c     220 (00008800)     _spi_operation
00008816     220 (00008800)     _spibin

00008840     221 (00008840)     _spiaout
00008860     221 (00008840)     _spibout

00008880     222 (00008880)     _spiain
000088a0     222 (00008880)     _spicout

000088c0     223 (000088c0)     _spicin

00008900     224 (00008900)     _spic_in

00008980     226 (00008980)     _spic_out

00008a00     228 (00008a00)     _dev_ctrl_spib

00008a80     22a (00008a80)     _dev_ctrl_spic

00008b00     22c (00008b00)     _dev_ctrl_spia

00008b80     22e (00008b80)     _spib

00008c00     230 (00008c00)     _spic

00008c80     232 (00008c80)     _spia

00008ce8     233 (00008cc0)     _CpuTimer1
00008cf0     233 (00008cc0)     _CpuTimer2
00008cf8     233 (00008cc0)     _CpuTimer0

00008d00     234 (00008d00)     _bsp_gpio_info

00008fba     23e (00008f80)     _tempSensor_tempOffset
00008fbc     23e (00008f80)     _tempSensor_scaleFactor
00008fbe     23e (00008f80)     _tempSensor_tempSlope

00008ff3     23f (00008fc0)     _optopt
00008ff5     23f (00008fc0)     _opterr
00008ffa     23f (00008fc0)     _optind
00008ffc     23f (00008fc0)     _optarg

00009000     240 (00009000)     _stdio_dev

00009040     241 (00009040)     _std_out

00009200     248 (00009200)     _std_in

000093ba     24e (00009380)     _ulTaskHasFPUContext
000093bc     24e (00009380)     _ulSecureNesting
000093be     24e (00009380)     _ulCriticalNesting

0000974e     25d (00009740)     _g_psCDCSerSections
00009754     25d (00009740)     _g_psCDCCompSerSections
0000975c     25d (00009740)     _g_pui8IADSerDescriptor
00009764     25d (00009740)     _g_pui8CDCSerDescriptor
0000976d     25d (00009740)     _g_pui8CDCSerDeviceDescriptor

00009780     25e (00009780)     _g_ppsDevInfo
00009784     25e (00009780)     _g_psDCDInst

00009800     260 (00009800)     _comtest_err_test

00009840     261 (00009840)     _comtest_bash

00009880     262 (00009880)     _comtest_ctrl

00009a9a     26a (00009a80)     _g_sDFUConfigHeader
00009a9e     26a (00009a80)     _g_psDFUSections
00009aa4     26a (00009a80)     _g_pui8DFUInterface
00009aad     26a (00009a80)     _g_pui8DFUFunctionalDesc
00009ab6     26a (00009a80)     _g_pui8DFUConfigDescriptor

00009ac0     26b (00009ac0)     _spitest_err_test

00009b00     26c (00009b00)     _sh

00009b40     26d (00009b40)     _spitest_ctrl

00009d56     275 (00009d40)     _xQueueRegistry

00009d80     276 (00009d80)     _manual_reinit
00009d81     276 (00009d80)     _argc
00009d82     276 (00009d80)     _argv_buf

00009dc0     277 (00009dc0)     _getoptbuf

00009f64     27d (00009f40)     _g_ppCompConfigDescriptors
00009f78     27d (00009f40)     _bsp_clk_info

00009f90     27e (00009f80)     _pxCurrentTCB

00009ffc     27f (00009fc0)     _g_sAudioConfigSection

0000a000     280 (0000a000)     _dev_dma
0000a006     280 (0000a000)     _dma_phy_ptr
0000a012     280 (0000a000)     _dev_dma_array

0000a040     281 (0000a040)     _dma_ch5

0000a080     282 (0000a080)     _dma_ch6

0000a0c0     283 (0000a0c0)     _dma_ch2

0000a100     284 (0000a100)     _dma_ch1

0000a140     285 (0000a140)     _dma_ch4

0000a180     286 (0000a180)     _dma_ch3

0000a1c0     287 (0000a1c0)     _timer0_ptr
0000a1c2     287 (0000a1c0)     _timer1_ptr
0000a1c4     287 (0000a1c0)     _timer2_ptr
0000a1c6     287 (0000a1c0)     _timer_phy_ptr
0000a1cc     287 (0000a1c0)     _dev_timer_array

0000a200     288 (0000a200)     _timer2

0000a280     28a (0000a280)     _timer0

0000a300     28c (0000a300)     _timer1

0000a35e     28d (0000a340)     _g_sHIDConfigHeader
0000a362     28d (0000a340)     _g_sHIDDescriptorSection
0000a366     28d (0000a340)     _g_psHIDSections
0000a36e     28d (0000a340)     _g_pui8HIDInterface
0000a377     28d (0000a340)     _g_pui8MouseDescriptor

0000a380     28e (0000a380)     _made_crc8_table

0000a3c0     28f (0000a3c0)     _crc8_table

0000a5fc     297 (0000a5c0)     _g_sAudioControlInterfaceSection

0000a600     298 (0000a600)     _SCI
0000a604     298 (0000a600)     _MCBSP
0000a608     298 (0000a600)     _I2C
0000a60c     298 (0000a600)     _SDFM
0000a612     298 (0000a600)     _EQEP
0000a61a     298 (0000a600)     _SPI
0000a622     298 (0000a600)     _ADC
0000a62c     298 (0000a600)     _ECAP

0000a640     299 (0000a640)     _EPWM
0000a65a     299 (0000a640)     _TRIP_SEL
0000a678     299 (0000a640)     ___TI_enable_exit_profile_output
0000a67a     299 (0000a640)     ___TI_cleanup_ptr
0000a67c     299 (0000a640)     ___TI_dtors_ptr

0000a680     29a (0000a680)     _g_psBulkSections
0000a684     29a (0000a680)     _g_pui8BulkDescriptor
0000a68d     29a (0000a680)     _g_pui8BulkDeviceDescriptor
0000a6a0     29a (0000a680)     _g_bUSBTimerInitialized
0000a6a2     29a (0000a680)     _g_ui32CurrentUSBTick
0000a6a4     29a (0000a680)     _g_ui32USBSOFCount
0000a6a6     29a (0000a680)     _g_pfnTickHandlers
0000a6b2     29a (0000a680)     _g_pvTickInstance

0000a6c0     29b (0000a6c0)     _g_pui8HIDDeviceDescriptor
0000a6e1     29b (0000a6c0)     _g_iUSBMode
0000a6e2     29b (0000a6c0)     _g_eOTGModeState
0000a6e6     29b (0000a6c0)     _g_ui32PollRate
0000a6e8     29b (0000a6c0)     _g_ui32WaitTicks

0000ad70     2b5 (0000ad40)     _PieVectTableInit

0000afc3     2bf (0000afc0)     _g_pui8AudioControlInterface

0000b800     2e0 (0000b800)     __stack

0000d000     340 (0000d000)     _ConfigDescAlloc

0000d051     341 (0000d040)     _ConfigDescFree

0000d0be     342 (0000d080)     _USBHCDEventEnable

0000d0d3     343 (0000d0c0)     _USBHCDEventDisable

0000d1a1     346 (0000d180)     _USBHCDPipeAllocSize

0000d397     34e (0000d380)     _USBHCDPipeAlloc
0000d3a6     34e (0000d380)     _USBHCDPipeConfig

0000d476     351 (0000d440)     _USBHCDPipeStatus
0000d47b     351 (0000d440)     _USBHCDPipeWrite

0000d57b     355 (0000d540)     _USBHCDPipeSchedule

0000d622     358 (0000d600)     _USBHCDPipeReadNonBlocking

0000d64d     359 (0000d640)     _USBHCDPipeDataAck
0000d66a     359 (0000d640)     _USBHCDPipeRead

0000d77f     35d (0000d740)     _USBHCDPipeFree

0000d98a     366 (0000d980)     _USBHCDPowerConfigInit
0000d992     366 (0000d980)     _USBHCDPowerConfigGet
0000d999     366 (0000d980)     _USBHCDPowerConfigSet

0000d9c3     367 (0000d9c0)     _USBHCDPowerAutomatic
0000d9ce     367 (0000d9c0)     _USBHCDInit

0000da23     368 (0000da00)     _USBHCDRegisterDrivers
0000da2e     368 (0000da00)     _USBHCDTerm

0000da8e     36a (0000da80)     _USBHCDReset
0000dab4     36a (0000da80)     _USBHCDSuspend
0000dabd     36a (0000da80)     _USBHCDResume

0000db7b     36d (0000db40)     _USBHCDSetAddress

0000dc24     370 (0000dc00)     _USBHCDSetConfig

0000dc48     371 (0000dc40)     _USBHCDSetInterface
0000dc74     371 (0000dc40)     _USBHostCheckPipes

0000dcff     373 (0000dcc0)     _USBHostIntHandlerInternal

0000e075     381 (0000e040)     _USB0HostIntHandler

0000e0f0     383 (0000e0c0)     _InternalUSBHCDSendEvent

0000e19f     386 (0000e180)     _USBHCDMain

0000e361     38d (0000e340)     _USBHCDControlTransfer

0000e3f3     38f (0000e3c0)     _USBHCDHubDeviceConnected

0000e44b     391 (0000e440)     _USBHCDHubDeviceDisconnected

0000e546     395 (0000e540)     _USBHCDDevHubPort
0000e55a     395 (0000e540)     _USBHCDDevAddress
0000e56e     395 (0000e540)     _USBHCDDevClass

0000e593     396 (0000e580)     _USBHCDDevSubClass
0000e5b8     396 (0000e580)     _USBHCDDevProtocol

0000e5dd     397 (0000e5c0)     _xTaskCreateStatic

0000e719     39c (0000e700)     _vTaskDelete

0000e769     39d (0000e740)     _vTaskDelayUntil

0000e7c6     39f (0000e7c0)     _vTaskDelay
0000e7eb     39f (0000e7c0)     _uxTaskPriorityGet

0000e801     3a0 (0000e800)     _uxTaskPriorityGetFromISR
0000e813     3a0 (0000e800)     _vTaskPrioritySet

0000e8b8     3a2 (0000e880)     _vTaskSuspend

0000e94b     3a5 (0000e940)     _vTaskResume

0000e99b     3a6 (0000e980)     _xTaskResumeFromISR

0000e9eb     3a7 (0000e9c0)     _vTaskStartScheduler

0000ea38     3a8 (0000ea00)     _vTaskEndScheduler

0000ea40     3a9 (0000ea40)     _vTaskSuspendAll
0000ea44     3a9 (0000ea40)     _xTaskResumeAll

0000eabe     3aa (0000ea80)     _xTaskGetTickCount

0000eaca     3ab (0000eac0)     _xTaskGetTickCountFromISR
0000ead2     3ab (0000eac0)     _uxTaskGetNumberOfTasks
0000ead6     3ab (0000eac0)     _pcTaskGetName
0000eaee     3ab (0000eac0)     _xTaskIncrementTick

0000eb71     3ad (0000eb40)     _vTaskSwitchContext

0000ebc1     3af (0000ebc0)     _vTaskPlaceOnEventList
0000ebdb     3af (0000ebc0)     _vTaskPlaceOnUnorderedEventList

0000ec0d     3b0 (0000ec00)     _vTaskPlaceOnEventListRestricted
0000ec2c     3b0 (0000ec00)     _xTaskRemoveFromEventList

0000ec81     3b2 (0000ec80)     _vTaskRemoveFromUnorderedEventList

0000ecd9     3b3 (0000ecc0)     _vTaskSetTimeOutState
0000ecf2     3b3 (0000ecc0)     _vTaskInternalSetTimeOutState
0000ecfe     3b3 (0000ecc0)     _xTaskCheckForTimeOut

0000ed42     3b5 (0000ed40)     _vTaskMissedYield
0000ed53     3b5 (0000ed40)     _vTaskSetThreadLocalStoragePointer
0000ed6b     3b5 (0000ed40)     _pvTaskGetThreadLocalStoragePointer

0000edf2     3b7 (0000edc0)     _xTaskGetCurrentTaskHandle
0000edfa     3b7 (0000edc0)     _xTaskGetSchedulerState

0000ee0b     3b8 (0000ee00)     _xTaskPriorityInherit

0000ee8a     3ba (0000ee80)     _xTaskPriorityDisinherit

0000eefc     3bb (0000eec0)     _vTaskPriorityDisinheritAfterTimeout

0000ef8d     3be (0000ef80)     _uxTaskResetEventItemValue
0000efa2     3be (0000ef80)     _pvTaskIncrementMutexHeldCount
0000efac     3be (0000ef80)     _ulTaskNotifyTake

0000efe9     3bf (0000efc0)     _xTaskNotifyWait

0000f035     3c0 (0000f000)     _xTaskGenericNotify

0000f0d0     3c3 (0000f0c0)     _xTaskGenericNotifyFromISR

0000f179     3c5 (0000f140)     _vTaskNotifyGiveFromISR

0000f1ef     3c7 (0000f1c0)     _xTaskNotifyStateClear

0000f24f     3c9 (0000f240)     __system_post_cinit

0000fd33     3f4 (0000fd00)     ___TI_printfi

0000ffd4     3ff (0000ffc0)     _spi_oper_chk
0000ffee     3ff (0000ffc0)     _spi_node_fifo_init

0001000b     400 (00010000)     _spi_node_fifo_push
00010024     400 (00010000)     _spi_node_fifo_pop
0001003e     400 (00010000)     _spi_node_select

0001007d     401 (00010040)     _spi_dma_init

000100b7     402 (00010080)     _spi_default

000100d8     403 (000100c0)     _spi_buf_reset

00010104     404 (00010100)     _spi_reset
00010110     404 (00010100)     _spi_wait2send
0001013c     404 (00010100)     _spi_get_sendbyte

00010197     406 (00010180)     _spi_dma_getdev

000101c0     407 (000101c0)     _spi_dma_trig

00010204     408 (00010200)     _spi_dma_send

0001028f     40a (00010280)     _spi_dma_receive

0001031b     40c (00010300)     _spi_dma_handler_send
00010327     40c (00010300)     _spi_trig_send

00010396     40e (00010380)     _spi_dma_handler_receive
000103a2     40e (00010380)     _spi_write

0001041d     410 (00010400)     _spi_read

0001048a     412 (00010480)     _spi_listen

000104c0     413 (000104c0)     _spi_flush
000104ca     413 (000104c0)     _spi_vioctl

00010642     419 (00010640)     _spi_ioctl
00010650     419 (00010640)     _dev_spi_init

00010713     41c (00010700)     _USBDCDDeviceInfoInit
00010725     41c (00010700)     _USBDCDInit

000107a7     41e (00010780)     _USBDCDTerm

000107dc     41f (000107c0)     _USBDCDRequestDataEP0
000107ea     41f (000107c0)     _USBDCDSendDataEP0
000107f9     41f (000107c0)     _USBDCDSetDefaultConfiguration

00010801     420 (00010800)     _USBDCDStallEP0
00010812     420 (00010800)     _USBDCDPowerStatusSet
0001081f     420 (00010800)     _USBDCDRemoteWakeupRequest
00010835     420 (00010800)     _USBDeviceResumeTickHandler

000108a2     422 (00010880)     _USBDeviceEnumHandler

00010962     425 (00010940)     _USBDeviceEnumResetHandler

00010ec7     43b (00010ec0)     _USBDeviceIntHandlerInternal

00010f5f     43d (00010f40)     _xQueueGenericReset

00010fc3     43f (00010fc0)     _xQueueGenericCreateStatic

00011058     441 (00011040)     _xQueueCreateMutexStatic
0001106b     441 (00011040)     _xQueueGenericSend

00011148     445 (00011140)     _xQueueGenericSendFromISR

000111c4     447 (000111c0)     _xQueueGiveFromISR

00011235     448 (00011200)     _xQueueReceive

000112f9     44b (000112c0)     _xQueueSemaphoreTake

000113e7     44f (000113c0)     _xQueuePeek

000114aa     452 (00011480)     _xQueueReceiveFromISR

0001150b     454 (00011500)     _xQueuePeekFromISR

[...]
0     00016a8c  _timer0_isr_handler                   
0     00016abe  _timer1_isr_handler                   
0     00016aec  _timer2_isr_handler                   
0     00016b1a  FD$$DIV                               
0     00016ba5  FS$$DIV                               
0     00016c2d  FD$$MPY                               
0     00016cb0  _InternalUSBTickInit                  
0     00016cd5  _InternalUSBTickReset                 
0     00016cd9  _InternalUSBRegisterTickHandler       
0     00016d07  _InternalUSBStartOfFrameTick          
0     00016d32  _spic_rx_isr_handler                  
0     00016d69  _spic_tx_isr_handler                  
0     00016da9  _bsp_gpio_init                        
0     00016e06  _bsp_gpio_set                         
0     00016e0d  _bsp_gpio_read                        
0     00016e13  _bsp_gpio_toggle                      
0     00016e1f  _vsscanf                              
0     00016e2f  _sscanf                               
0     00016e8c  _frexpl                               
0     00016ee6  _vsnprintf                            
0     00016f3d  _c_int00                              
0     00016f93  _init_crc8                            
0     00016fc2  _crc8                                 
0     00016fe3  _atoi                                 
0     00017014  _sys_tick_init                        
0     0001702c  _sys_tick                             
0     00017045  _ltoa                                 
0     00017073  FD$$CMP                               
0     0001709d  L$$DIV                                
0     000170ac  L$$MOD                                
0     000170ba  UL$$DIV                               
0     000170c1  UL$$MOD                               
0     000170c7  C$$EXIT                               
0     000170c7  _abort                                
0     000170c9  _exit                                 
0     000170f0  _InitPieCtrl                          
0     0001710f  _EnableInterrupts                     
0     00017118  _InitPieVectTable                     
0     0001713e  FS$$TOULL                             
0     00017163  _copy_in                              
0     00017187  _copysignl                            
0     000171ab  I$$DIV                                
0     000171bc  I$$MOD                                
0     000171cd  FD$$TOI                               
0     000171ee  FD$$TOL                               
0     0001720d  LL$$CMP                               
0     0001721f  ULL$$CMP                              
0     0001722b  _memcpy                               
0     00017249  I$$TOFD                               
0     00017266  FS$$TOFD                              
0     00017282  L$$TOFD                               
0     0001729e  _memmove                              
0     000172b9  __args_main                           
0     000172d2  LL$$AND                               
0     000172da  LL$$OR                                
0     000172e2  LL$$XOR                               
0     000172ea  _strncmp                              
0     00017302  _bsp_reset                            
0     00017312  _bsp_init                             
0     00017319  UL$$TOFD                              
0     0001732f  LL$$MPY                               
0     00017343  _USB0DeviceIntHandler                 
0     00017355  ULL$$TOFS                             
0     00017366  _sys_reset                            
0     00017368  _sys_init                             
0     00017373  _sys_schd                             
0     00017376  _main                                 
0     00017385  _IntDefaultHandler                    
0     00017394  FD$$SUB                               
0     000173a2  _memccpy                              
0     000173af  _memset                               
0     000173bb  _strchr                               
0     000173c7  _strrchr                              
0     000173d2  _strcmp                               
0     000173dc  __register_unlock                     
0     000173e0  __register_lock                       
0     000173e4  __nop                                 
0     000173e5  FD$$NEG                               
0     000173ee  _strlen                               
0     000173f6  _root_init                            
0     000173fa  _root_main                            
0     000173fd  _dev_init                             
0     00017402  _strcpy                               
0     00017407  _sys_fault                            
0     0001740b  _SetDBGIER                            
0     00017411  __system_pre_init                     
0     00017413  ___etext__                            
0     00017413  etext                                 
0     0003f800  _g_asIPCCPU2toCPU1Buffers             
0     0003f880  _g_usGetWriteIndexes                  
0     0003f884  _g_usPutReadIndexes                   
1     00000b00  _AdcaResultRegs                       
1     00000b20  _AdcbResultRegs                       
1     00000b40  _AdccResultRegs                       
1     00000b60  _AdcdResultRegs                       
1     00000c00  _CpuTimer0Regs                        
1     00000c08  _CpuTimer1Regs                        
1     00000c10  _CpuTimer2Regs                        
1     00000ce0  _PieCtrlRegs                          
1     00000d00  _EmuKey                               
1     00000d00  _PieVectTable                         
1     00000d01  _EmuBMode                             
1     00001000  _DmaRegs                              
1     00001400  _Cla1Regs                             
1     00004000  _EPwm1Regs                            
1     00004100  _EPwm2Regs                            
1     00004200  _EPwm3Regs                            
1     00004300  _EPwm4Regs                            
1     00004400  _EPwm5Regs                            
1     00004500  _EPwm6Regs                            
1     00004600  _EPwm7Regs                            
1     00004700  _EPwm8Regs                            
1     00004800  _EPwm9Regs                            
1     00004900  _EPwm10Regs                           
1     00004a00  _EPwm11Regs                           
1     00004b00  _EPwm12Regs                           
1     00005000  _ECap1Regs                            
1     00005020  _ECap2Regs                            
1     00005040  _ECap3Regs                            
1     00005060  _ECap4Regs                            
1     00005080  _ECap5Regs                            
1     000050a0  _ECap6Regs                            
1     00005100  _EQep1Regs                            
1     00005140  _EQep2Regs                            
1     00005180  _EQep3Regs                            
1     00005c00  _DacaRegs                             
1     00005c10  _DacbRegs                             
1     00005c20  _DaccRegs                             
1     00005c80  _Cmpss1Regs                           
1     00005ca0  _Cmpss2Regs                           
1     00005cc0  _Cmpss3Regs                           
1     00005ce0  _Cmpss4Regs                           
1     00005d00  _Cmpss5Regs                           
1     00005d20  _Cmpss6Regs                           
1     00005d40  _Cmpss7Regs                           
1     00005d60  _Cmpss8Regs                           
1     00005e00  _Sdfm1Regs                            
1     00005e80  _Sdfm2Regs                            
1     00006000  _McbspaRegs                           
1     00006040  _McbspbRegs                           
1     00006100  _SpiaRegs                             
1     00006110  _SpibRegs                             
1     00006120  _SpicRegs                             
1     00006200  _UppRegs                              
1     00007000  _WdRegs                               
1     00007060  _NmiIntruptRegs                       
1     00007070  _XintRegs                             
1     00007200  _SciaRegs                             
1     00007210  _ScibRegs                             
1     00007220  _ScicRegs                             
1     00007230  _ScidRegs                             
1     00007300  _I2caRegs                             
1     00007340  _I2cbRegs                             
1     00007400  _AdcaRegs                             
1     00007480  _AdcbRegs                             
1     00007500  _AdccRegs                             
1     00007580  _AdcdRegs                             
1     00007900  _InputXbarRegs                        
1     00007920  _XbarRegs                             
1     00007940  _SyncSocRegs                          
1     00007980  _DmaClaSrcSelRegs                     
1     00007a00  _EPwmXbarRegs                         
1     00007a80  _OutputXbarRegs                       
1     00007c00  _GpioCtrlRegs                         
1     00007f00  _GpioDataRegs                         
1     00008000  _uart_phy_ptr                         
1     00008000  _uarta_in                             
1     00008000  _uarta_out                            
1     00008000  _uartd_in                             
1     00008000  _uartd_out                            
1     00008008  _dev_uart_array                       
1     00008040  _uartb                                
1     000080c0  _uartc                                
1     00008140  _uarta                                
1     000081c0  _uartd                                
1     00008240  _uartc_in                             
1     00008340  _uartb_in                             
1     00008440  _uartb_out                            
1     00008600  _uartc_out                            
1     00008790  _g_pui8IADAudioDescriptor             
1     00008798  _g_psAudioSections                    
1     000087bb  _deviceOpen                           
1     000087bc  __lock                                
1     000087be  __unlock                              
1     000087fe  _errno                                
1     00008800  _dev_spi_array                        
1     00008800  _spia_in                              
1     00008800  _spia_out                             
1     00008800  _spib_in                              
1     00008800  _spib_out                             
1     00008806  _spi_phy_ptr                          
1     0000880c  _spi_operation                        
1     00008816  _spibin                               
1     00008840  _spiaout                              
1     00008860  _spibout                              
1     00008880  _spiain                               
1     000088a0  _spicout                              
1     000088c0  _spicin                               
1     00008900  _spic_in                              
1     00008980  _spic_out                             
1     00008a00  _dev_ctrl_spib                        
1     00008a80  _dev_ctrl_spic                        
1     00008b00  _dev_ctrl_spia                        
1     00008b80  _spib                                 
1     00008c00  _spic                                 
1     00008c80  _spia                                 
1     00008ce8  _CpuTimer1                            
1     00008cf0  _CpuTimer2                            
1     00008cf8  _CpuTimer0                            
1     00008d00  _bsp_gpio_info                        
1     00008fba  _tempSensor_tempOffset                
1     00008fbc  _tempSensor_scaleFactor               
1     00008fbe  _tempSensor_tempSlope                 
1     00008ff3  _optopt                               
1     00008ff5  _opterr                               
1     00008ffa  _optind                               
1     00008ffc  _optarg                               
1     00009000  _stdio_dev                            
1     00009040  _std_out                              
1     00009200  _std_in                               
1     000093ba  _ulTaskHasFPUContext                  
1     000093bc  _ulSecureNesting                      
1     000093be  _ulCriticalNesting                    
1     0000974e  _g_psCDCSerSections                   
1     00009754  _g_psCDCCompSerSections               
1     0000975c  _g_pui8IADSerDescriptor               
1     00009764  _g_pui8CDCSerDescriptor               
1     0000976d  _g_pui8CDCSerDeviceDescriptor         
1     00009780  _g_ppsDevInfo                         
1     00009784  _g_psDCDInst                          
1     00009800  _comtest_err_test                     
1     00009840  _comtest_bash                         
1     00009880  _comtest_ctrl                         
1     00009a9a  _g_sDFUConfigHeader                   
1     00009a9e  _g_psDFUSections                      
1     00009aa4  _g_pui8DFUInterface                   
1     00009aad  _g_pui8DFUFunctionalDesc              
1     00009ab6  _g_pui8DFUConfigDescriptor            
1     00009ac0  _spitest_err_test                     
1     00009b00  _sh                                   
1     00009b40  _spitest_ctrl                         
1     00009d56  _xQueueRegistry                       
1     00009d80  _manual_reinit                        
1     00009d81  _argc                                 
1     00009d82  _argv_buf                             
1     00009dc0  _getoptbuf                            
1     00009f64  _g_ppCompConfigDescriptors            
1     00009f78  _bsp_clk_info                         
1     00009f90  _pxCurrentTCB                         
1     00009ffc  _g_sAudioConfigSection                
1     0000a000  _dev_dma                              
1     0000a006  _dma_phy_ptr                          
1     0000a012  _dev_dma_array                        
1     0000a040  _dma_ch5                              
1     0000a080  _dma_ch6                              
1     0000a0c0  _dma_ch2                              
1     0000a100  _dma_ch1                              
1     0000a140  _dma_ch4                              
1     0000a180  _dma_ch3                              
1     0000a1c0  _timer0_ptr                           
1     0000a1c2  _timer1_ptr                           
1     0000a1c4  _timer2_ptr                           
1     0000a1c6  _timer_phy_ptr                        
1     0000a1cc  _dev_timer_array                      
1     0000a200  _timer2                               
1     0000a280  _timer0                               
1     0000a300  _timer1                               
1     0000a35e  _g_sHIDConfigHeader                   
1     0000a362  _g_sHIDDescriptorSection              
1     0000a366  _g_psHIDSections                      
1     0000a36e  _g_pui8HIDInterface                   
1     0000a377  _g_pui8MouseDescriptor                
1     0000a380  _made_crc8_table                      
1     0000a3c0  _crc8_table                           
1     0000a5fc  _g_sAudioControlInterfaceSection      
1     0000a600  _SCI                                  
1     0000a604  _MCBSP                                
1     0000a608  _I2C                                  
1     0000a60c  _SDFM                                 
1     0000a612  _EQEP                                 
1     0000a61a  _SPI                                  
1     0000a622  _ADC                                  
1     0000a62c  _ECAP                                 
1     0000a640  _EPWM                                 
1     0000a65a  _TRIP_SEL                             
1     0000a678  ___TI_enable_exit_profile_output      
1     0000a67a  ___TI_cleanup_ptr                     
1     0000a67c  ___TI_dtors_ptr                       
1     0000a680  _g_psBulkSections                     
1     0000a684  _g_pui8BulkDescriptor                 
1     0000a68d  _g_pui8BulkDeviceDescriptor           
1     0000a6a0  _g_bUSBTimerInitialized               
1     0000a6a2  _g_ui32CurrentUSBTick                 
1     0000a6a4  _g_ui32USBSOFCount                    
1     0000a6a6  _g_pfnTickHandlers                    
1     0000a6b2  _g_pvTickInstance                     
1     0000a6c0  _g_pui8HIDDeviceDescriptor            
1     0000a6e1  _g_iUSBMode                           
1     0000a6e2  _g_eOTGModeState                      
1     0000a6e6  _g_ui32PollRate                       
1     0000a6e8  _g_ui32WaitTicks                      
1     0000ad70  _PieVectTableInit                     
1     0000afc3  _g_pui8AudioControlInterface          
1     0000b800  __stack                               
1     0000c000  __STACK_END                           
1     00018106  __ctypes_                             
1     00018512  _g_pui8AudioStreamInterface           
1     0001860e  _g_pui8CDCSerCommInterface            
1     00018684  _g_pui8BulkInterface                  
1     0001869b  _g_pui8CDCSerDataInterface            
1     0001870e  _g_pui8HIDInEndpoint                  
1     00018728  _g_sAudioStreamInterfaceSection       
1     0001872c  _g_sBulkConfigSection                 
1     00018730  _g_sBulkInterfaceSection              
1     00018734  _g_sCDCSerCommInterfaceSection        
1     00018738  _g_sCDCSerConfigSection               
1     0001873c  _g_sCDCSerDataInterfaceSection        
1     00018740  _g_sDFUConfigSection                  
1     00018744  _g_sDFUFunctionalDescSection          
1     00018748  _g_sDFUInterfaceSection               
1     00018750  _g_sHIDConfigSection                  
1     00018758  _g_sHIDInEndpointSection              
1     00018760  _g_sHIDInterfaceSection               
1     00018768  _g_sIADAudioConfigSection             
1     0001876c  _g_sIADSerConfigSection               
1     0003fc00  _g_asIPCCPU1toCPU2Buffers             
1     0003fc80  _g_usPutWriteIndexes                  
1     0003fc84  _g_usGetReadIndexes                   
1     00047000  _Emif1Regs                            
1     00047800  _Emif2Regs                            
1     00048000  _CanaRegs                             
1     0004a000  _CanbRegs                             
1     00050000  _IpcRegs                              
1     00050024  _FlashPumpSemaphoreRegs               
1     0005d000  _DevCfgRegs                           
1     0005d180  _AnalogSubsysRegs                     
1     0005d200  _ClkCfgRegs                           
1     0005d300  _CpuSysRegs                           
1     0005e608  _RomPrefetchRegs                      
1     0005f000  _DcsmZ1Regs                           
1     0005f040  _DcsmZ2Regs                           
1     0005f070  _DcsmCommonRegs                       
1     0005f400  _MemCfgRegs                           
1     0005f480  _Emif1ConfigRegs                      
1     0005f4a0  _Emif2ConfigRegs                      
1     0005f4c0  _AccessProtectionRegs                 
1     0005f500  _MemoryErrorRegs                      
1     0005f540  _RomWaitStateRegs                     
1     0005f800  _Flash0CtrlRegs                       
1     0005fb00  _Flash0EccRegs                        
1     00078000  _DcsmZ1Otp                            
1     00078200  _DcsmZ2Otp                            
abs   00000800  __STACK_SIZE                          
abs   ffffffff  ___TI_pprof_out_hndl                  
abs   ffffffff  ___TI_prof_data_size                  
abs   ffffffff  ___TI_prof_data_start                 
abs   ffffffff  ___binit__                            
abs   ffffffff  ___c_args__                           
abs   ffffffff  ___cinit__                            
abs   ffffffff  ___pinit__                            
abs   ffffffff  binit                                 
abs   ffffffff  cinit                                 
abs   ffffffff  pinit                                 

[948 symbols]
