<?xml version="1.0"?>
<link_info>
   <banner>TMS320C2000 Linker Unix v16.9.4.LTS</banner>
   <copyright>Copyright (c) 1996-2017 Texas Instruments Incorporated</copyright>
   <link_time>0x5b6b8b36</link_time>
   <link_errors>0x0</link_errors>
   <output_file>Pro_test.out</output_file>
   <entry_point>
      <name>code_start</name>
      <address>0x80000</address>
   </entry_point>
   <input_file_list>
      <input_file id="fl-2">
         <path>./src/bsp/boot/</path>
         <kind>object</kind>
         <file>F2837xD_CodeStartBranch.obj</file>
         <name>F2837xD_CodeStartBranch.obj</name>
      </input_file>
      <input_file id="fl-3">
         <path>./src/bsp/</path>
         <kind>object</kind>
         <file>bsp_clk.obj</file>
         <name>bsp_clk.obj</name>
      </input_file>
      <input_file id="fl-4">
         <path>./src/bsp/</path>
         <kind>object</kind>
         <file>bsp_epwm.obj</file>
         <name>bsp_epwm.obj</name>
      </input_file>
      <input_file id="fl-5">
         <path>./src/bsp/</path>
         <kind>object</kind>
         <file>bsp_gpio.obj</file>
         <name>bsp_gpio.obj</name>
      </input_file>
      <input_file id="fl-6">
         <path>./src/bsp/</path>
         <kind>object</kind>
         <file>bsp_init.obj</file>
         <name>bsp_init.obj</name>
      </input_file>
      <input_file id="fl-7">
         <path>./src/bsp/</path>
         <kind>object</kind>
         <file>bsp_spi.obj</file>
         <name>bsp_spi.obj</name>
      </input_file>
      <input_file id="fl-8">
         <path>./src/bsp/</path>
         <kind>object</kind>
         <file>bsp_timer.obj</file>
         <name>bsp_timer.obj</name>
      </input_file>
      <input_file id="fl-9">
         <path>./src/bsp/</path>
         <kind>object</kind>
         <file>bsp_uart.obj</file>
         <name>bsp_uart.obj</name>
      </input_file>
      <input_file id="fl-a">
         <path>./src/bsp/</path>
         <kind>object</kind>
         <file>bsp_xbar.obj</file>
         <name>bsp_xbar.obj</name>
      </input_file>
      <input_file id="fl-b">
         <path>./src/bsp/</path>
         <kind>object</kind>
         <file>cpu_isr.obj</file>
         <name>cpu_isr.obj</name>
      </input_file>
      <input_file id="fl-c">
         <path>./src/bsp/</path>
         <kind>object</kind>
         <file>main.obj</file>
         <name>main.obj</name>
      </input_file>
      <input_file id="fl-d">
         <path>./src/bsp/drv/</path>
         <kind>object</kind>
         <file>F2837xD_Adc.obj</file>
         <name>F2837xD_Adc.obj</name>
      </input_file>
      <input_file id="fl-e">
         <path>./src/bsp/drv/</path>
         <kind>object</kind>
         <file>F2837xD_CpuTimers.obj</file>
         <name>F2837xD_CpuTimers.obj</name>
      </input_file>
      <input_file id="fl-f">
         <path>./src/bsp/drv/</path>
         <kind>object</kind>
         <file>F2837xD_DBGIER.obj</file>
         <name>F2837xD_DBGIER.obj</name>
      </input_file>
      <input_file id="fl-10">
         <path>./src/bsp/drv/</path>
         <kind>object</kind>
         <file>F2837xD_Dma.obj</file>
         <name>F2837xD_Dma.obj</name>
      </input_file>
      <input_file id="fl-11">
         <path>./src/bsp/drv/</path>
         <kind>object</kind>
         <file>F2837xD_ECap.obj</file>
         <name>F2837xD_ECap.obj</name>
      </input_file>
      <input_file id="fl-12">
         <path>./src/bsp/drv/</path>
         <kind>object</kind>
         <file>F2837xD_EPwm.obj</file>
         <name>F2837xD_EPwm.obj</name>
      </input_file>
      <input_file id="fl-13">
         <path>./src/bsp/drv/</path>
         <kind>object</kind>
         <file>F2837xD_EQep.obj</file>
         <name>F2837xD_EQep.obj</name>
      </input_file>
      <input_file id="fl-14">
         <path>./src/bsp/drv/</path>
         <kind>object</kind>
         <file>F2837xD_Emif.obj</file>
         <name>F2837xD_Emif.obj</name>
      </input_file>
      <input_file id="fl-15">
         <path>./src/bsp/drv/</path>
         <kind>object</kind>
         <file>F2837xD_GlobalVariableDefs.obj</file>
         <name>F2837xD_GlobalVariableDefs.obj</name>
      </input_file>
      <input_file id="fl-16">
         <path>./src/bsp/drv/</path>
         <kind>object</kind>
         <file>F2837xD_Gpio.obj</file>
         <name>F2837xD_Gpio.obj</name>
      </input_file>
      <input_file id="fl-17">
         <path>./src/bsp/drv/</path>
         <kind>object</kind>
         <file>F2837xD_I2C.obj</file>
         <name>F2837xD_I2C.obj</name>
      </input_file>
      <input_file id="fl-18">
         <path>./src/bsp/drv/</path>
         <kind>object</kind>
         <file>F2837xD_Ipc.obj</file>
         <name>F2837xD_Ipc.obj</name>
      </input_file>
      <input_file id="fl-19">
         <path>./src/bsp/drv/</path>
         <kind>object</kind>
         <file>F2837xD_Ipc_Driver.obj</file>
         <name>F2837xD_Ipc_Driver.obj</name>
      </input_file>
      <input_file id="fl-1a">
         <path>./src/bsp/drv/</path>
         <kind>object</kind>
         <file>F2837xD_Ipc_Driver_Lite.obj</file>
         <name>F2837xD_Ipc_Driver_Lite.obj</name>
      </input_file>
      <input_file id="fl-1b">
         <path>./src/bsp/drv/</path>
         <kind>object</kind>
         <file>F2837xD_Ipc_Driver_Util.obj</file>
         <name>F2837xD_Ipc_Driver_Util.obj</name>
      </input_file>
      <input_file id="fl-1c">
         <path>./src/bsp/drv/</path>
         <kind>object</kind>
         <file>F2837xD_Mcbsp.obj</file>
         <name>F2837xD_Mcbsp.obj</name>
      </input_file>
      <input_file id="fl-1d">
         <path>./src/bsp/drv/</path>
         <kind>object</kind>
         <file>F2837xD_PieCtrl.obj</file>
         <name>F2837xD_PieCtrl.obj</name>
      </input_file>
      <input_file id="fl-1e">
         <path>./src/bsp/drv/</path>
         <kind>object</kind>
         <file>F2837xD_PieVect.obj</file>
         <name>F2837xD_PieVect.obj</name>
      </input_file>
      <input_file id="fl-1f">
         <path>./src/bsp/drv/</path>
         <kind>object</kind>
         <file>F2837xD_Sci.obj</file>
         <name>F2837xD_Sci.obj</name>
      </input_file>
      <input_file id="fl-20">
         <path>./src/bsp/drv/</path>
         <kind>object</kind>
         <file>F2837xD_Spi.obj</file>
         <name>F2837xD_Spi.obj</name>
      </input_file>
      <input_file id="fl-21">
         <path>./src/bsp/drv/</path>
         <kind>object</kind>
         <file>F2837xD_SysCtrl.obj</file>
         <name>F2837xD_SysCtrl.obj</name>
      </input_file>
      <input_file id="fl-22">
         <path>./src/bsp/drv/</path>
         <kind>object</kind>
         <file>F2837xD_TempSensorConv.obj</file>
         <name>F2837xD_TempSensorConv.obj</name>
      </input_file>
      <input_file id="fl-23">
         <path>./src/bsp/drv/</path>
         <kind>object</kind>
         <file>F2837xD_Upp.obj</file>
         <name>F2837xD_Upp.obj</name>
      </input_file>
      <input_file id="fl-24">
         <path>./src/bsp/drv/</path>
         <kind>object</kind>
         <file>F2837xD_can.obj</file>
         <name>F2837xD_can.obj</name>
      </input_file>
      <input_file id="fl-25">
         <path>./src/bsp/drv/</path>
         <kind>object</kind>
         <file>F2837xD_sci_io.obj</file>
         <name>F2837xD_sci_io.obj</name>
      </input_file>
      <input_file id="fl-26">
         <path>./src/bsp/drv/</path>
         <kind>object</kind>
         <file>F2837xD_sdfm_drivers.obj</file>
         <name>F2837xD_sdfm_drivers.obj</name>
      </input_file>
      <input_file id="fl-27">
         <path>./src/bsp/drv/</path>
         <kind>object</kind>
         <file>F2837xD_struct.obj</file>
         <name>F2837xD_struct.obj</name>
      </input_file>
      <input_file id="fl-28">
         <path>./src/bsp/drv/</path>
         <kind>object</kind>
         <file>F2837xD_usDelay.obj</file>
         <name>F2837xD_usDelay.obj</name>
      </input_file>
      <input_file id="fl-29">
         <path>./src/bsp/drv/driverlib/</path>
         <kind>object</kind>
         <file>can.obj</file>
         <name>can.obj</name>
      </input_file>
      <input_file id="fl-2a">
         <path>./src/bsp/drv/driverlib/</path>
         <kind>object</kind>
         <file>interrupt.obj</file>
         <name>interrupt.obj</name>
      </input_file>
      <input_file id="fl-2b">
         <path>./src/bsp/drv/driverlib/</path>
         <kind>object</kind>
         <file>sysctl.obj</file>
         <name>sysctl.obj</name>
      </input_file>
      <input_file id="fl-2c">
         <path>./src/bsp/drv/driverlib/</path>
         <kind>object</kind>
         <file>systick.obj</file>
         <name>systick.obj</name>
      </input_file>
      <input_file id="fl-2d">
         <path>./src/bsp/drv/driverlib/</path>
         <kind>object</kind>
         <file>uart.obj</file>
         <name>uart.obj</name>
      </input_file>
      <input_file id="fl-2e">
         <path>./src/bsp/drv/driverlib/</path>
         <kind>object</kind>
         <file>usb.obj</file>
         <name>usb.obj</name>
      </input_file>
      <input_file id="fl-2f">
         <path>./src/bsp/drv/driverlib/</path>
         <kind>object</kind>
         <file>usb_hal.obj</file>
         <name>usb_hal.obj</name>
      </input_file>
      <input_file id="fl-30">
         <path>./src/bsp/drv/usblib/device/</path>
         <kind>object</kind>
         <file>usbdaudio.obj</file>
         <name>usbdaudio.obj</name>
      </input_file>
      <input_file id="fl-31">
         <path>./src/bsp/drv/usblib/device/</path>
         <kind>object</kind>
         <file>usbdbulk.obj</file>
         <name>usbdbulk.obj</name>
      </input_file>
      <input_file id="fl-32">
         <path>./src/bsp/drv/usblib/device/</path>
         <kind>object</kind>
         <file>usbdcdc.obj</file>
         <name>usbdcdc.obj</name>
      </input_file>
      <input_file id="fl-33">
         <path>./src/bsp/drv/usblib/device/</path>
         <kind>object</kind>
         <file>usbdcdesc.obj</file>
         <name>usbdcdesc.obj</name>
      </input_file>
      <input_file id="fl-34">
         <path>./src/bsp/drv/usblib/device/</path>
         <kind>object</kind>
         <file>usbdcomp.obj</file>
         <name>usbdcomp.obj</name>
      </input_file>
      <input_file id="fl-35">
         <path>./src/bsp/drv/usblib/device/</path>
         <kind>object</kind>
         <file>usbdconfig.obj</file>
         <name>usbdconfig.obj</name>
      </input_file>
      <input_file id="fl-36">
         <path>./src/bsp/drv/usblib/device/</path>
         <kind>object</kind>
         <file>usbddfu-rt.obj</file>
         <name>usbddfu-rt.obj</name>
      </input_file>
      <input_file id="fl-37">
         <path>./src/bsp/drv/usblib/device/</path>
         <kind>object</kind>
         <file>usbdenum.obj</file>
         <name>usbdenum.obj</name>
      </input_file>
      <input_file id="fl-38">
         <path>./src/bsp/drv/usblib/device/</path>
         <kind>object</kind>
         <file>usbdhandler.obj</file>
         <name>usbdhandler.obj</name>
      </input_file>
      <input_file id="fl-39">
         <path>./src/bsp/drv/usblib/device/</path>
         <kind>object</kind>
         <file>usbdhid.obj</file>
         <name>usbdhid.obj</name>
      </input_file>
      <input_file id="fl-3a">
         <path>./src/bsp/drv/usblib/device/</path>
         <kind>object</kind>
         <file>usbdhidkeyb.obj</file>
         <name>usbdhidkeyb.obj</name>
      </input_file>
      <input_file id="fl-3b">
         <path>./src/bsp/drv/usblib/device/</path>
         <kind>object</kind>
         <file>usbdhidmouse.obj</file>
         <name>usbdhidmouse.obj</name>
      </input_file>
      <input_file id="fl-3c">
         <path>./src/bsp/drv/usblib/host/</path>
         <kind>object</kind>
         <file>usbhaudio.obj</file>
         <name>usbhaudio.obj</name>
      </input_file>
      <input_file id="fl-3d">
         <path>./src/bsp/drv/usblib/host/</path>
         <kind>object</kind>
         <file>usbhhid.obj</file>
         <name>usbhhid.obj</name>
      </input_file>
      <input_file id="fl-3e">
         <path>./src/bsp/drv/usblib/host/</path>
         <kind>object</kind>
         <file>usbhhidkeyboard.obj</file>
         <name>usbhhidkeyboard.obj</name>
      </input_file>
      <input_file id="fl-3f">
         <path>./src/bsp/drv/usblib/host/</path>
         <kind>object</kind>
         <file>usbhhidmouse.obj</file>
         <name>usbhhidmouse.obj</name>
      </input_file>
      <input_file id="fl-40">
         <path>./src/bsp/drv/usblib/host/</path>
         <kind>object</kind>
         <file>usbhhub.obj</file>
         <name>usbhhub.obj</name>
      </input_file>
      <input_file id="fl-41">
         <path>./src/bsp/drv/usblib/host/</path>
         <kind>object</kind>
         <file>usbhmsc.obj</file>
         <name>usbhmsc.obj</name>
      </input_file>
      <input_file id="fl-42">
         <path>./src/bsp/drv/usblib/host/</path>
         <kind>object</kind>
         <file>usbhostenum.obj</file>
         <name>usbhostenum.obj</name>
      </input_file>
      <input_file id="fl-43">
         <path>./src/bsp/drv/usblib/host/</path>
         <kind>object</kind>
         <file>usbhscsi.obj</file>
         <name>usbhscsi.obj</name>
      </input_file>
      <input_file id="fl-44">
         <path>./src/bsp/drv/usblib/</path>
         <kind>object</kind>
         <file>usbbuffer.obj</file>
         <name>usbbuffer.obj</name>
      </input_file>
      <input_file id="fl-45">
         <path>./src/bsp/drv/usblib/</path>
         <kind>object</kind>
         <file>usbdesc.obj</file>
         <name>usbdesc.obj</name>
      </input_file>
      <input_file id="fl-46">
         <path>./src/bsp/drv/usblib/</path>
         <kind>object</kind>
         <file>usbdma.obj</file>
         <name>usbdma.obj</name>
      </input_file>
      <input_file id="fl-47">
         <path>./src/bsp/drv/usblib/</path>
         <kind>object</kind>
         <file>usbkeyboardmap.obj</file>
         <name>usbkeyboardmap.obj</name>
      </input_file>
      <input_file id="fl-48">
         <path>./src/bsp/drv/usblib/</path>
         <kind>object</kind>
         <file>usbmode.obj</file>
         <name>usbmode.obj</name>
      </input_file>
      <input_file id="fl-49">
         <path>./src/bsp/drv/usblib/</path>
         <kind>object</kind>
         <file>usbringbuf.obj</file>
         <name>usbringbuf.obj</name>
      </input_file>
      <input_file id="fl-4a">
         <path>./src/bsp/drv/usblib/</path>
         <kind>object</kind>
         <file>usbtick.obj</file>
         <name>usbtick.obj</name>
      </input_file>
      <input_file id="fl-4b">
         <path>./src/bsp/utils/</path>
         <kind>object</kind>
         <file>dev_epwm.obj</file>
         <name>dev_epwm.obj</name>
      </input_file>
      <input_file id="fl-4c">
         <path>./src/bsp/utils/</path>
         <kind>object</kind>
         <file>dev_init.obj</file>
         <name>dev_init.obj</name>
      </input_file>
      <input_file id="fl-4d">
         <path>./src/bsp/utils/</path>
         <kind>object</kind>
         <file>dev_spi.obj</file>
         <name>dev_spi.obj</name>
      </input_file>
      <input_file id="fl-4e">
         <path>./src/bsp/utils/</path>
         <kind>object</kind>
         <file>dev_timer.obj</file>
         <name>dev_timer.obj</name>
      </input_file>
      <input_file id="fl-4f">
         <path>./src/bsp/utils/</path>
         <kind>object</kind>
         <file>dev_uart.obj</file>
         <name>dev_uart.obj</name>
      </input_file>
      <input_file id="fl-50">
         <path>./src/bsp/utils/</path>
         <kind>object</kind>
         <file>io.obj</file>
         <name>io.obj</name>
      </input_file>
      <input_file id="fl-51">
         <path>./src/core1/app/</path>
         <kind>object</kind>
         <file>comtest.obj</file>
         <name>comtest.obj</name>
      </input_file>
      <input_file id="fl-52">
         <path>./src/core1/app/</path>
         <kind>object</kind>
         <file>root.obj</file>
         <name>root.obj</name>
      </input_file>
      <input_file id="fl-53">
         <path>./src/core1/app/</path>
         <kind>object</kind>
         <file>shell.obj</file>
         <name>shell.obj</name>
      </input_file>
      <input_file id="fl-54">
         <path>./src/core1/cla1/</path>
         <kind>object</kind>
         <file>cla1_isr.obj</file>
         <name>cla1_isr.obj</name>
      </input_file>
      <input_file id="fl-55">
         <path>./src/core1/os/</path>
         <kind>object</kind>
         <file>croutine.obj</file>
         <name>croutine.obj</name>
      </input_file>
      <input_file id="fl-56">
         <path>./src/core1/os/</path>
         <kind>object</kind>
         <file>event_groups.obj</file>
         <name>event_groups.obj</name>
      </input_file>
      <input_file id="fl-57">
         <path>./src/core1/os/</path>
         <kind>object</kind>
         <file>list.obj</file>
         <name>list.obj</name>
      </input_file>
      <input_file id="fl-58">
         <path>./src/core1/os/</path>
         <kind>object</kind>
         <file>port.obj</file>
         <name>port.obj</name>
      </input_file>
      <input_file id="fl-59">
         <path>./src/core1/os/</path>
         <kind>object</kind>
         <file>portASM.obj</file>
         <name>portASM.obj</name>
      </input_file>
      <input_file id="fl-5a">
         <path>./src/core1/os/</path>
         <kind>object</kind>
         <file>queue.obj</file>
         <name>queue.obj</name>
      </input_file>
      <input_file id="fl-5b">
         <path>./src/core1/os/</path>
         <kind>object</kind>
         <file>stream_buffer.obj</file>
         <name>stream_buffer.obj</name>
      </input_file>
      <input_file id="fl-5c">
         <path>./src/core1/os/</path>
         <kind>object</kind>
         <file>tasks.obj</file>
         <name>tasks.obj</name>
      </input_file>
      <input_file id="fl-5d">
         <path>./src/core1/os/</path>
         <kind>object</kind>
         <file>timers.obj</file>
         <name>timers.obj</name>
      </input_file>
      <input_file id="fl-5e">
         <path>./src/core1/sys/</path>
         <kind>object</kind>
         <file>sys_fault.obj</file>
         <name>sys_fault.obj</name>
      </input_file>
      <input_file id="fl-5f">
         <path>./src/core1/sys/</path>
         <kind>object</kind>
         <file>sys_schd.obj</file>
         <name>sys_schd.obj</name>
      </input_file>
      <input_file id="fl-60">
         <path>./src/core1/sys/</path>
         <kind>object</kind>
         <file>sys_tick.obj</file>
         <name>sys_tick.obj</name>
      </input_file>
      <input_file id="fl-61">
         <path>./src/lib/</path>
         <kind>object</kind>
         <file>crc.obj</file>
         <name>crc.obj</name>
      </input_file>
      <input_file id="fl-62">
         <path>./src/lib/</path>
         <kind>object</kind>
         <file>cstruct.obj</file>
         <name>cstruct.obj</name>
      </input_file>
      <input_file id="fl-63">
         <path>./src/lib/getopt/</path>
         <kind>object</kind>
         <file>getopt.obj</file>
         <name>getopt.obj</name>
      </input_file>
      <input_file id="fl-64">
         <path>./src/lib/getopt/</path>
         <kind>object</kind>
         <file>getoptbuf.obj</file>
         <name>getoptbuf.obj</name>
      </input_file>
      <input_file id="fl-6e">
         <kind>object</kind>
         <file>&lt;internal&gt;</file>
         <name>&lt;internal&gt;</name>
      </input_file>
      <input_file id="fl-6f">
         <path>/home/cg/Work/McMaster/Prj_TMS320F28379D/Prj_Controller/src/lib/TI/</path>
         <kind>archive</kind>
         <file>rts2800_fpu32.lib</file>
         <name>boot28.obj</name>
      </input_file>
      <input_file id="fl-70">
         <path>/home/cg/Work/McMaster/Prj_TMS320F28379D/Prj_Controller/src/lib/TI/</path>
         <kind>archive</kind>
         <file>rts2800_fpu32.lib</file>
         <name>cpy_tbl.obj</name>
      </input_file>
      <input_file id="fl-71">
         <path>/home/cg/Work/McMaster/Prj_TMS320F28379D/Prj_Controller/src/lib/TI/</path>
         <kind>archive</kind>
         <file>rts2800_fpu32.lib</file>
         <name>exit.obj</name>
      </input_file>
      <input_file id="fl-72">
         <path>/home/cg/Work/McMaster/Prj_TMS320F28379D/Prj_Controller/src/lib/TI/</path>
         <kind>archive</kind>
         <file>rts2800_fpu32.lib</file>
         <name>fd_div28.obj</name>
      </input_file>
      <input_file id="fl-73">
         <path>/home/cg/Work/McMaster/Prj_TMS320F28379D/Prj_Controller/src/lib/TI/</path>
         <kind>archive</kind>
         <file>rts2800_fpu32.lib</file>
         <name>fd_mpy28.obj</name>
      </input_file>
      <input_file id="fl-74">
         <path>/home/cg/Work/McMaster/Prj_TMS320F28379D/Prj_Controller/src/lib/TI/</path>
         <kind>archive</kind>
         <file>rts2800_fpu32.lib</file>
         <name>fd_sub28.obj</name>
      </input_file>
      <input_file id="fl-75">
         <path>/home/cg/Work/McMaster/Prj_TMS320F28379D/Prj_Controller/src/lib/TI/</path>
         <kind>archive</kind>
         <file>rts2800_fpu32.lib</file>
         <name>fd_tol28.obj</name>
      </input_file>
      <input_file id="fl-76">
         <path>/home/cg/Work/McMaster/Prj_TMS320F28379D/Prj_Controller/src/lib/TI/</path>
         <kind>archive</kind>
         <file>rts2800_fpu32.lib</file>
         <name>fs_toullfpu32.obj</name>
      </input_file>
      <input_file id="fl-77">
         <path>/home/cg/Work/McMaster/Prj_TMS320F28379D/Prj_Controller/src/lib/TI/</path>
         <kind>archive</kind>
         <file>rts2800_fpu32.lib</file>
         <name>ll_aox28.obj</name>
      </input_file>
      <input_file id="fl-78">
         <path>/home/cg/Work/McMaster/Prj_TMS320F28379D/Prj_Controller/src/lib/TI/</path>
         <kind>archive</kind>
         <file>rts2800_fpu32.lib</file>
         <name>ll_cmp28.obj</name>
      </input_file>
      <input_file id="fl-79">
         <path>/home/cg/Work/McMaster/Prj_TMS320F28379D/Prj_Controller/src/lib/TI/</path>
         <kind>archive</kind>
         <file>rts2800_fpu32.lib</file>
         <name>ll_div28.obj</name>
      </input_file>
      <input_file id="fl-7a">
         <path>/home/cg/Work/McMaster/Prj_TMS320F28379D/Prj_Controller/src/lib/TI/</path>
         <kind>archive</kind>
         <file>rts2800_fpu32.lib</file>
         <name>ll_mpy28.obj</name>
      </input_file>
      <input_file id="fl-7b">
         <path>/home/cg/Work/McMaster/Prj_TMS320F28379D/Prj_Controller/src/lib/TI/</path>
         <kind>archive</kind>
         <file>rts2800_fpu32.lib</file>
         <name>memcpy.obj</name>
      </input_file>
      <input_file id="fl-7c">
         <path>/home/cg/Work/McMaster/Prj_TMS320F28379D/Prj_Controller/src/lib/TI/</path>
         <kind>archive</kind>
         <file>rts2800_fpu32.lib</file>
         <name>memmov.obj</name>
      </input_file>
      <input_file id="fl-7d">
         <path>/home/cg/Work/McMaster/Prj_TMS320F28379D/Prj_Controller/src/lib/TI/</path>
         <kind>archive</kind>
         <file>rts2800_fpu32.lib</file>
         <name>memset.obj</name>
      </input_file>
      <input_file id="fl-7e">
         <path>/home/cg/Work/McMaster/Prj_TMS320F28379D/Prj_Controller/src/lib/TI/</path>
         <kind>archive</kind>
         <file>rts2800_fpu32.lib</file>
         <name>pre_init.obj</name>
      </input_file>
      <input_file id="fl-7f">
         <path>/home/cg/Work/McMaster/Prj_TMS320F28379D/Prj_Controller/src/lib/TI/</path>
         <kind>archive</kind>
         <file>rts2800_fpu32.lib</file>
         <name>sscanf.obj</name>
      </input_file>
      <input_file id="fl-80">
         <path>/home/cg/Work/McMaster/Prj_TMS320F28379D/Prj_Controller/src/lib/TI/</path>
         <kind>archive</kind>
         <file>rts2800_fpu32.lib</file>
         <name>startup.obj</name>
      </input_file>
      <input_file id="fl-81">
         <path>/home/cg/Work/McMaster/Prj_TMS320F28379D/Prj_Controller/src/lib/TI/</path>
         <kind>archive</kind>
         <file>rts2800_fpu32.lib</file>
         <name>strchr.obj</name>
      </input_file>
      <input_file id="fl-82">
         <path>/home/cg/Work/McMaster/Prj_TMS320F28379D/Prj_Controller/src/lib/TI/</path>
         <kind>archive</kind>
         <file>rts2800_fpu32.lib</file>
         <name>strcmp.obj</name>
      </input_file>
      <input_file id="fl-83">
         <path>/home/cg/Work/McMaster/Prj_TMS320F28379D/Prj_Controller/src/lib/TI/</path>
         <kind>archive</kind>
         <file>rts2800_fpu32.lib</file>
         <name>strcpy.obj</name>
      </input_file>
      <input_file id="fl-84">
         <path>/home/cg/Work/McMaster/Prj_TMS320F28379D/Prj_Controller/src/lib/TI/</path>
         <kind>archive</kind>
         <file>rts2800_fpu32.lib</file>
         <name>strlen.obj</name>
      </input_file>
      <input_file id="fl-85">
         <path>/home/cg/Work/McMaster/Prj_TMS320F28379D/Prj_Controller/src/lib/TI/</path>
         <kind>archive</kind>
         <file>rts2800_fpu32.lib</file>
         <name>strncmp.obj</name>
      </input_file>
      <input_file id="fl-86">
         <path>/home/cg/Work/McMaster/Prj_TMS320F28379D/Prj_Controller/src/lib/TI/</path>
         <kind>archive</kind>
         <file>rts2800_fpu32.lib</file>
         <name>ul_tofd28.obj</name>
      </input_file>
      <input_file id="fl-87">
         <path>/home/cg/Work/McMaster/Prj_TMS320F28379D/Prj_Controller/src/lib/TI/</path>
         <kind>archive</kind>
         <file>rts2800_fpu32.lib</file>
         <name>ull_tofsfpu32.obj</name>
      </input_file>
      <input_file id="fl-88">
         <path>/home/cg/Work/McMaster/Prj_TMS320F28379D/Prj_Controller/src/lib/TI/</path>
         <kind>archive</kind>
         <file>rts2800_fpu32.lib</file>
         <name>vsnprintf.obj</name>
      </input_file>
      <input_file id="fl-89">
         <path>/home/cg/Work/McMaster/Prj_TMS320F28379D/Prj_Controller/src/lib/TI/</path>
         <kind>archive</kind>
         <file>rts2800_fpu32.lib</file>
         <name>_lock.obj</name>
      </input_file>
      <input_file id="fl-8a">
         <path>/home/cg/Work/McMaster/Prj_TMS320F28379D/Prj_Controller/src/lib/TI/</path>
         <kind>archive</kind>
         <file>rts2800_fpu32.lib</file>
         <name>_printfi.obj</name>
      </input_file>
      <input_file id="fl-8b">
         <path>/home/cg/Work/McMaster/Prj_TMS320F28379D/Prj_Controller/src/lib/TI/</path>
         <kind>archive</kind>
         <file>rts2800_fpu32.lib</file>
         <name>_scanfi.obj</name>
      </input_file>
      <input_file id="fl-8c">
         <path>/home/cg/Work/McMaster/Prj_TMS320F28379D/Prj_Controller/src/lib/TI/</path>
         <kind>archive</kind>
         <file>rts2800_fpu32.lib</file>
         <name>args_main.obj</name>
      </input_file>
      <input_file id="fl-8d">
         <path>/home/cg/Work/McMaster/Prj_TMS320F28379D/Prj_Controller/src/lib/TI/</path>
         <kind>archive</kind>
         <file>rts2800_fpu32.lib</file>
         <name>atoi.obj</name>
      </input_file>
      <input_file id="fl-8e">
         <path>/home/cg/Work/McMaster/Prj_TMS320F28379D/Prj_Controller/src/lib/TI/</path>
         <kind>archive</kind>
         <file>rts2800_fpu32.lib</file>
         <name>ctype.obj</name>
      </input_file>
      <input_file id="fl-8f">
         <path>/home/cg/Work/McMaster/Prj_TMS320F28379D/Prj_Controller/src/lib/TI/</path>
         <kind>archive</kind>
         <file>rts2800_fpu32.lib</file>
         <name>fd_add28.obj</name>
      </input_file>
      <input_file id="fl-90">
         <path>/home/cg/Work/McMaster/Prj_TMS320F28379D/Prj_Controller/src/lib/TI/</path>
         <kind>archive</kind>
         <file>rts2800_fpu32.lib</file>
         <name>fd_cmp28.obj</name>
      </input_file>
      <input_file id="fl-91">
         <path>/home/cg/Work/McMaster/Prj_TMS320F28379D/Prj_Controller/src/lib/TI/</path>
         <kind>archive</kind>
         <file>rts2800_fpu32.lib</file>
         <name>fd_neg28.obj</name>
      </input_file>
      <input_file id="fl-92">
         <path>/home/cg/Work/McMaster/Prj_TMS320F28379D/Prj_Controller/src/lib/TI/</path>
         <kind>archive</kind>
         <file>rts2800_fpu32.lib</file>
         <name>fd_toi28.obj</name>
      </input_file>
      <input_file id="fl-93">
         <path>/home/cg/Work/McMaster/Prj_TMS320F28379D/Prj_Controller/src/lib/TI/</path>
         <kind>archive</kind>
         <file>rts2800_fpu32.lib</file>
         <name>fs_tofdfpu32.obj</name>
      </input_file>
      <input_file id="fl-94">
         <path>/home/cg/Work/McMaster/Prj_TMS320F28379D/Prj_Controller/src/lib/TI/</path>
         <kind>archive</kind>
         <file>rts2800_fpu32.lib</file>
         <name>i_tofd28.obj</name>
      </input_file>
      <input_file id="fl-95">
         <path>/home/cg/Work/McMaster/Prj_TMS320F28379D/Prj_Controller/src/lib/TI/</path>
         <kind>archive</kind>
         <file>rts2800_fpu32.lib</file>
         <name>l_tofd28.obj</name>
      </input_file>
      <input_file id="fl-96">
         <path>/home/cg/Work/McMaster/Prj_TMS320F28379D/Prj_Controller/src/lib/TI/</path>
         <kind>archive</kind>
         <file>rts2800_fpu32.lib</file>
         <name>ltoa.obj</name>
      </input_file>
      <input_file id="fl-97">
         <path>/home/cg/Work/McMaster/Prj_TMS320F28379D/Prj_Controller/src/lib/TI/</path>
         <kind>archive</kind>
         <file>rts2800_fpu32.lib</file>
         <name>memccpy.obj</name>
      </input_file>
      <input_file id="fl-98">
         <path>/home/cg/Work/McMaster/Prj_TMS320F28379D/Prj_Controller/src/lib/TI/</path>
         <kind>archive</kind>
         <file>rts2800_fpu32.lib</file>
         <name>s_frexp.obj</name>
      </input_file>
      <input_file id="fl-99">
         <path>/home/cg/Work/McMaster/Prj_TMS320F28379D/Prj_Controller/src/lib/TI/</path>
         <kind>archive</kind>
         <file>rts2800_fpu32.lib</file>
         <name>s_scalbn.obj</name>
      </input_file>
      <input_file id="fl-9a">
         <path>/home/cg/Work/McMaster/Prj_TMS320F28379D/Prj_Controller/src/lib/TI/</path>
         <kind>archive</kind>
         <file>rts2800_fpu32.lib</file>
         <name>strrchr.obj</name>
      </input_file>
      <input_file id="fl-9b">
         <path>/home/cg/Work/McMaster/Prj_TMS320F28379D/Prj_Controller/src/lib/TI/</path>
         <kind>archive</kind>
         <file>rts2800_fpu32.lib</file>
         <name>strtod.obj</name>
      </input_file>
      <input_file id="fl-9c">
         <path>/home/cg/Work/McMaster/Prj_TMS320F28379D/Prj_Controller/src/lib/TI/</path>
         <kind>archive</kind>
         <file>rts2800_fpu32.lib</file>
         <name>strtol.obj</name>
      </input_file>
      <input_file id="fl-9d">
         <path>/home/cg/Work/McMaster/Prj_TMS320F28379D/Prj_Controller/src/lib/TI/</path>
         <kind>archive</kind>
         <file>rts2800_fpu32.lib</file>
         <name>strtold.obj</name>
      </input_file>
      <input_file id="fl-9e">
         <path>/home/cg/Work/McMaster/Prj_TMS320F28379D/Prj_Controller/src/lib/TI/</path>
         <kind>archive</kind>
         <file>rts2800_fpu32.lib</file>
         <name>strtoll.obj</name>
      </input_file>
      <input_file id="fl-9f">
         <path>/home/cg/Work/McMaster/Prj_TMS320F28379D/Prj_Controller/src/lib/TI/</path>
         <kind>archive</kind>
         <file>rts2800_fpu32.lib</file>
         <name>strtoul.obj</name>
      </input_file>
      <input_file id="fl-a0">
         <path>/home/cg/Work/McMaster/Prj_TMS320F28379D/Prj_Controller/src/lib/TI/</path>
         <kind>archive</kind>
         <file>rts2800_fpu32.lib</file>
         <name>strtoull.obj</name>
      </input_file>
      <input_file id="fl-a1">
         <path>/home/cg/Work/McMaster/Prj_TMS320F28379D/Prj_Controller/src/lib/TI/</path>
         <kind>archive</kind>
         <file>rts2800_fpu32.lib</file>
         <name>errno.obj</name>
      </input_file>
      <input_file id="fl-a2">
         <path>/home/cg/Work/McMaster/Prj_TMS320F28379D/Prj_Controller/src/lib/TI/</path>
         <kind>archive</kind>
         <file>rts2800_fpu32.lib</file>
         <name>fs_div28.obj</name>
      </input_file>
      <input_file id="fl-a3">
         <path>/home/cg/Work/McMaster/Prj_TMS320F28379D/Prj_Controller/src/lib/TI/</path>
         <kind>archive</kind>
         <file>rts2800_fpu32.lib</file>
         <name>i_div28.obj</name>
      </input_file>
      <input_file id="fl-a4">
         <path>/home/cg/Work/McMaster/Prj_TMS320F28379D/Prj_Controller/src/lib/TI/</path>
         <kind>archive</kind>
         <file>rts2800_fpu32.lib</file>
         <name>l_div28.obj</name>
      </input_file>
      <input_file id="fl-a5">
         <path>/home/cg/Work/McMaster/Prj_TMS320F28379D/Prj_Controller/src/lib/TI/</path>
         <kind>archive</kind>
         <file>rts2800_fpu32.lib</file>
         <name>s_copysign.obj</name>
      </input_file>
   </input_file_list>
   <object_component_list>
      <object_component id="oc-99">
         <name>.cinit</name>
         <load_address>0x82000</load_address>
         <run_address>0x82000</run_address>
         <size>0x2a7</size>
         <input_file_ref idref="fl-5"/>
      </object_component>
      <object_component id="oc-1ac">
         <name>.cinit</name>
         <load_address>0x822a7</load_address>
         <run_address>0x822a7</run_address>
         <size>0x90</size>
         <input_file_ref idref="fl-27"/>
      </object_component>
      <object_component id="oc-253">
         <name>.cinit</name>
         <load_address>0x82337</load_address>
         <run_address>0x82337</run_address>
         <size>0x46</size>
         <input_file_ref idref="fl-42"/>
      </object_component>
      <object_component id="oc-2df">
         <name>.cinit</name>
         <load_address>0x8237d</load_address>
         <run_address>0x8237d</run_address>
         <size>0x41</size>
         <input_file_ref idref="fl-5c"/>
      </object_component>
      <object_component id="oc-1ea">
         <name>.cinit</name>
         <load_address>0x823be</load_address>
         <run_address>0x823be</run_address>
         <size>0x40</size>
         <input_file_ref idref="fl-32"/>
      </object_component>
      <object_component id="oc-1dc">
         <name>.cinit</name>
         <load_address>0x823fe</load_address>
         <run_address>0x823fe</run_address>
         <size>0x37</size>
         <input_file_ref idref="fl-30"/>
      </object_component>
      <object_component id="oc-231">
         <name>.cinit</name>
         <load_address>0x82435</load_address>
         <run_address>0x82435</run_address>
         <size>0x35</size>
         <input_file_ref idref="fl-3d"/>
      </object_component>
      <object_component id="oc-202">
         <name>.cinit</name>
         <load_address>0x8246a</load_address>
         <run_address>0x8246a</run_address>
         <size>0x34</size>
         <input_file_ref idref="fl-36"/>
      </object_component>
      <object_component id="oc-21c">
         <name>.cinit</name>
         <load_address>0x8249e</load_address>
         <run_address>0x8249e</run_address>
         <size>0x33</size>
         <input_file_ref idref="fl-3a"/>
      </object_component>
      <object_component id="oc-223">
         <name>.cinit</name>
         <load_address>0x824d1</load_address>
         <run_address>0x824d1</run_address>
         <size>0x31</size>
         <input_file_ref idref="fl-3b"/>
      </object_component>
      <object_component id="oc-308">
         <name>.cinit</name>
         <load_address>0x82502</load_address>
         <run_address>0x82502</run_address>
         <size>0x2e</size>
         <input_file_ref idref="fl-63"/>
      </object_component>
      <object_component id="oc-1e3">
         <name>.cinit</name>
         <load_address>0x82530</load_address>
         <run_address>0x82530</run_address>
         <size>0x28</size>
         <input_file_ref idref="fl-31"/>
      </object_component>
      <object_component id="oc-294">
         <name>.cinit</name>
         <load_address>0x82558</load_address>
         <run_address>0x82558</run_address>
         <size>0x18</size>
         <input_file_ref idref="fl-4e"/>
      </object_component>
      <object_component id="oc-28b">
         <name>.cinit</name>
         <load_address>0x82570</load_address>
         <run_address>0x82570</run_address>
         <size>0x15</size>
         <input_file_ref idref="fl-4d"/>
      </object_component>
      <object_component id="oc-1f6">
         <name>.cinit</name>
         <load_address>0x82585</load_address>
         <run_address>0x82585</run_address>
         <size>0x15</size>
         <input_file_ref idref="fl-34"/>
      </object_component>
      <object_component id="oc-215">
         <name>.cinit</name>
         <load_address>0x8259a</load_address>
         <run_address>0x8259a</run_address>
         <size>0x15</size>
         <input_file_ref idref="fl-39"/>
      </object_component>
      <object_component id="oc-2e7">
         <name>.cinit</name>
         <load_address>0x825af</load_address>
         <run_address>0x825af</run_address>
         <size>0xf</size>
         <input_file_ref idref="fl-5d"/>
      </object_component>
      <object_component id="oc-323">
         <name>.cinit</name>
         <load_address>0x825be</load_address>
         <run_address>0x825be</run_address>
         <size>0xe</size>
         <input_file_ref idref="fl-71"/>
      </object_component>
      <object_component id="oc-27d">
         <name>.cinit</name>
         <load_address>0x825cc</load_address>
         <run_address>0x825cc</run_address>
         <size>0xe</size>
         <input_file_ref idref="fl-4a"/>
      </object_component>
      <object_component id="oc-271">
         <name>.cinit</name>
         <load_address>0x825da</load_address>
         <run_address>0x825da</run_address>
         <size>0xd</size>
         <input_file_ref idref="fl-48"/>
      </object_component>
      <object_component id="oc-2ad">
         <name>.cinit</name>
         <load_address>0x825e7</load_address>
         <run_address>0x825e7</run_address>
         <size>0xb</size>
         <input_file_ref idref="fl-51"/>
      </object_component>
      <object_component id="oc-29d">
         <name>.cinit</name>
         <load_address>0x825f2</load_address>
         <run_address>0x825f2</run_address>
         <size>0xb</size>
         <input_file_ref idref="fl-4f"/>
      </object_component>
      <object_component id="oc-2cd">
         <name>.cinit</name>
         <load_address>0x825fd</load_address>
         <run_address>0x825fd</run_address>
         <size>0xa</size>
         <input_file_ref idref="fl-58"/>
      </object_component>
      <object_component id="oc-24c">
         <name>.cinit</name>
         <load_address>0x82607</load_address>
         <run_address>0x82607</run_address>
         <size>0x7</size>
         <input_file_ref idref="fl-41"/>
      </object_component>
      <object_component id="oc-468">
         <name>.cinit:__lock</name>
         <load_address>0x8260e</load_address>
         <run_address>0x8260e</run_address>
         <size>0x5</size>
         <input_file_ref idref="fl-89"/>
      </object_component>
      <object_component id="oc-473">
         <name>.cinit:__unlock</name>
         <load_address>0x82613</load_address>
         <run_address>0x82613</run_address>
         <size>0x5</size>
         <input_file_ref idref="fl-89"/>
      </object_component>
      <object_component id="oc-209">
         <name>.cinit</name>
         <load_address>0x82618</load_address>
         <run_address>0x82618</run_address>
         <size>0x5</size>
         <input_file_ref idref="fl-37"/>
      </object_component>
      <object_component id="oc-22a">
         <name>.cinit</name>
         <load_address>0x8261d</load_address>
         <run_address>0x8261d</run_address>
         <size>0x5</size>
         <input_file_ref idref="fl-3c"/>
      </object_component>
      <object_component id="oc-238">
         <name>.cinit</name>
         <load_address>0x82622</load_address>
         <run_address>0x82622</run_address>
         <size>0x5</size>
         <input_file_ref idref="fl-3e"/>
      </object_component>
      <object_component id="oc-23f">
         <name>.cinit</name>
         <load_address>0x82627</load_address>
         <run_address>0x82627</run_address>
         <size>0x5</size>
         <input_file_ref idref="fl-3f"/>
      </object_component>
      <object_component id="oc-1a0">
         <name>.cinit</name>
         <load_address>0x8262c</load_address>
         <run_address>0x8262c</run_address>
         <size>0x4</size>
         <input_file_ref idref="fl-25"/>
      </object_component>
      <object_component id="oc-2ff">
         <name>.cinit</name>
         <load_address>0x82630</load_address>
         <run_address>0x82630</run_address>
         <size>0x4</size>
         <input_file_ref idref="fl-61"/>
      </object_component>
      <object_component id="oc-310">
         <name>.cinit</name>
         <load_address>0x82634</load_address>
         <run_address>0x82634</run_address>
         <size>0x4</size>
         <input_file_ref idref="fl-64"/>
      </object_component>
      <object_component id="oc-2a6">
         <name>.cinit</name>
         <load_address>0x82638</load_address>
         <run_address>0x82638</run_address>
         <size>0x4</size>
         <input_file_ref idref="fl-50"/>
      </object_component>
      <object_component id="oc-417">
         <name>.cinit</name>
         <load_address>0x8263c</load_address>
         <run_address>0x8263c</run_address>
         <size>0x4</size>
         <input_file_ref idref="fl-a1"/>
      </object_component>
      <object_component id="oc-42f">
         <name>.text</name>
         <load_address>0x82644</load_address>
         <run_address>0x82644</run_address>
         <size>0x15dd</size>
         <input_file_ref idref="fl-42"/>
      </object_component>
      <object_component id="oc-449">
         <name>.text</name>
         <load_address>0x83c21</load_address>
         <run_address>0x83c21</run_address>
         <size>0x34a</size>
         <input_file_ref idref="fl-4f"/>
      </object_component>
      <object_component id="oc-1d5">
         <name>.text:retain</name>
         <load_address>0x83f6b</load_address>
         <run_address>0x83f6b</run_address>
         <size>0x93</size>
         <input_file_ref idref="fl-2f"/>
      </object_component>
      <object_component id="oc-44a">
         <name>.text</name>
         <load_address>0x83ffe</load_address>
         <run_address>0x83ffe</run_address>
         <size>0x2</size>
         <input_file_ref idref="fl-7e"/>
      </object_component>
      <object_component id="oc-475">
         <name>.text</name>
         <load_address>0x84000</load_address>
         <run_address>0x84000</run_address>
         <size>0xc16</size>
         <input_file_ref idref="fl-8a"/>
      </object_component>
      <object_component id="oc-450">
         <name>.text</name>
         <load_address>0x84c16</load_address>
         <run_address>0x84c16</run_address>
         <size>0x84c</size>
         <input_file_ref idref="fl-37"/>
      </object_component>
      <object_component id="oc-44f">
         <name>.text</name>
         <load_address>0x85462</load_address>
         <run_address>0x85462</run_address>
         <size>0x809</size>
         <input_file_ref idref="fl-2e"/>
      </object_component>
      <object_component id="oc-474">
         <name>.text</name>
         <load_address>0x85c6b</load_address>
         <run_address>0x85c6b</run_address>
         <size>0x33b</size>
         <input_file_ref idref="fl-21"/>
      </object_component>
      <object_component id="oc-480">
         <name>.text</name>
         <load_address>0x85fa6</load_address>
         <run_address>0x85fa6</run_address>
         <size>0x5a</size>
         <input_file_ref idref="fl-98"/>
      </object_component>
      <object_component id="oc-447">
         <name>.text</name>
         <load_address>0x86008</load_address>
         <run_address>0x86008</run_address>
         <size>0x6e1</size>
         <input_file_ref idref="fl-4d"/>
      </object_component>
      <object_component id="oc-48d">
         <name>.text</name>
         <load_address>0x866e9</load_address>
         <run_address>0x866e9</run_address>
         <size>0x66d</size>
         <input_file_ref idref="fl-8b"/>
      </object_component>
      <object_component id="oc-b8">
         <name>.text:retain</name>
         <load_address>0x86d56</load_address>
         <run_address>0x86d56</run_address>
         <size>0x585</size>
         <input_file_ref idref="fl-b"/>
      </object_component>
      <object_component id="oc-448">
         <name>.text</name>
         <load_address>0x872db</load_address>
         <run_address>0x872db</run_address>
         <size>0x410</size>
         <input_file_ref idref="fl-4e"/>
      </object_component>
      <object_component id="oc-452">
         <name>.text</name>
         <load_address>0x876eb</load_address>
         <run_address>0x876eb</run_address>
         <size>0x400</size>
         <input_file_ref idref="fl-40"/>
      </object_component>
      <object_component id="oc-486">
         <name>.text</name>
         <load_address>0x87aeb</load_address>
         <run_address>0x87aeb</run_address>
         <size>0x323</size>
         <input_file_ref idref="fl-51"/>
      </object_component>
      <object_component id="oc-462">
         <name>.text</name>
         <load_address>0x87e0e</load_address>
         <run_address>0x87e0e</run_address>
         <size>0x1cd</size>
         <input_file_ref idref="fl-50"/>
      </object_component>
      <object_component id="oc-33d">
         <name>.text</name>
         <load_address>0x87fdb</load_address>
         <run_address>0x87fdb</run_address>
         <size>0x25</size>
         <input_file_ref idref="fl-76"/>
      </object_component>
      <object_component id="oc-46b">
         <name>.text</name>
         <load_address>0x88000</load_address>
         <run_address>0x88000</run_address>
         <size>0x25d</size>
         <input_file_ref idref="fl-35"/>
      </object_component>
      <object_component id="oc-430">
         <name>.text</name>
         <load_address>0x8825d</load_address>
         <run_address>0x8825d</run_address>
         <size>0x259</size>
         <input_file_ref idref="fl-48"/>
      </object_component>
      <object_component id="oc-46c">
         <name>.text</name>
         <load_address>0x884b6</load_address>
         <run_address>0x884b6</run_address>
         <size>0x244</size>
         <input_file_ref idref="fl-16"/>
      </object_component>
      <object_component id="oc-455">
         <name>.text</name>
         <load_address>0x886fa</load_address>
         <run_address>0x886fa</run_address>
         <size>0x243</size>
         <input_file_ref idref="fl-2b"/>
      </object_component>
      <object_component id="oc-464">
         <name>.text</name>
         <load_address>0x8893d</load_address>
         <run_address>0x8893d</run_address>
         <size>0x1f3</size>
         <input_file_ref idref="fl-9"/>
      </object_component>
      <object_component id="oc-451">
         <name>.text</name>
         <load_address>0x88b30</load_address>
         <run_address>0x88b30</run_address>
         <size>0x1ca</size>
         <input_file_ref idref="fl-2a"/>
      </object_component>
      <object_component id="oc-461">
         <name>.text</name>
         <load_address>0x88cfa</load_address>
         <run_address>0x88cfa</run_address>
         <size>0x192</size>
         <input_file_ref idref="fl-7"/>
      </object_component>
      <object_component id="oc-495">
         <name>.text</name>
         <load_address>0x88e8c</load_address>
         <run_address>0x88e8c</run_address>
         <size>0x178</size>
         <input_file_ref idref="fl-9d"/>
      </object_component>
      <object_component id="oc-48c">
         <name>.text</name>
         <load_address>0x89004</load_address>
         <run_address>0x89004</run_address>
         <size>0x174</size>
         <input_file_ref idref="fl-63"/>
      </object_component>
      <object_component id="oc-46d">
         <name>.text</name>
         <load_address>0x89178</load_address>
         <run_address>0x89178</run_address>
         <size>0x171</size>
         <input_file_ref idref="fl-3"/>
      </object_component>
      <object_component id="oc-497">
         <name>.text</name>
         <load_address>0x892e9</load_address>
         <run_address>0x892e9</run_address>
         <size>0x16e</size>
         <input_file_ref idref="fl-9e"/>
      </object_component>
      <object_component id="oc-46a">
         <name>.text</name>
         <load_address>0x89457</load_address>
         <run_address>0x89457</run_address>
         <size>0x150</size>
         <input_file_ref idref="fl-33"/>
      </object_component>
      <object_component id="oc-493">
         <name>.text</name>
         <load_address>0x895a7</load_address>
         <run_address>0x895a7</run_address>
         <size>0x125</size>
         <input_file_ref idref="fl-a0"/>
      </object_component>
      <object_component id="oc-496">
         <name>.text</name>
         <load_address>0x896cc</load_address>
         <run_address>0x896cc</run_address>
         <size>0x11d</size>
         <input_file_ref idref="fl-9b"/>
      </object_component>
      <object_component id="oc-34c">
         <name>.text</name>
         <load_address>0x897e9</load_address>
         <run_address>0x897e9</run_address>
         <size>0x107</size>
         <input_file_ref idref="fl-79"/>
      </object_component>
      <object_component id="oc-29f">
         <name>.text:retain</name>
         <load_address>0x898f0</load_address>
         <run_address>0x898f0</run_address>
         <size>0xf1</size>
         <input_file_ref idref="fl-4f"/>
      </object_component>
      <object_component id="oc-463">
         <name>.text</name>
         <load_address>0x899e1</load_address>
         <run_address>0x899e1</run_address>
         <size>0xe6</size>
         <input_file_ref idref="fl-8"/>
      </object_component>
      <object_component id="oc-498">
         <name>.text</name>
         <load_address>0x89ac7</load_address>
         <run_address>0x89ac7</run_address>
         <size>0xde</size>
         <input_file_ref idref="fl-9c"/>
      </object_component>
      <object_component id="oc-453">
         <name>.text</name>
         <load_address>0x89ba5</load_address>
         <run_address>0x89ba5</run_address>
         <size>0xd4</size>
         <input_file_ref idref="fl-46"/>
      </object_component>
      <object_component id="oc-456">
         <name>.text</name>
         <load_address>0x89c79</load_address>
         <run_address>0x89c79</run_address>
         <size>0xcb</size>
         <input_file_ref idref="fl-45"/>
      </object_component>
      <object_component id="oc-481">
         <name>.text</name>
         <load_address>0x89d44</load_address>
         <run_address>0x89d44</run_address>
         <size>0xbc</size>
         <input_file_ref idref="fl-99"/>
      </object_component>
      <object_component id="oc-48a">
         <name>.text</name>
         <load_address>0x89e00</load_address>
         <run_address>0x89e00</run_address>
         <size>0xb9</size>
         <input_file_ref idref="fl-64"/>
      </object_component>
      <object_component id="oc-494">
         <name>.text</name>
         <load_address>0x89eb9</load_address>
         <run_address>0x89eb9</run_address>
         <size>0xb3</size>
         <input_file_ref idref="fl-9f"/>
      </object_component>
      <object_component id="oc-3b9">
         <name>.text</name>
         <load_address>0x89f6c</load_address>
         <run_address>0x89f6c</run_address>
         <size>0x9c</size>
         <input_file_ref idref="fl-8f"/>
      </object_component>
      <object_component id="oc-296">
         <name>.text:retain</name>
         <load_address>0x8a008</load_address>
         <run_address>0x8a008</run_address>
         <size>0x8e</size>
         <input_file_ref idref="fl-4e"/>
      </object_component>
      <object_component id="oc-329">
         <name>.text</name>
         <load_address>0x8a096</load_address>
         <run_address>0x8a096</run_address>
         <size>0x8b</size>
         <input_file_ref idref="fl-72"/>
      </object_component>
      <object_component id="oc-41a">
         <name>.text</name>
         <load_address>0x8a121</load_address>
         <run_address>0x8a121</run_address>
         <size>0x88</size>
         <input_file_ref idref="fl-a2"/>
      </object_component>
      <object_component id="oc-32e">
         <name>.text</name>
         <load_address>0x8a1a9</load_address>
         <run_address>0x8a1a9</run_address>
         <size>0x83</size>
         <input_file_ref idref="fl-73"/>
      </object_component>
      <object_component id="oc-454">
         <name>.text</name>
         <load_address>0x8a22c</load_address>
         <run_address>0x8a22c</run_address>
         <size>0x82</size>
         <input_file_ref idref="fl-4a"/>
      </object_component>
      <object_component id="oc-28d">
         <name>.text:retain</name>
         <load_address>0x8a2ae</load_address>
         <run_address>0x8a2ae</run_address>
         <size>0x77</size>
         <input_file_ref idref="fl-4d"/>
      </object_component>
      <object_component id="oc-45f">
         <name>.text</name>
         <load_address>0x8a325</load_address>
         <run_address>0x8a325</run_address>
         <size>0x76</size>
         <input_file_ref idref="fl-5"/>
      </object_component>
      <object_component id="oc-48b">
         <name>.text</name>
         <load_address>0x8a39b</load_address>
         <run_address>0x8a39b</run_address>
         <size>0x6d</size>
         <input_file_ref idref="fl-7f"/>
      </object_component>
      <object_component id="oc-46e">
         <name>.text</name>
         <load_address>0x8a408</load_address>
         <run_address>0x8a408</run_address>
         <size>0x57</size>
         <input_file_ref idref="fl-88"/>
      </object_component>
      <object_component id="oc-316">
         <name>.text</name>
         <load_address>0x8a45f</load_address>
         <run_address>0x8a45f</run_address>
         <size>0x56</size>
         <input_file_ref idref="fl-6f"/>
      </object_component>
      <object_component id="oc-479">
         <name>.text</name>
         <load_address>0x8a4b5</load_address>
         <run_address>0x8a4b5</run_address>
         <size>0x50</size>
         <input_file_ref idref="fl-61"/>
      </object_component>
      <object_component id="oc-47a">
         <name>.text</name>
         <load_address>0x8a505</load_address>
         <run_address>0x8a505</run_address>
         <size>0x34</size>
         <input_file_ref idref="fl-60"/>
      </object_component>
      <object_component id="oc-47d">
         <name>.text</name>
         <load_address>0x8a539</load_address>
         <run_address>0x8a539</run_address>
         <size>0x31</size>
         <input_file_ref idref="fl-8d"/>
      </object_component>
      <object_component id="oc-47f">
         <name>.text</name>
         <load_address>0x8a56a</load_address>
         <run_address>0x8a56a</run_address>
         <size>0x2e</size>
         <input_file_ref idref="fl-96"/>
      </object_component>
      <object_component id="oc-3be">
         <name>.text</name>
         <load_address>0x8a598</load_address>
         <run_address>0x8a598</run_address>
         <size>0x2a</size>
         <input_file_ref idref="fl-90"/>
      </object_component>
      <object_component id="oc-424">
         <name>.text</name>
         <load_address>0x8a5c2</load_address>
         <run_address>0x8a5c2</run_address>
         <size>0x2a</size>
         <input_file_ref idref="fl-a4"/>
      </object_component>
      <object_component id="oc-44e">
         <name>.text</name>
         <load_address>0x8a5ec</load_address>
         <run_address>0x8a5ec</run_address>
         <size>0x29</size>
         <input_file_ref idref="fl-71"/>
      </object_component>
      <object_component id="oc-476">
         <name>.text</name>
         <load_address>0x8a615</load_address>
         <run_address>0x8a615</run_address>
         <size>0x28</size>
         <input_file_ref idref="fl-1d"/>
      </object_component>
      <object_component id="oc-478">
         <name>.text</name>
         <load_address>0x8a63d</load_address>
         <run_address>0x8a63d</run_address>
         <size>0x26</size>
         <input_file_ref idref="fl-1e"/>
      </object_component>
      <object_component id="oc-44b">
         <name>.text</name>
         <load_address>0x8a663</load_address>
         <run_address>0x8a663</run_address>
         <size>0x24</size>
         <input_file_ref idref="fl-70"/>
      </object_component>
      <object_component id="oc-488">
         <name>.text</name>
         <load_address>0x8a687</load_address>
         <run_address>0x8a687</run_address>
         <size>0x24</size>
         <input_file_ref idref="fl-a5"/>
      </object_component>
      <object_component id="oc-41f">
         <name>.text</name>
         <load_address>0x8a6ab</load_address>
         <run_address>0x8a6ab</run_address>
         <size>0x22</size>
         <input_file_ref idref="fl-a3"/>
      </object_component>
      <object_component id="oc-3c8">
         <name>.text</name>
         <load_address>0x8a6cd</load_address>
         <run_address>0x8a6cd</run_address>
         <size>0x21</size>
         <input_file_ref idref="fl-92"/>
      </object_component>
      <object_component id="oc-338">
         <name>.text</name>
         <load_address>0x8a6ee</load_address>
         <run_address>0x8a6ee</run_address>
         <size>0x1f</size>
         <input_file_ref idref="fl-75"/>
      </object_component>
      <object_component id="oc-347">
         <name>.text</name>
         <load_address>0x8a70d</load_address>
         <run_address>0x8a70d</run_address>
         <size>0x1e</size>
         <input_file_ref idref="fl-78"/>
      </object_component>
      <object_component id="oc-465">
         <name>.text</name>
         <load_address>0x8a72b</load_address>
         <run_address>0x8a72b</run_address>
         <size>0x1e</size>
         <input_file_ref idref="fl-7b"/>
      </object_component>
      <object_component id="oc-3d2">
         <name>.text</name>
         <load_address>0x8a749</load_address>
         <run_address>0x8a749</run_address>
         <size>0x1d</size>
         <input_file_ref idref="fl-94"/>
      </object_component>
      <object_component id="oc-3cd">
         <name>.text</name>
         <load_address>0x8a766</load_address>
         <run_address>0x8a766</run_address>
         <size>0x1c</size>
         <input_file_ref idref="fl-93"/>
      </object_component>
      <object_component id="oc-3d7">
         <name>.text</name>
         <load_address>0x8a782</load_address>
         <run_address>0x8a782</run_address>
         <size>0x1c</size>
         <input_file_ref idref="fl-95"/>
      </object_component>
      <object_component id="oc-48e">
         <name>.text</name>
         <load_address>0x8a79e</load_address>
         <run_address>0x8a79e</run_address>
         <size>0x1b</size>
         <input_file_ref idref="fl-7c"/>
      </object_component>
      <object_component id="oc-44d">
         <name>.text</name>
         <load_address>0x8a7b9</load_address>
         <run_address>0x8a7b9</run_address>
         <size>0x19</size>
         <input_file_ref idref="fl-8c"/>
      </object_component>
      <object_component id="oc-342">
         <name>.text</name>
         <load_address>0x8a7d2</load_address>
         <run_address>0x8a7d2</run_address>
         <size>0x18</size>
         <input_file_ref idref="fl-77"/>
      </object_component>
      <object_component id="oc-489">
         <name>.text</name>
         <load_address>0x8a7ea</load_address>
         <run_address>0x8a7ea</run_address>
         <size>0x18</size>
         <input_file_ref idref="fl-85"/>
      </object_component>
      <object_component id="oc-46f">
         <name>.text</name>
         <load_address>0x8a802</load_address>
         <run_address>0x8a802</run_address>
         <size>0x17</size>
         <input_file_ref idref="fl-6"/>
      </object_component>
      <object_component id="oc-38d">
         <name>.text</name>
         <load_address>0x8a819</load_address>
         <run_address>0x8a819</run_address>
         <size>0x16</size>
         <input_file_ref idref="fl-86"/>
      </object_component>
      <object_component id="oc-351">
         <name>.text</name>
         <load_address>0x8a82f</load_address>
         <run_address>0x8a82f</run_address>
         <size>0x14</size>
         <input_file_ref idref="fl-7a"/>
      </object_component>
      <object_component id="oc-42e">
         <name>.text</name>
         <load_address>0x8a843</load_address>
         <run_address>0x8a843</run_address>
         <size>0x12</size>
         <input_file_ref idref="fl-38"/>
      </object_component>
      <object_component id="oc-392">
         <name>.text</name>
         <load_address>0x8a855</load_address>
         <run_address>0x8a855</run_address>
         <size>0x11</size>
         <input_file_ref idref="fl-87"/>
      </object_component>
      <object_component id="oc-470">
         <name>.text</name>
         <load_address>0x8a866</load_address>
         <run_address>0x8a866</run_address>
         <size>0x10</size>
         <input_file_ref idref="fl-5f"/>
      </object_component>
      <object_component id="oc-466">
         <name>.text</name>
         <load_address>0x8a876</load_address>
         <run_address>0x8a876</run_address>
         <size>0xf</size>
         <input_file_ref idref="fl-c"/>
      </object_component>
      <object_component id="oc-1ba">
         <name>.text:retain</name>
         <load_address>0x8a885</load_address>
         <run_address>0x8a885</run_address>
         <size>0xf</size>
         <input_file_ref idref="fl-2a"/>
      </object_component>
      <object_component id="oc-333">
         <name>.text</name>
         <load_address>0x8a894</load_address>
         <run_address>0x8a894</run_address>
         <size>0xe</size>
         <input_file_ref idref="fl-74"/>
      </object_component>
      <object_component id="oc-484">
         <name>.text</name>
         <load_address>0x8a8a2</load_address>
         <run_address>0x8a8a2</run_address>
         <size>0xd</size>
         <input_file_ref idref="fl-97"/>
      </object_component>
      <object_component id="oc-483">
         <name>.text</name>
         <load_address>0x8a8af</load_address>
         <run_address>0x8a8af</run_address>
         <size>0xc</size>
         <input_file_ref idref="fl-7d"/>
      </object_component>
      <object_component id="oc-482">
         <name>.text</name>
         <load_address>0x8a8bb</load_address>
         <run_address>0x8a8bb</run_address>
         <size>0xc</size>
         <input_file_ref idref="fl-81"/>
      </object_component>
      <object_component id="oc-490">
         <name>.text</name>
         <load_address>0x8a8c7</load_address>
         <run_address>0x8a8c7</run_address>
         <size>0xb</size>
         <input_file_ref idref="fl-9a"/>
      </object_component>
      <object_component id="oc-48f">
         <name>.text</name>
         <load_address>0x8a8d2</load_address>
         <run_address>0x8a8d2</run_address>
         <size>0xa</size>
         <input_file_ref idref="fl-82"/>
      </object_component>
      <object_component id="oc-472">
         <name>.text</name>
         <load_address>0x8a8dc</load_address>
         <run_address>0x8a8dc</run_address>
         <size>0x9</size>
         <input_file_ref idref="fl-89"/>
      </object_component>
      <object_component id="oc-3c3">
         <name>.text</name>
         <load_address>0x8a8e5</load_address>
         <run_address>0x8a8e5</run_address>
         <size>0x9</size>
         <input_file_ref idref="fl-91"/>
      </object_component>
      <object_component id="oc-47e">
         <name>.text</name>
         <load_address>0x8a8ee</load_address>
         <run_address>0x8a8ee</run_address>
         <size>0x8</size>
         <input_file_ref idref="fl-84"/>
      </object_component>
      <object_component id="oc-47b">
         <name>.text</name>
         <load_address>0x8a8f6</load_address>
         <run_address>0x8a8f6</run_address>
         <size>0x7</size>
         <input_file_ref idref="fl-52"/>
      </object_component>
      <object_component id="oc-477">
         <name>.text</name>
         <load_address>0x8a8fd</load_address>
         <run_address>0x8a8fd</run_address>
         <size>0x5</size>
         <input_file_ref idref="fl-4c"/>
      </object_component>
      <object_component id="oc-460">
         <name>.text</name>
         <load_address>0x8a902</load_address>
         <run_address>0x8a902</run_address>
         <size>0x5</size>
         <input_file_ref idref="fl-83"/>
      </object_component>
      <object_component id="oc-471">
         <name>.text</name>
         <load_address>0x8a907</load_address>
         <run_address>0x8a907</run_address>
         <size>0x4</size>
         <input_file_ref idref="fl-5e"/>
      </object_component>
      <object_component id="oc-cd">
         <name>.text</name>
         <load_address>0x8a90b</load_address>
         <run_address>0x8a90b</run_address>
         <size>0x3</size>
         <input_file_ref idref="fl-f"/>
      </object_component>
      <object_component id="oc-44c">
         <name>.text</name>
         <load_address>0x8a90e</load_address>
         <run_address>0x8a90e</run_address>
         <size>0x1</size>
         <input_file_ref idref="fl-80"/>
      </object_component>
      <object_component id="oc-8a">
         <name>codestart</name>
         <load_address>0x80000</load_address>
         <run_address>0x80000</run_address>
         <size>0x2</size>
         <input_file_ref idref="fl-2"/>
      </object_component>
      <object_component id="oc-317">
         <name>.stack</name>
         <uninitialized>true</uninitialized>
         <run_address>0xb800</run_address>
         <size>0x0</size>
         <input_file_ref idref="fl-6f"/>
      </object_component>
      <object_component id="oc-52c">
         <name>.stack</name>
         <uninitialized>true</uninitialized>
         <run_address>0xb800</run_address>
         <size>0x0</size>
      </object_component>
      <object_component id="oc-29e">
         <name>.ebss</name>
         <uninitialized>true</uninitialized>
         <run_address>0xa800</run_address>
         <size>0x790</size>
         <input_file_ref idref="fl-4f"/>
      </object_component>
      <object_component id="oc-1dd">
         <name>.ebss</name>
         <uninitialized>true</uninitialized>
         <run_address>0xaf90</run_address>
         <size>0x2b</size>
         <input_file_ref idref="fl-30"/>
      </object_component>
      <object_component id="oc-1a1">
         <name>.ebss</name>
         <uninitialized>true</uninitialized>
         <run_address>0xafbb</run_address>
         <size>0x1</size>
         <input_file_ref idref="fl-25"/>
      </object_component>
      <object_component id="oc-2ce">
         <name>.ebss</name>
         <uninitialized>true</uninitialized>
         <run_address>0xafbc</run_address>
         <size>0x4</size>
         <input_file_ref idref="fl-58"/>
      </object_component>
      <object_component id="oc-246">
         <name>.ebss</name>
         <uninitialized>true</uninitialized>
         <run_address>0xafc0</run_address>
         <size>0x3e</size>
         <input_file_ref idref="fl-40"/>
      </object_component>
      <object_component id="oc-467">
         <name>.ebss:__lock</name>
         <uninitialized>true</uninitialized>
         <run_address>0xaffe</run_address>
         <size>0x2</size>
         <input_file_ref idref="fl-89"/>
      </object_component>
      <object_component id="oc-28c">
         <name>.ebss</name>
         <uninitialized>true</uninitialized>
         <run_address>0xc000</run_address>
         <size>0x4e0</size>
         <input_file_ref idref="fl-4d"/>
      </object_component>
      <object_component id="oc-1e4">
         <name>.ebss</name>
         <uninitialized>true</uninitialized>
         <run_address>0xc4e0</run_address>
         <size>0x1f</size>
         <input_file_ref idref="fl-31"/>
      </object_component>
      <object_component id="oc-418">
         <name>.ebss</name>
         <uninitialized>true</uninitialized>
         <run_address>0xc4ff</run_address>
         <size>0x1</size>
         <input_file_ref idref="fl-a1"/>
      </object_component>
      <object_component id="oc-254">
         <name>.ebss</name>
         <uninitialized>true</uninitialized>
         <run_address>0xc500</run_address>
         <size>0x38e</size>
         <input_file_ref idref="fl-42"/>
      </object_component>
      <object_component id="oc-232">
         <name>.ebss</name>
         <uninitialized>true</uninitialized>
         <run_address>0xc88e</run_address>
         <size>0x32</size>
         <input_file_ref idref="fl-3d"/>
      </object_component>
      <object_component id="oc-9a">
         <name>.ebss</name>
         <uninitialized>true</uninitialized>
         <run_address>0xc8c0</run_address>
         <size>0x2a4</size>
         <input_file_ref idref="fl-5"/>
      </object_component>
      <object_component id="oc-c8">
         <name>.ebss</name>
         <uninitialized>true</uninitialized>
         <run_address>0xcb64</run_address>
         <size>0x18</size>
         <input_file_ref idref="fl-e"/>
      </object_component>
      <object_component id="oc-47c">
         <name>.ebss:__unlock</name>
         <uninitialized>true</uninitialized>
         <run_address>0xcb7c</run_address>
         <size>0x2</size>
         <input_file_ref idref="fl-89"/>
      </object_component>
      <object_component id="oc-2ae">
         <name>.ebss</name>
         <uninitialized>true</uninitialized>
         <run_address>0xcb80</run_address>
         <size>0x29a</size>
         <input_file_ref idref="fl-51"/>
      </object_component>
      <object_component id="oc-203">
         <name>.ebss</name>
         <uninitialized>true</uninitialized>
         <run_address>0xce1a</run_address>
         <size>0x25</size>
         <input_file_ref idref="fl-36"/>
      </object_component>
      <object_component id="oc-295">
         <name>.ebss</name>
         <uninitialized>true</uninitialized>
         <run_address>0xce40</run_address>
         <size>0x19e</size>
         <input_file_ref idref="fl-4e"/>
      </object_component>
      <object_component id="oc-224">
         <name>.ebss</name>
         <uninitialized>true</uninitialized>
         <run_address>0xcfde</run_address>
         <size>0x22</size>
         <input_file_ref idref="fl-3b"/>
      </object_component>
      <object_component id="oc-311">
         <name>.ebss</name>
         <uninitialized>true</uninitialized>
         <run_address>0xd000</run_address>
         <size>0x1e4</size>
         <input_file_ref idref="fl-64"/>
      </object_component>
      <object_component id="oc-239">
         <name>.ebss</name>
         <uninitialized>true</uninitialized>
         <run_address>0xd1e4</run_address>
         <size>0x16</size>
         <input_file_ref idref="fl-3e"/>
      </object_component>
      <object_component id="oc-190">
         <name>.ebss</name>
         <uninitialized>true</uninitialized>
         <run_address>0xd1fa</run_address>
         <size>0x6</size>
         <input_file_ref idref="fl-22"/>
      </object_component>
      <object_component id="oc-2a7">
         <name>.ebss</name>
         <uninitialized>true</uninitialized>
         <run_address>0xd200</run_address>
         <size>0x1d0</size>
         <input_file_ref idref="fl-50"/>
      </object_component>
      <object_component id="oc-22b">
         <name>.ebss</name>
         <uninitialized>true</uninitialized>
         <run_address>0xd3d0</run_address>
         <size>0x2a</size>
         <input_file_ref idref="fl-3c"/>
      </object_component>
      <object_component id="oc-324">
         <name>.ebss</name>
         <uninitialized>true</uninitialized>
         <run_address>0xd3fa</run_address>
         <size>0x6</size>
         <input_file_ref idref="fl-71"/>
      </object_component>
      <object_component id="oc-300">
         <name>.ebss</name>
         <uninitialized>true</uninitialized>
         <run_address>0xd400</run_address>
         <size>0x140</size>
         <input_file_ref idref="fl-61"/>
      </object_component>
      <object_component id="oc-2e8">
         <name>.ebss</name>
         <uninitialized>true</uninitialized>
         <run_address>0xd540</run_address>
         <size>0xbc</size>
         <input_file_ref idref="fl-5d"/>
      </object_component>
      <object_component id="oc-2e0">
         <name>.ebss</name>
         <uninitialized>true</uninitialized>
         <run_address>0xd600</run_address>
         <size>0xb2</size>
         <input_file_ref idref="fl-5c"/>
      </object_component>
      <object_component id="oc-309">
         <name>.ebss</name>
         <uninitialized>true</uninitialized>
         <run_address>0xd6b2</run_address>
         <size>0xe</size>
         <input_file_ref idref="fl-63"/>
      </object_component>
      <object_component id="oc-269">
         <name>.ebss</name>
         <uninitialized>true</uninitialized>
         <run_address>0xd6c0</run_address>
         <size>0x8c</size>
         <input_file_ref idref="fl-46"/>
      </object_component>
      <object_component id="oc-1eb">
         <name>.ebss</name>
         <uninitialized>true</uninitialized>
         <run_address>0xd74c</run_address>
         <size>0x31</size>
         <input_file_ref idref="fl-32"/>
      </object_component>
      <object_component id="oc-20a">
         <name>.ebss</name>
         <uninitialized>true</uninitialized>
         <run_address>0xd780</run_address>
         <size>0x80</size>
         <input_file_ref idref="fl-37"/>
      </object_component>
      <object_component id="oc-1ad">
         <name>.ebss</name>
         <uninitialized>true</uninitialized>
         <run_address>0xd800</run_address>
         <size>0x78</size>
         <input_file_ref idref="fl-27"/>
      </object_component>
      <object_component id="oc-90">
         <name>.ebss</name>
         <uninitialized>true</uninitialized>
         <run_address>0xd878</run_address>
         <size>0x8</size>
         <input_file_ref idref="fl-3"/>
      </object_component>
      <object_component id="oc-2d4">
         <name>.ebss</name>
         <uninitialized>true</uninitialized>
         <run_address>0xd880</run_address>
         <size>0x28</size>
         <input_file_ref idref="fl-5a"/>
      </object_component>
      <object_component id="oc-1f7">
         <name>.ebss</name>
         <uninitialized>true</uninitialized>
         <run_address>0xd8a8</run_address>
         <size>0x14</size>
         <input_file_ref idref="fl-34"/>
      </object_component>
      <object_component id="oc-21d">
         <name>.ebss</name>
         <uninitialized>true</uninitialized>
         <run_address>0xd8c0</run_address>
         <size>0x24</size>
         <input_file_ref idref="fl-3a"/>
      </object_component>
      <object_component id="oc-216">
         <name>.ebss</name>
         <uninitialized>true</uninitialized>
         <run_address>0xd8e4</run_address>
         <size>0x12</size>
         <input_file_ref idref="fl-39"/>
      </object_component>
      <object_component id="oc-272">
         <name>.ebss</name>
         <uninitialized>true</uninitialized>
         <run_address>0xd8f6</run_address>
         <size>0xa</size>
         <input_file_ref idref="fl-48"/>
      </object_component>
      <object_component id="oc-27e">
         <name>.ebss</name>
         <uninitialized>true</uninitialized>
         <run_address>0xd900</run_address>
         <size>0x1e</size>
         <input_file_ref idref="fl-4a"/>
      </object_component>
      <object_component id="oc-240">
         <name>.ebss</name>
         <uninitialized>true</uninitialized>
         <run_address>0xd91e</run_address>
         <size>0x10</size>
         <input_file_ref idref="fl-3f"/>
      </object_component>
      <object_component id="oc-24d">
         <name>.ebss</name>
         <uninitialized>true</uninitialized>
         <run_address>0xd92e</run_address>
         <size>0xe</size>
         <input_file_ref idref="fl-41"/>
      </object_component>
      <object_component id="oc-2af">
         <name>.econst:.string</name>
         <load_address>0x90000</load_address>
         <run_address>0x90000</run_address>
         <size>0x309</size>
         <input_file_ref idref="fl-51"/>
      </object_component>
      <object_component id="oc-485">
         <name>.econst:_PieVectTableInit</name>
         <load_address>0x9030a</load_address>
         <run_address>0x9030a</run_address>
         <size>0x1c0</size>
         <input_file_ref idref="fl-1e"/>
      </object_component>
      <object_component id="oc-297">
         <name>.econst:.string</name>
         <load_address>0x904ca</load_address>
         <run_address>0x904ca</run_address>
         <size>0x108</size>
         <input_file_ref idref="fl-4e"/>
      </object_component>
      <object_component id="oc-91">
         <name>.econst:.string</name>
         <load_address>0x905d2</load_address>
         <run_address>0x905d2</run_address>
         <size>0x106</size>
         <input_file_ref idref="fl-3"/>
      </object_component>
      <object_component id="oc-487">
         <name>.econst:.string:__ctypes_</name>
         <load_address>0x906d8</load_address>
         <run_address>0x906d8</run_address>
         <size>0x101</size>
         <input_file_ref idref="fl-8e"/>
      </object_component>
      <object_component id="oc-a5">
         <name>.econst:.string</name>
         <load_address>0x907da</load_address>
         <run_address>0x907da</run_address>
         <size>0xd4</size>
         <input_file_ref idref="fl-7"/>
      </object_component>
      <object_component id="oc-b0">
         <name>.econst:.string</name>
         <load_address>0x908ae</load_address>
         <run_address>0x908ae</run_address>
         <size>0x93</size>
         <input_file_ref idref="fl-9"/>
      </object_component>
      <object_component id="oc-457">
         <name>.econst:_g_pui8AudioControlInterface</name>
         <load_address>0x90941</load_address>
         <run_address>0x90941</run_address>
         <size>0x34</size>
         <input_file_ref idref="fl-30"/>
      </object_component>
      <object_component id="oc-458">
         <name>.econst:_g_pui8AudioStreamInterface</name>
         <load_address>0x90975</load_address>
         <run_address>0x90975</run_address>
         <size>0x34</size>
         <input_file_ref idref="fl-30"/>
      </object_component>
      <object_component id="oc-2a0">
         <name>.econst:.string</name>
         <load_address>0x909aa</load_address>
         <run_address>0x909aa</run_address>
         <size>0x31</size>
         <input_file_ref idref="fl-4f"/>
      </object_component>
      <object_component id="oc-499">
         <name>.econst:_digits</name>
         <load_address>0x909dc</load_address>
         <run_address>0x909dc</run_address>
         <size>0x28</size>
         <input_file_ref idref="fl-9d"/>
      </object_component>
      <object_component id="oc-3a3">
         <name>.econst:.string</name>
         <load_address>0x90a04</load_address>
[...]
         <value>0x87faa</value>
         <object_component_ref idref="oc-462"/>
      </symbol>
      <symbol id="sm-e79">
         <name>_dev_get_type</name>
         <value>0x87e34</value>
         <object_component_ref idref="oc-462"/>
      </symbol>
      <symbol id="sm-e7a">
         <name>_flush</name>
         <value>0x87f59</value>
         <object_component_ref idref="oc-462"/>
      </symbol>
      <symbol id="sm-e7b">
         <name>_getbyte</name>
         <value>0x87f3f</value>
         <object_component_ref idref="oc-462"/>
      </symbol>
      <symbol id="sm-e7c">
         <name>_io_get_class</name>
         <value>0x87e0e</value>
         <object_component_ref idref="oc-462"/>
      </symbol>
      <symbol id="sm-e7d">
         <name>_std_out</name>
         <value>0xd240</value>
         <object_component_ref idref="oc-2a7"/>
      </symbol>
      <symbol id="sm-e7e">
         <name>_stdport</name>
         <value>0xd200</value>
         <object_component_ref idref="oc-2a7"/>
      </symbol>
      <symbol id="sm-e7f">
         <name>_fprint</name>
         <value>0x87f84</value>
         <object_component_ref idref="oc-462"/>
      </symbol>
      <symbol id="sm-e80">
         <name>_write</name>
         <value>0x87e4e</value>
         <object_component_ref idref="oc-462"/>
      </symbol>
      <symbol id="sm-e81">
         <name>_listen</name>
         <value>0x87ec7</value>
         <object_component_ref idref="oc-462"/>
      </symbol>
      <symbol id="sm-ee6">
         <name>_comtest_main</name>
         <value>0x87df1</value>
         <object_component_ref idref="oc-486"/>
      </symbol>
      <symbol id="sm-ee7">
         <name>_comtest_fsm</name>
         <value>0x87c63</value>
         <object_component_ref idref="oc-486"/>
      </symbol>
      <symbol id="sm-ee8">
         <name>_comtest_ctrl</name>
         <value>0xcc00</value>
         <object_component_ref idref="oc-2ae"/>
      </symbol>
      <symbol id="sm-ee9">
         <name>_comtest_bash</name>
         <value>0xcbc0</value>
         <object_component_ref idref="oc-2ae"/>
      </symbol>
      <symbol id="sm-eea">
         <name>_comtest_echo</name>
         <value>0x87c19</value>
         <object_component_ref idref="oc-486"/>
      </symbol>
      <symbol id="sm-eeb">
         <name>_comtest_readcmd</name>
         <value>0x87b22</value>
         <object_component_ref idref="oc-486"/>
      </symbol>
      <symbol id="sm-eec">
         <name>_comtest_sh</name>
         <value>0xcb88</value>
         <object_component_ref idref="oc-2ae"/>
      </symbol>
      <symbol id="sm-eed">
         <name>_comtest_tick</name>
         <value>0x87b08</value>
         <object_component_ref idref="oc-486"/>
      </symbol>
      <symbol id="sm-eee">
         <name>_comtest_rcvdata</name>
         <value>0x87bf5</value>
         <object_component_ref idref="oc-486"/>
      </symbol>
      <symbol id="sm-eef">
         <name>_comtest_err_test</name>
         <value>0xcb80</value>
         <object_component_ref idref="oc-2ae"/>
      </symbol>
      <symbol id="sm-ef0">
         <name>_comtest_init</name>
         <value>0x87da7</value>
         <object_component_ref idref="oc-486"/>
      </symbol>
      <symbol id="sm-ef1">
         <name>_comtest_chkframe</name>
         <value>0x87af2</value>
         <object_component_ref idref="oc-486"/>
      </symbol>
      <symbol id="sm-efd">
         <name>_root_main</name>
         <value>0x8a8fa</value>
         <object_component_ref idref="oc-47b"/>
      </symbol>
      <symbol id="sm-efe">
         <name>_root_init</name>
         <value>0x8a8f6</value>
         <object_component_ref idref="oc-47b"/>
      </symbol>
      <symbol id="sm-f2d">
         <name>_ulTaskHasFPUContext</name>
         <value>0xafbc</value>
         <object_component_ref idref="oc-2ce"/>
      </symbol>
      <symbol id="sm-f2e">
         <name>_ulCriticalNesting</name>
         <value>0xafbe</value>
         <object_component_ref idref="oc-2ce"/>
      </symbol>
      <symbol id="sm-f3c">
         <name>_xQueueRegistry</name>
         <value>0xd880</value>
         <object_component_ref idref="oc-2d4"/>
      </symbol>
      <symbol id="sm-f6a">
         <name>_pxCurrentTCB</name>
         <value>0xd61a</value>
         <object_component_ref idref="oc-2e0"/>
      </symbol>
      <symbol id="sm-f90">
         <name>_sys_fault</name>
         <value>0x8a907</value>
         <object_component_ref idref="oc-471"/>
      </symbol>
      <symbol id="sm-f9d">
         <name>_sys_schd</name>
         <value>0x8a873</value>
         <object_component_ref idref="oc-470"/>
      </symbol>
      <symbol id="sm-f9e">
         <name>_sys_reset</name>
         <value>0x8a866</value>
         <object_component_ref idref="oc-470"/>
      </symbol>
      <symbol id="sm-f9f">
         <name>_sys_init</name>
         <value>0x8a868</value>
         <object_component_ref idref="oc-470"/>
      </symbol>
      <symbol id="sm-fb2">
         <name>_sys_tick_init</name>
         <value>0x8a505</value>
         <object_component_ref idref="oc-47a"/>
      </symbol>
      <symbol id="sm-fb3">
         <name>_sys_tick</name>
         <value>0x8a520</value>
         <object_component_ref idref="oc-47a"/>
      </symbol>
      <symbol id="sm-fcd">
         <name>_made_crc8_table</name>
         <value>0xd400</value>
         <object_component_ref idref="oc-300"/>
      </symbol>
      <symbol id="sm-fce">
         <name>_init_crc8</name>
         <value>0x8a4b5</value>
         <object_component_ref idref="oc-479"/>
      </symbol>
      <symbol id="sm-fcf">
         <name>_crc8</name>
         <value>0x8a4e4</value>
         <object_component_ref idref="oc-479"/>
      </symbol>
      <symbol id="sm-fd0">
         <name>_crc8_table</name>
         <value>0xd440</value>
         <object_component_ref idref="oc-300"/>
      </symbol>
      <symbol id="sm-100c">
         <name>_optopt</name>
         <value>0xd6b3</value>
         <object_component_ref idref="oc-309"/>
      </symbol>
      <symbol id="sm-100d">
         <name>_optind</name>
         <value>0xd6ba</value>
         <object_component_ref idref="oc-309"/>
      </symbol>
      <symbol id="sm-100e">
         <name>_getopt</name>
         <value>0x89054</value>
         <object_component_ref idref="oc-48c"/>
      </symbol>
      <symbol id="sm-100f">
         <name>_optarg</name>
         <value>0xd6bc</value>
         <object_component_ref idref="oc-309"/>
      </symbol>
      <symbol id="sm-1010">
         <name>_opterr</name>
         <value>0xd6b5</value>
         <object_component_ref idref="oc-309"/>
      </symbol>
      <symbol id="sm-102b">
         <name>_getoptbuf</name>
         <value>0xd040</value>
         <object_component_ref idref="oc-311"/>
      </symbol>
      <symbol id="sm-102c">
         <name>_argv_buf</name>
         <value>0xd002</value>
         <object_component_ref idref="oc-311"/>
      </symbol>
      <symbol id="sm-102d">
         <name>_manual_reinit</name>
         <value>0xd000</value>
         <object_component_ref idref="oc-311"/>
      </symbol>
      <symbol id="sm-102e">
         <name>_getoptstream</name>
         <value>0x89ead</value>
         <object_component_ref idref="oc-48a"/>
      </symbol>
      <symbol id="sm-102f">
         <name>_argc</name>
         <value>0xd001</value>
         <object_component_ref idref="oc-311"/>
      </symbol>
      <symbol id="sm-1030">
         <name>_getoptdebug</name>
         <value>0x89e9c</value>
         <object_component_ref idref="oc-48a"/>
      </symbol>
      <symbol id="sm-1031">
         <name>_getoptstrwrite</name>
         <value>0x89e00</value>
         <object_component_ref idref="oc-48a"/>
      </symbol>
      <symbol id="sm-104c">
         <name>_c_int00</name>
         <value>0x8a45f</value>
         <object_component_ref idref="oc-316"/>
      </symbol>
      <symbol id="sm-104d">
         <name>__stack</name>
         <value>0xb800</value>
         <object_component_ref idref="oc-317"/>
      </symbol>
      <symbol id="sm-105c">
         <name>_copy_in</name>
         <value>0x8a663</value>
         <object_component_ref idref="oc-44b"/>
      </symbol>
      <symbol id="sm-1070">
         <name>C$$EXIT</name>
         <value>0x8a5ec</value>
         <object_component_ref idref="oc-44e"/>
      </symbol>
      <symbol id="sm-1071">
         <name>_exit</name>
         <value>0x8a5ee</value>
         <object_component_ref idref="oc-44e"/>
      </symbol>
      <symbol id="sm-1072">
         <name>___TI_cleanup_ptr</name>
         <value>0xd3fc</value>
         <object_component_ref idref="oc-324"/>
      </symbol>
      <symbol id="sm-1073">
         <name>___TI_enable_exit_profile_output</name>
         <value>0xd3fa</value>
         <object_component_ref idref="oc-324"/>
      </symbol>
      <symbol id="sm-1074">
         <name>_abort</name>
         <value>0x8a5ec</value>
         <object_component_ref idref="oc-44e"/>
      </symbol>
      <symbol id="sm-1075">
         <name>___TI_dtors_ptr</name>
         <value>0xd3fe</value>
         <object_component_ref idref="oc-324"/>
      </symbol>
      <symbol id="sm-108c">
         <name>FD$$DIV</name>
         <value>0x8a096</value>
         <object_component_ref idref="oc-329"/>
      </symbol>
      <symbol id="sm-109e">
         <name>FD$$MPY</name>
         <value>0x8a1a9</value>
         <object_component_ref idref="oc-32e"/>
      </symbol>
      <symbol id="sm-10aa">
         <name>FD$$SUB</name>
         <value>0x8a894</value>
         <object_component_ref idref="oc-333"/>
      </symbol>
      <symbol id="sm-10b9">
         <name>FD$$TOL</name>
         <value>0x8a6ee</value>
         <object_component_ref idref="oc-338"/>
      </symbol>
      <symbol id="sm-10c9">
         <name>FS$$TOULL</name>
         <value>0x87fdb</value>
         <object_component_ref idref="oc-33d"/>
      </symbol>
      <symbol id="sm-10d5">
         <name>LL$$AND</name>
         <value>0x8a7d2</value>
         <object_component_ref idref="oc-342"/>
      </symbol>
      <symbol id="sm-10d6">
         <name>LL$$OR</name>
         <value>0x8a7da</value>
         <object_component_ref idref="oc-342"/>
      </symbol>
      <symbol id="sm-10d7">
         <name>LL$$XOR</name>
         <value>0x8a7e2</value>
         <object_component_ref idref="oc-342"/>
      </symbol>
      <symbol id="sm-10e5">
         <name>ULL$$CMP</name>
         <value>0x8a71f</value>
         <object_component_ref idref="oc-347"/>
      </symbol>
      <symbol id="sm-10e6">
         <name>LL$$CMP</name>
         <value>0x8a70d</value>
         <object_component_ref idref="oc-347"/>
      </symbol>
      <symbol id="sm-1112">
         <name>ULL$$MOD</name>
         <value>0x8988e</value>
         <object_component_ref idref="oc-34c"/>
      </symbol>
      <symbol id="sm-1113">
         <name>ULL$$DIV</name>
         <value>0x8985f</value>
         <object_component_ref idref="oc-34c"/>
      </symbol>
      <symbol id="sm-1114">
         <name>LL$$MOD</name>
         <value>0x89825</value>
         <object_component_ref idref="oc-34c"/>
      </symbol>
      <symbol id="sm-1115">
         <name>LL$$DIV</name>
         <value>0x897e9</value>
         <object_component_ref idref="oc-34c"/>
      </symbol>
      <symbol id="sm-1121">
         <name>LL$$MPY</name>
         <value>0x8a82f</value>
         <object_component_ref idref="oc-351"/>
      </symbol>
      <symbol id="sm-1132">
         <name>_memcpy</name>
         <value>0x8a72b</value>
         <object_component_ref idref="oc-465"/>
      </symbol>
      <symbol id="sm-1141">
         <name>_memmove</name>
         <value>0x8a79e</value>
         <object_component_ref idref="oc-48e"/>
      </symbol>
      <symbol id="sm-114f">
         <name>_memset</name>
         <value>0x8a8af</value>
         <object_component_ref idref="oc-483"/>
      </symbol>
      <symbol id="sm-115b">
         <name>__system_pre_init</name>
         <value>0x83ffe</value>
         <object_component_ref idref="oc-44a"/>
      </symbol>
      <symbol id="sm-1175">
         <name>_sscanf</name>
         <value>0x8a3ab</value>
         <object_component_ref idref="oc-48b"/>
      </symbol>
      <symbol id="sm-1176">
         <name>_vsscanf</name>
         <value>0x8a39b</value>
         <object_component_ref idref="oc-48b"/>
      </symbol>
      <symbol id="sm-1182">
         <name>__system_post_cinit</name>
         <value>0x8a90e</value>
         <object_component_ref idref="oc-44c"/>
      </symbol>
      <symbol id="sm-1191">
         <name>_strchr</name>
         <value>0x8a8bb</value>
         <object_component_ref idref="oc-482"/>
      </symbol>
      <symbol id="sm-119f">
         <name>_strcmp</name>
         <value>0x8a8d2</value>
         <object_component_ref idref="oc-48f"/>
      </symbol>
      <symbol id="sm-11ac">
         <name>_strcpy</name>
         <value>0x8a902</value>
         <object_component_ref idref="oc-460"/>
      </symbol>
      <symbol id="sm-11b9">
         <name>_strlen</name>
         <value>0x8a8ee</value>
         <object_component_ref idref="oc-47e"/>
      </symbol>
      <symbol id="sm-11c8">
         <name>_strncmp</name>
         <value>0x8a7ea</value>
         <object_component_ref idref="oc-489"/>
      </symbol>
      <symbol id="sm-11d9">
         <name>UL$$TOFD</name>
         <value>0x8a819</value>
         <object_component_ref idref="oc-38d"/>
      </symbol>
      <symbol id="sm-11e6">
         <name>ULL$$TOFS</name>
         <value>0x8a855</value>
         <object_component_ref idref="oc-392"/>
      </symbol>
      <symbol id="sm-11fa">
         <name>_vsnprintf</name>
         <value>0x8a408</value>
         <object_component_ref idref="oc-46e"/>
      </symbol>
      <symbol id="sm-120e">
         <name>__unlock</name>
         <value>0xcb7c</value>
         <object_component_ref idref="oc-47c"/>
      </symbol>
      <symbol id="sm-120f">
         <name>__lock</name>
         <value>0xaffe</value>
         <object_component_ref idref="oc-467"/>
      </symbol>
      <symbol id="sm-1210">
         <name>__register_lock</name>
         <value>0x8a8e0</value>
         <object_component_ref idref="oc-472"/>
      </symbol>
      <symbol id="sm-1211">
         <name>__nop</name>
         <value>0x8a8e4</value>
         <object_component_ref idref="oc-472"/>
      </symbol>
      <symbol id="sm-1212">
         <name>__register_unlock</name>
         <value>0x8a8dc</value>
         <object_component_ref idref="oc-472"/>
      </symbol>
      <symbol id="sm-133d">
         <name>___TI_printfi</name>
         <value>0x84ae3</value>
         <object_component_ref idref="oc-475"/>
      </symbol>
      <symbol id="sm-13fe">
         <name>___TI_scanfi</name>
         <value>0x86ac8</value>
         <object_component_ref idref="oc-48d"/>
      </symbol>
      <symbol id="sm-140d">
         <name>__args_main</name>
         <value>0x8a7b9</value>
         <object_component_ref idref="oc-44d"/>
      </symbol>
      <symbol id="sm-1421">
         <name>_atoi</name>
         <value>0x8a539</value>
         <object_component_ref idref="oc-47d"/>
      </symbol>
      <symbol id="sm-1429">
         <name>__ctypes_</name>
         <value>0x906d8</value>
         <object_component_ref idref="oc-487"/>
      </symbol>
      <symbol id="sm-1444">
         <name>FD$$ADD</name>
         <value>0x89f6c</value>
         <object_component_ref idref="oc-3b9"/>
      </symbol>
      <symbol id="sm-1454">
         <name>FD$$CMP</name>
         <value>0x8a598</value>
         <object_component_ref idref="oc-3be"/>
      </symbol>
      <symbol id="sm-1461">
         <name>FD$$NEG</name>
         <value>0x8a8e5</value>
         <object_component_ref idref="oc-3c3"/>
      </symbol>
      <symbol id="sm-1470">
         <name>FD$$TOI</name>
         <value>0x8a6cd</value>
         <object_component_ref idref="oc-3c8"/>
      </symbol>
      <symbol id="sm-1480">
         <name>FS$$TOFD</name>
         <value>0x8a766</value>
         <object_component_ref idref="oc-3cd"/>
      </symbol>
      <symbol id="sm-1490">
         <name>I$$TOFD</name>
         <value>0x8a749</value>
         <object_component_ref idref="oc-3d2"/>
      </symbol>
      <symbol id="sm-14a0">
         <name>L$$TOFD</name>
         <value>0x8a782</value>
         <object_component_ref idref="oc-3d7"/>
      </symbol>
      <symbol id="sm-14ae">
         <name>_ltoa</name>
         <value>0x8a56a</value>
         <object_component_ref idref="oc-47f"/>
      </symbol>
      <symbol id="sm-14bd">
         <name>_memccpy</name>
         <value>0x8a8a2</value>
         <object_component_ref idref="oc-484"/>
      </symbol>
      <symbol id="sm-14d0">
         <name>_frexpl</name>
         <value>0x85fa6</value>
         <object_component_ref idref="oc-480"/>
      </symbol>
      <symbol id="sm-14ed">
         <name>_scalbnl</name>
         <value>0x89d44</value>
         <object_component_ref idref="oc-481"/>
      </symbol>
      <symbol id="sm-14ee">
         <name>_ldexpl</name>
         <value>0x89d44</value>
         <object_component_ref idref="oc-481"/>
      </symbol>
      <symbol id="sm-14fd">
         <name>_strrchr</name>
         <value>0x8a8c7</value>
         <object_component_ref idref="oc-490"/>
      </symbol>
      <symbol id="sm-152f">
         <name>_strtod</name>
         <value>0x896cc</value>
         <object_component_ref idref="oc-496"/>
      </symbol>
      <symbol id="sm-1530">
         <name>_strtof</name>
         <value>0x896cc</value>
         <object_component_ref idref="oc-496"/>
      </symbol>
      <symbol id="sm-1555">
         <name>_strtol</name>
         <value>0x89ac7</value>
         <object_component_ref idref="oc-498"/>
      </symbol>
      <symbol id="sm-158e">
         <name>_strtold</name>
         <value>0x88e8c</value>
         <object_component_ref idref="oc-495"/>
      </symbol>
      <symbol id="sm-15b6">
         <name>_strtoll</name>
         <value>0x892e9</value>
         <object_component_ref idref="oc-497"/>
      </symbol>
      <symbol id="sm-15d8">
         <name>_strtoul</name>
         <value>0x89eb9</value>
         <object_component_ref idref="oc-494"/>
      </symbol>
      <symbol id="sm-15fa">
         <name>_strtoull</name>
         <value>0x895a7</value>
         <object_component_ref idref="oc-493"/>
      </symbol>
      <symbol id="sm-1604">
         <name>_errno</name>
         <value>0xc4ff</value>
         <object_component_ref idref="oc-418"/>
      </symbol>
      <symbol id="sm-1615">
         <name>FS$$DIV</name>
         <value>0x8a121</value>
         <object_component_ref idref="oc-41a"/>
      </symbol>
      <symbol id="sm-1623">
         <name>I$$MOD</name>
         <value>0x8a6bc</value>
         <object_component_ref idref="oc-41f"/>
      </symbol>
      <symbol id="sm-1624">
         <name>I$$DIV</name>
         <value>0x8a6ab</value>
         <object_component_ref idref="oc-41f"/>
      </symbol>
      <symbol id="sm-1630">
         <name>UL$$MOD</name>
         <value>0x8a5e6</value>
         <object_component_ref idref="oc-424"/>
      </symbol>
      <symbol id="sm-1631">
         <name>L$$MOD</name>
         <value>0x8a5d1</value>
         <object_component_ref idref="oc-424"/>
      </symbol>
      <symbol id="sm-1632">
         <name>L$$DIV</name>
         <value>0x8a5c2</value>
         <object_component_ref idref="oc-424"/>
      </symbol>
      <symbol id="sm-1633">
         <name>UL$$DIV</name>
         <value>0x8a5df</value>
         <object_component_ref idref="oc-424"/>
      </symbol>
      <symbol id="sm-1640">
         <name>_copysignl</name>
         <value>0x8a687</value>
         <object_component_ref idref="oc-488"/>
      </symbol>
   </symbol_table>
   <title>Link successful</title>
</link_info>
