<?xml version="1.0"?>
<link_info>
   <banner>TMS320C2000 Linker Unix v16.9.4.LTS</banner>
   <copyright>Copyright (c) 1996-2017 Texas Instruments Incorporated</copyright>
   <link_time>0x5ba1697e</link_time>
   <link_errors>0x0</link_errors>
   <output_file>core1.out</output_file>
   <entry_point>
      <name>code_start</name>
      <address>0x0</address>
   </entry_point>
   <input_file_list>
      <input_file id="fl-2">
         <path>./src/bsp/boot/</path>
         <kind>object</kind>
         <file>F2837xD_CodeStartBranch.obj</file>
         <name>F2837xD_CodeStartBranch.obj</name>
      </input_file>
      <input_file id="fl-3">
         <path>./src/bsp/</path>
         <kind>object</kind>
         <file>bsp_clk.obj</file>
         <name>bsp_clk.obj</name>
      </input_file>
      <input_file id="fl-4">
         <path>./src/bsp/</path>
         <kind>object</kind>
         <file>bsp_dma.obj</file>
         <name>bsp_dma.obj</name>
      </input_file>
      <input_file id="fl-5">
         <path>./src/bsp/</path>
         <kind>object</kind>
         <file>bsp_epwm.obj</file>
         <name>bsp_epwm.obj</name>
      </input_file>
      <input_file id="fl-6">
         <path>./src/bsp/</path>
         <kind>object</kind>
         <file>bsp_gpio.obj</file>
         <name>bsp_gpio.obj</name>
      </input_file>
      <input_file id="fl-7">
         <path>./src/bsp/</path>
         <kind>object</kind>
         <file>bsp_init.obj</file>
         <name>bsp_init.obj</name>
      </input_file>
      <input_file id="fl-8">
         <path>./src/bsp/</path>
         <kind>object</kind>
         <file>bsp_spi.obj</file>
         <name>bsp_spi.obj</name>
      </input_file>
      <input_file id="fl-9">
         <path>./src/bsp/</path>
         <kind>object</kind>
         <file>bsp_sys.obj</file>
         <name>bsp_sys.obj</name>
      </input_file>
      <input_file id="fl-a">
         <path>./src/bsp/</path>
         <kind>object</kind>
         <file>bsp_timer.obj</file>
         <name>bsp_timer.obj</name>
      </input_file>
      <input_file id="fl-b">
         <path>./src/bsp/</path>
         <kind>object</kind>
         <file>bsp_uart.obj</file>
         <name>bsp_uart.obj</name>
      </input_file>
      <input_file id="fl-c">
         <path>./src/bsp/</path>
         <kind>object</kind>
         <file>bsp_xbar.obj</file>
         <name>bsp_xbar.obj</name>
      </input_file>
      <input_file id="fl-d">
         <path>./src/bsp/</path>
         <kind>object</kind>
         <file>cpu_isr.obj</file>
         <name>cpu_isr.obj</name>
      </input_file>
      <input_file id="fl-e">
         <path>./src/bsp/</path>
         <kind>object</kind>
         <file>main.obj</file>
         <name>main.obj</name>
      </input_file>
      <input_file id="fl-f">
         <path>./src/bsp/drv/</path>
         <kind>object</kind>
         <file>F2837xD_Adc.obj</file>
         <name>F2837xD_Adc.obj</name>
      </input_file>
      <input_file id="fl-10">
         <path>./src/bsp/drv/</path>
         <kind>object</kind>
         <file>F2837xD_CpuTimers.obj</file>
         <name>F2837xD_CpuTimers.obj</name>
      </input_file>
      <input_file id="fl-11">
         <path>./src/bsp/drv/</path>
         <kind>object</kind>
         <file>F2837xD_DBGIER.obj</file>
         <name>F2837xD_DBGIER.obj</name>
      </input_file>
      <input_file id="fl-12">
         <path>./src/bsp/drv/</path>
         <kind>object</kind>
         <file>F2837xD_Dma.obj</file>
         <name>F2837xD_Dma.obj</name>
      </input_file>
      <input_file id="fl-13">
         <path>./src/bsp/drv/</path>
         <kind>object</kind>
         <file>F2837xD_ECap.obj</file>
         <name>F2837xD_ECap.obj</name>
      </input_file>
      <input_file id="fl-14">
         <path>./src/bsp/drv/</path>
         <kind>object</kind>
         <file>F2837xD_EPwm.obj</file>
         <name>F2837xD_EPwm.obj</name>
      </input_file>
      <input_file id="fl-15">
         <path>./src/bsp/drv/</path>
         <kind>object</kind>
         <file>F2837xD_EQep.obj</file>
         <name>F2837xD_EQep.obj</name>
      </input_file>
      <input_file id="fl-16">
         <path>./src/bsp/drv/</path>
         <kind>object</kind>
         <file>F2837xD_Emif.obj</file>
         <name>F2837xD_Emif.obj</name>
      </input_file>
      <input_file id="fl-17">
         <path>./src/bsp/drv/</path>
         <kind>object</kind>
         <file>F2837xD_GlobalVariableDefs.obj</file>
         <name>F2837xD_GlobalVariableDefs.obj</name>
      </input_file>
      <input_file id="fl-18">
         <path>./src/bsp/drv/</path>
         <kind>object</kind>
         <file>F2837xD_Gpio.obj</file>
         <name>F2837xD_Gpio.obj</name>
      </input_file>
      <input_file id="fl-19">
         <path>./src/bsp/drv/</path>
         <kind>object</kind>
         <file>F2837xD_I2C.obj</file>
         <name>F2837xD_I2C.obj</name>
      </input_file>
      <input_file id="fl-1a">
         <path>./src/bsp/drv/</path>
         <kind>object</kind>
         <file>F2837xD_Ipc.obj</file>
         <name>F2837xD_Ipc.obj</name>
      </input_file>
      <input_file id="fl-1b">
         <path>./src/bsp/drv/</path>
         <kind>object</kind>
         <file>F2837xD_Ipc_Driver.obj</file>
         <name>F2837xD_Ipc_Driver.obj</name>
      </input_file>
      <input_file id="fl-1c">
         <path>./src/bsp/drv/</path>
         <kind>object</kind>
         <file>F2837xD_Ipc_Driver_Lite.obj</file>
         <name>F2837xD_Ipc_Driver_Lite.obj</name>
      </input_file>
      <input_file id="fl-1d">
         <path>./src/bsp/drv/</path>
         <kind>object</kind>
         <file>F2837xD_Ipc_Driver_Util.obj</file>
         <name>F2837xD_Ipc_Driver_Util.obj</name>
      </input_file>
      <input_file id="fl-1e">
         <path>./src/bsp/drv/</path>
         <kind>object</kind>
         <file>F2837xD_Mcbsp.obj</file>
         <name>F2837xD_Mcbsp.obj</name>
      </input_file>
      <input_file id="fl-1f">
         <path>./src/bsp/drv/</path>
         <kind>object</kind>
         <file>F2837xD_PieCtrl.obj</file>
         <name>F2837xD_PieCtrl.obj</name>
      </input_file>
      <input_file id="fl-20">
         <path>./src/bsp/drv/</path>
         <kind>object</kind>
         <file>F2837xD_PieVect.obj</file>
         <name>F2837xD_PieVect.obj</name>
      </input_file>
      <input_file id="fl-21">
         <path>./src/bsp/drv/</path>
         <kind>object</kind>
         <file>F2837xD_Sci.obj</file>
         <name>F2837xD_Sci.obj</name>
      </input_file>
      <input_file id="fl-22">
         <path>./src/bsp/drv/</path>
         <kind>object</kind>
         <file>F2837xD_Spi.obj</file>
         <name>F2837xD_Spi.obj</name>
      </input_file>
      <input_file id="fl-23">
         <path>./src/bsp/drv/</path>
         <kind>object</kind>
         <file>F2837xD_SysCtrl.obj</file>
         <name>F2837xD_SysCtrl.obj</name>
      </input_file>
      <input_file id="fl-24">
         <path>./src/bsp/drv/</path>
         <kind>object</kind>
         <file>F2837xD_TempSensorConv.obj</file>
         <name>F2837xD_TempSensorConv.obj</name>
      </input_file>
      <input_file id="fl-25">
         <path>./src/bsp/drv/</path>
         <kind>object</kind>
         <file>F2837xD_Upp.obj</file>
         <name>F2837xD_Upp.obj</name>
      </input_file>
      <input_file id="fl-26">
         <path>./src/bsp/drv/</path>
         <kind>object</kind>
         <file>F2837xD_can.obj</file>
         <name>F2837xD_can.obj</name>
      </input_file>
      <input_file id="fl-27">
         <path>./src/bsp/drv/</path>
         <kind>object</kind>
         <file>F2837xD_sci_io.obj</file>
         <name>F2837xD_sci_io.obj</name>
      </input_file>
      <input_file id="fl-28">
         <path>./src/bsp/drv/</path>
         <kind>object</kind>
         <file>F2837xD_sdfm_drivers.obj</file>
         <name>F2837xD_sdfm_drivers.obj</name>
      </input_file>
      <input_file id="fl-29">
         <path>./src/bsp/drv/</path>
         <kind>object</kind>
         <file>F2837xD_struct.obj</file>
         <name>F2837xD_struct.obj</name>
      </input_file>
      <input_file id="fl-2a">
         <path>./src/bsp/drv/</path>
         <kind>object</kind>
         <file>F2837xD_usDelay.obj</file>
         <name>F2837xD_usDelay.obj</name>
      </input_file>
      <input_file id="fl-2b">
         <path>./src/bsp/drv/driverlib/</path>
         <kind>object</kind>
         <file>can.obj</file>
         <name>can.obj</name>
      </input_file>
      <input_file id="fl-2c">
         <path>./src/bsp/drv/driverlib/</path>
         <kind>object</kind>
         <file>interrupt.obj</file>
         <name>interrupt.obj</name>
      </input_file>
      <input_file id="fl-2d">
         <path>./src/bsp/drv/driverlib/</path>
         <kind>object</kind>
         <file>sysctl.obj</file>
         <name>sysctl.obj</name>
      </input_file>
      <input_file id="fl-2e">
         <path>./src/bsp/drv/driverlib/</path>
         <kind>object</kind>
         <file>systick.obj</file>
         <name>systick.obj</name>
      </input_file>
      <input_file id="fl-2f">
         <path>./src/bsp/drv/driverlib/</path>
         <kind>object</kind>
         <file>uart.obj</file>
         <name>uart.obj</name>
      </input_file>
      <input_file id="fl-30">
         <path>./src/bsp/drv/driverlib/</path>
         <kind>object</kind>
         <file>usb.obj</file>
         <name>usb.obj</name>
      </input_file>
      <input_file id="fl-31">
         <path>./src/bsp/drv/driverlib/</path>
         <kind>object</kind>
         <file>usb_hal.obj</file>
         <name>usb_hal.obj</name>
      </input_file>
      <input_file id="fl-32">
         <path>./src/bsp/drv/usblib/device/</path>
         <kind>object</kind>
         <file>usbdaudio.obj</file>
         <name>usbdaudio.obj</name>
      </input_file>
      <input_file id="fl-33">
         <path>./src/bsp/drv/usblib/device/</path>
         <kind>object</kind>
         <file>usbdbulk.obj</file>
         <name>usbdbulk.obj</name>
      </input_file>
      <input_file id="fl-34">
         <path>./src/bsp/drv/usblib/device/</path>
         <kind>object</kind>
         <file>usbdcdc.obj</file>
         <name>usbdcdc.obj</name>
      </input_file>
      <input_file id="fl-35">
         <path>./src/bsp/drv/usblib/device/</path>
         <kind>object</kind>
         <file>usbdcdesc.obj</file>
         <name>usbdcdesc.obj</name>
      </input_file>
      <input_file id="fl-36">
         <path>./src/bsp/drv/usblib/device/</path>
         <kind>object</kind>
         <file>usbdcomp.obj</file>
         <name>usbdcomp.obj</name>
      </input_file>
      <input_file id="fl-37">
         <path>./src/bsp/drv/usblib/device/</path>
         <kind>object</kind>
         <file>usbdconfig.obj</file>
         <name>usbdconfig.obj</name>
      </input_file>
      <input_file id="fl-38">
         <path>./src/bsp/drv/usblib/device/</path>
         <kind>object</kind>
         <file>usbddfu-rt.obj</file>
         <name>usbddfu-rt.obj</name>
      </input_file>
      <input_file id="fl-39">
         <path>./src/bsp/drv/usblib/device/</path>
         <kind>object</kind>
         <file>usbdenum.obj</file>
         <name>usbdenum.obj</name>
      </input_file>
      <input_file id="fl-3a">
         <path>./src/bsp/drv/usblib/device/</path>
         <kind>object</kind>
         <file>usbdhandler.obj</file>
         <name>usbdhandler.obj</name>
      </input_file>
      <input_file id="fl-3b">
         <path>./src/bsp/drv/usblib/device/</path>
         <kind>object</kind>
         <file>usbdhid.obj</file>
         <name>usbdhid.obj</name>
      </input_file>
      <input_file id="fl-3c">
         <path>./src/bsp/drv/usblib/device/</path>
         <kind>object</kind>
         <file>usbdhidkeyb.obj</file>
         <name>usbdhidkeyb.obj</name>
      </input_file>
      <input_file id="fl-3d">
         <path>./src/bsp/drv/usblib/device/</path>
         <kind>object</kind>
         <file>usbdhidmouse.obj</file>
         <name>usbdhidmouse.obj</name>
      </input_file>
      <input_file id="fl-3e">
         <path>./src/bsp/drv/usblib/host/</path>
         <kind>object</kind>
         <file>usbhaudio.obj</file>
         <name>usbhaudio.obj</name>
      </input_file>
      <input_file id="fl-3f">
         <path>./src/bsp/drv/usblib/host/</path>
         <kind>object</kind>
         <file>usbhhid.obj</file>
         <name>usbhhid.obj</name>
      </input_file>
      <input_file id="fl-40">
         <path>./src/bsp/drv/usblib/host/</path>
         <kind>object</kind>
         <file>usbhhidkeyboard.obj</file>
         <name>usbhhidkeyboard.obj</name>
      </input_file>
      <input_file id="fl-41">
         <path>./src/bsp/drv/usblib/host/</path>
         <kind>object</kind>
         <file>usbhhidmouse.obj</file>
         <name>usbhhidmouse.obj</name>
      </input_file>
      <input_file id="fl-42">
         <path>./src/bsp/drv/usblib/host/</path>
         <kind>object</kind>
         <file>usbhhub.obj</file>
         <name>usbhhub.obj</name>
      </input_file>
      <input_file id="fl-43">
         <path>./src/bsp/drv/usblib/host/</path>
         <kind>object</kind>
         <file>usbhmsc.obj</file>
         <name>usbhmsc.obj</name>
      </input_file>
      <input_file id="fl-44">
         <path>./src/bsp/drv/usblib/host/</path>
         <kind>object</kind>
         <file>usbhostenum.obj</file>
         <name>usbhostenum.obj</name>
      </input_file>
      <input_file id="fl-45">
         <path>./src/bsp/drv/usblib/host/</path>
         <kind>object</kind>
         <file>usbhscsi.obj</file>
         <name>usbhscsi.obj</name>
      </input_file>
      <input_file id="fl-46">
         <path>./src/bsp/drv/usblib/</path>
         <kind>object</kind>
         <file>usbbuffer.obj</file>
         <name>usbbuffer.obj</name>
      </input_file>
      <input_file id="fl-47">
         <path>./src/bsp/drv/usblib/</path>
         <kind>object</kind>
         <file>usbdesc.obj</file>
         <name>usbdesc.obj</name>
      </input_file>
      <input_file id="fl-48">
         <path>./src/bsp/drv/usblib/</path>
         <kind>object</kind>
         <file>usbdma.obj</file>
         <name>usbdma.obj</name>
      </input_file>
      <input_file id="fl-49">
         <path>./src/bsp/drv/usblib/</path>
         <kind>object</kind>
         <file>usbkeyboardmap.obj</file>
         <name>usbkeyboardmap.obj</name>
      </input_file>
      <input_file id="fl-4a">
         <path>./src/bsp/drv/usblib/</path>
         <kind>object</kind>
         <file>usbmode.obj</file>
         <name>usbmode.obj</name>
      </input_file>
      <input_file id="fl-4b">
         <path>./src/bsp/drv/usblib/</path>
         <kind>object</kind>
         <file>usbringbuf.obj</file>
         <name>usbringbuf.obj</name>
      </input_file>
      <input_file id="fl-4c">
         <path>./src/bsp/drv/usblib/</path>
         <kind>object</kind>
         <file>usbtick.obj</file>
         <name>usbtick.obj</name>
      </input_file>
      <input_file id="fl-4d">
         <path>./src/bsp/utils/</path>
         <kind>object</kind>
         <file>dev_dma.obj</file>
         <name>dev_dma.obj</name>
      </input_file>
      <input_file id="fl-4e">
         <path>./src/bsp/utils/</path>
         <kind>object</kind>
         <file>dev_epwm.obj</file>
         <name>dev_epwm.obj</name>
      </input_file>
      <input_file id="fl-4f">
         <path>./src/bsp/utils/</path>
         <kind>object</kind>
         <file>dev_init.obj</file>
         <name>dev_init.obj</name>
      </input_file>
      <input_file id="fl-50">
         <path>./src/bsp/utils/</path>
         <kind>object</kind>
         <file>dev_spi.obj</file>
         <name>dev_spi.obj</name>
      </input_file>
      <input_file id="fl-51">
         <path>./src/bsp/utils/</path>
         <kind>object</kind>
         <file>dev_timer.obj</file>
         <name>dev_timer.obj</name>
      </input_file>
      <input_file id="fl-52">
         <path>./src/bsp/utils/</path>
         <kind>object</kind>
         <file>dev_uart.obj</file>
         <name>dev_uart.obj</name>
      </input_file>
      <input_file id="fl-53">
         <path>./src/bsp/utils/</path>
         <kind>object</kind>
         <file>dev_wdt.obj</file>
         <name>dev_wdt.obj</name>
      </input_file>
      <input_file id="fl-54">
         <path>./src/bsp/utils/</path>
         <kind>object</kind>
         <file>io.obj</file>
         <name>io.obj</name>
      </input_file>
      <input_file id="fl-55">
         <path>./src/core1/app/</path>
         <kind>object</kind>
         <file>adtest.obj</file>
         <name>adtest.obj</name>
      </input_file>
      <input_file id="fl-56">
         <path>./src/core1/app/</path>
         <kind>object</kind>
         <file>comtest.obj</file>
         <name>comtest.obj</name>
      </input_file>
      <input_file id="fl-57">
         <path>./src/core1/app/</path>
         <kind>object</kind>
         <file>hbridge.obj</file>
         <name>hbridge.obj</name>
      </input_file>
      <input_file id="fl-58">
         <path>./src/core1/app/</path>
         <kind>object</kind>
         <file>root.obj</file>
         <name>root.obj</name>
      </input_file>
      <input_file id="fl-59">
         <path>./src/core1/app/</path>
         <kind>object</kind>
         <file>shell.obj</file>
         <name>shell.obj</name>
      </input_file>
      <input_file id="fl-5a">
         <path>./src/core1/cla1/</path>
         <kind>object</kind>
         <file>cla1_isr.obj</file>
         <name>cla1_isr.obj</name>
      </input_file>
      <input_file id="fl-5b">
         <path>./src/core1/os/</path>
         <kind>object</kind>
         <file>croutine.obj</file>
         <name>croutine.obj</name>
      </input_file>
      <input_file id="fl-5c">
         <path>./src/core1/os/</path>
         <kind>object</kind>
         <file>event_groups.obj</file>
         <name>event_groups.obj</name>
      </input_file>
      <input_file id="fl-5d">
         <path>./src/core1/os/</path>
         <kind>object</kind>
         <file>list.obj</file>
         <name>list.obj</name>
      </input_file>
      <input_file id="fl-5e">
         <path>./src/core1/os/</path>
         <kind>object</kind>
         <file>port.obj</file>
         <name>port.obj</name>
      </input_file>
      <input_file id="fl-5f">
         <path>./src/core1/os/</path>
         <kind>object</kind>
         <file>portASM.obj</file>
         <name>portASM.obj</name>
      </input_file>
      <input_file id="fl-60">
         <path>./src/core1/os/</path>
         <kind>object</kind>
         <file>queue.obj</file>
         <name>queue.obj</name>
      </input_file>
      <input_file id="fl-61">
         <path>./src/core1/os/</path>
         <kind>object</kind>
         <file>stream_buffer.obj</file>
         <name>stream_buffer.obj</name>
      </input_file>
      <input_file id="fl-62">
         <path>./src/core1/os/</path>
         <kind>object</kind>
         <file>tasks.obj</file>
         <name>tasks.obj</name>
      </input_file>
      <input_file id="fl-63">
         <path>./src/core1/os/</path>
         <kind>object</kind>
         <file>timers.obj</file>
         <name>timers.obj</name>
      </input_file>
      <input_file id="fl-64">
         <path>./src/core1/sys/</path>
         <kind>object</kind>
         <file>sys_fault.obj</file>
         <name>sys_fault.obj</name>
      </input_file>
      <input_file id="fl-65">
         <path>./src/core1/sys/</path>
         <kind>object</kind>
         <file>sys_schd.obj</file>
         <name>sys_schd.obj</name>
      </input_file>
      <input_file id="fl-66">
         <path>./src/core1/sys/</path>
         <kind>object</kind>
         <file>sys_std.obj</file>
         <name>sys_std.obj</name>
      </input_file>
      <input_file id="fl-67">
         <path>./src/core1/sys/</path>
         <kind>object</kind>
         <file>sys_tick.obj</file>
         <name>sys_tick.obj</name>
      </input_file>
      <input_file id="fl-68">
         <path>./src/lib/</path>
         <kind>object</kind>
         <file>crc.obj</file>
         <name>crc.obj</name>
      </input_file>
      <input_file id="fl-69">
         <path>./src/lib/</path>
         <kind>object</kind>
         <file>cstruct.obj</file>
         <name>cstruct.obj</name>
      </input_file>
      <input_file id="fl-6a">
         <path>./src/lib/</path>
         <kind>object</kind>
         <file>echotest.obj</file>
         <name>echotest.obj</name>
      </input_file>
      <input_file id="fl-6b">
         <path>./src/lib/getopt/</path>
         <kind>object</kind>
         <file>getopt.obj</file>
         <name>getopt.obj</name>
      </input_file>
      <input_file id="fl-6c">
         <path>./src/lib/getopt/</path>
         <kind>object</kind>
         <file>getoptbuf.obj</file>
         <name>getoptbuf.obj</name>
      </input_file>
      <input_file id="fl-6d">
         <path>./src/lib/tshell/</path>
         <kind>object</kind>
         <file>tshell.obj</file>
         <name>tshell.obj</name>
      </input_file>
      <input_file id="fl-6e">
         <path>./src/lib/tshell/</path>
         <kind>object</kind>
         <file>tshport.obj</file>
         <name>tshport.obj</name>
      </input_file>
      <input_file id="fl-77">
         <kind>object</kind>
         <file>&lt;internal&gt;</file>
         <name>&lt;internal&gt;</name>
      </input_file>
      <input_file id="fl-78">
         <path>/home/cg/Work/McMaster/Prj_TMS320F28379D/Prj_Controller/src/lib/TI/</path>
         <kind>archive</kind>
         <file>rts2800_fpu32.lib</file>
         <name>boot28.obj</name>
      </input_file>
      <input_file id="fl-79">
         <path>/home/cg/Work/McMaster/Prj_TMS320F28379D/Prj_Controller/src/lib/TI/</path>
         <kind>archive</kind>
         <file>rts2800_fpu32.lib</file>
         <name>cpy_tbl.obj</name>
      </input_file>
      <input_file id="fl-7a">
         <path>/home/cg/Work/McMaster/Prj_TMS320F28379D/Prj_Controller/src/lib/TI/</path>
         <kind>archive</kind>
         <file>rts2800_fpu32.lib</file>
         <name>exit.obj</name>
      </input_file>
      <input_file id="fl-7b">
         <path>/home/cg/Work/McMaster/Prj_TMS320F28379D/Prj_Controller/src/lib/TI/</path>
         <kind>archive</kind>
         <file>rts2800_fpu32.lib</file>
         <name>fd_div28.obj</name>
      </input_file>
      <input_file id="fl-7c">
         <path>/home/cg/Work/McMaster/Prj_TMS320F28379D/Prj_Controller/src/lib/TI/</path>
         <kind>archive</kind>
         <file>rts2800_fpu32.lib</file>
         <name>fd_mpy28.obj</name>
      </input_file>
      <input_file id="fl-7d">
         <path>/home/cg/Work/McMaster/Prj_TMS320F28379D/Prj_Controller/src/lib/TI/</path>
         <kind>archive</kind>
         <file>rts2800_fpu32.lib</file>
         <name>fd_sub28.obj</name>
      </input_file>
      <input_file id="fl-7e">
         <path>/home/cg/Work/McMaster/Prj_TMS320F28379D/Prj_Controller/src/lib/TI/</path>
         <kind>archive</kind>
         <file>rts2800_fpu32.lib</file>
         <name>fd_tol28.obj</name>
      </input_file>
      <input_file id="fl-7f">
         <path>/home/cg/Work/McMaster/Prj_TMS320F28379D/Prj_Controller/src/lib/TI/</path>
         <kind>archive</kind>
         <file>rts2800_fpu32.lib</file>
         <name>ll_aox28.obj</name>
      </input_file>
      <input_file id="fl-80">
         <path>/home/cg/Work/McMaster/Prj_TMS320F28379D/Prj_Controller/src/lib/TI/</path>
         <kind>archive</kind>
         <file>rts2800_fpu32.lib</file>
         <name>ll_cmp28.obj</name>
      </input_file>
      <input_file id="fl-81">
         <path>/home/cg/Work/McMaster/Prj_TMS320F28379D/Prj_Controller/src/lib/TI/</path>
         <kind>archive</kind>
         <file>rts2800_fpu32.lib</file>
         <name>memcpy.obj</name>
      </input_file>
      <input_file id="fl-82">
         <path>/home/cg/Work/McMaster/Prj_TMS320F28379D/Prj_Controller/src/lib/TI/</path>
         <kind>archive</kind>
         <file>rts2800_fpu32.lib</file>
         <name>memmov.obj</name>
      </input_file>
      <input_file id="fl-83">
         <path>/home/cg/Work/McMaster/Prj_TMS320F28379D/Prj_Controller/src/lib/TI/</path>
         <kind>archive</kind>
         <file>rts2800_fpu32.lib</file>
         <name>memset.obj</name>
      </input_file>
      <input_file id="fl-84">
         <path>/home/cg/Work/McMaster/Prj_TMS320F28379D/Prj_Controller/src/lib/TI/</path>
         <kind>archive</kind>
         <file>rts2800_fpu32.lib</file>
         <name>pre_init.obj</name>
      </input_file>
      <input_file id="fl-85">
         <path>/home/cg/Work/McMaster/Prj_TMS320F28379D/Prj_Controller/src/lib/TI/</path>
         <kind>archive</kind>
         <file>rts2800_fpu32.lib</file>
         <name>sscanf.obj</name>
      </input_file>
      <input_file id="fl-86">
         <path>/home/cg/Work/McMaster/Prj_TMS320F28379D/Prj_Controller/src/lib/TI/</path>
         <kind>archive</kind>
         <file>rts2800_fpu32.lib</file>
         <name>startup.obj</name>
      </input_file>
      <input_file id="fl-87">
         <path>/home/cg/Work/McMaster/Prj_TMS320F28379D/Prj_Controller/src/lib/TI/</path>
         <kind>archive</kind>
         <file>rts2800_fpu32.lib</file>
         <name>strchr.obj</name>
      </input_file>
      <input_file id="fl-88">
         <path>/home/cg/Work/McMaster/Prj_TMS320F28379D/Prj_Controller/src/lib/TI/</path>
         <kind>archive</kind>
         <file>rts2800_fpu32.lib</file>
         <name>strcmp.obj</name>
      </input_file>
      <input_file id="fl-89">
         <path>/home/cg/Work/McMaster/Prj_TMS320F28379D/Prj_Controller/src/lib/TI/</path>
         <kind>archive</kind>
         <file>rts2800_fpu32.lib</file>
         <name>strcpy.obj</name>
      </input_file>
      <input_file id="fl-8a">
         <path>/home/cg/Work/McMaster/Prj_TMS320F28379D/Prj_Controller/src/lib/TI/</path>
         <kind>archive</kind>
         <file>rts2800_fpu32.lib</file>
         <name>strlen.obj</name>
      </input_file>
      <input_file id="fl-8b">
         <path>/home/cg/Work/McMaster/Prj_TMS320F28379D/Prj_Controller/src/lib/TI/</path>
         <kind>archive</kind>
         <file>rts2800_fpu32.lib</file>
         <name>strncmp.obj</name>
      </input_file>
      <input_file id="fl-8c">
         <path>/home/cg/Work/McMaster/Prj_TMS320F28379D/Prj_Controller/src/lib/TI/</path>
         <kind>archive</kind>
         <file>rts2800_fpu32.lib</file>
         <name>ul_tofd28.obj</name>
      </input_file>
      <input_file id="fl-8d">
         <path>/home/cg/Work/McMaster/Prj_TMS320F28379D/Prj_Controller/src/lib/TI/</path>
         <kind>archive</kind>
         <file>rts2800_fpu32.lib</file>
         <name>ull_tofsfpu32.obj</name>
      </input_file>
      <input_file id="fl-8e">
         <path>/home/cg/Work/McMaster/Prj_TMS320F28379D/Prj_Controller/src/lib/TI/</path>
         <kind>archive</kind>
         <file>rts2800_fpu32.lib</file>
         <name>vsnprintf.obj</name>
      </input_file>
      <input_file id="fl-8f">
         <path>/home/cg/Work/McMaster/Prj_TMS320F28379D/Prj_Controller/src/lib/TI/</path>
         <kind>archive</kind>
         <file>rts2800_fpu32.lib</file>
         <name>_lock.obj</name>
      </input_file>
      <input_file id="fl-90">
         <path>/home/cg/Work/McMaster/Prj_TMS320F28379D/Prj_Controller/src/lib/TI/</path>
         <kind>archive</kind>
         <file>rts2800_fpu32.lib</file>
         <name>_printfi.obj</name>
      </input_file>
      <input_file id="fl-91">
         <path>/home/cg/Work/McMaster/Prj_TMS320F28379D/Prj_Controller/src/lib/TI/</path>
         <kind>archive</kind>
         <file>rts2800_fpu32.lib</file>
         <name>_scanfi.obj</name>
      </input_file>
      <input_file id="fl-92">
         <path>/home/cg/Work/McMaster/Prj_TMS320F28379D/Prj_Controller/src/lib/TI/</path>
         <kind>archive</kind>
         <file>rts2800_fpu32.lib</file>
         <name>args_main.obj</name>
      </input_file>
      <input_file id="fl-93">
         <path>/home/cg/Work/McMaster/Prj_TMS320F28379D/Prj_Controller/src/lib/TI/</path>
         <kind>archive</kind>
         <file>rts2800_fpu32.lib</file>
         <name>atoi.obj</name>
      </input_file>
      <input_file id="fl-94">
         <path>/home/cg/Work/McMaster/Prj_TMS320F28379D/Prj_Controller/src/lib/TI/</path>
         <kind>archive</kind>
         <file>rts2800_fpu32.lib</file>
         <name>ctype.obj</name>
      </input_file>
      <input_file id="fl-95">
         <path>/home/cg/Work/McMaster/Prj_TMS320F28379D/Prj_Controller/src/lib/TI/</path>
         <kind>archive</kind>
         <file>rts2800_fpu32.lib</file>
         <name>fd_add28.obj</name>
      </input_file>
      <input_file id="fl-96">
         <path>/home/cg/Work/McMaster/Prj_TMS320F28379D/Prj_Controller/src/lib/TI/</path>
         <kind>archive</kind>
         <file>rts2800_fpu32.lib</file>
         <name>fd_cmp28.obj</name>
      </input_file>
      <input_file id="fl-97">
         <path>/home/cg/Work/McMaster/Prj_TMS320F28379D/Prj_Controller/src/lib/TI/</path>
         <kind>archive</kind>
         <file>rts2800_fpu32.lib</file>
         <name>fd_neg28.obj</name>
      </input_file>
      <input_file id="fl-98">
         <path>/home/cg/Work/McMaster/Prj_TMS320F28379D/Prj_Controller/src/lib/TI/</path>
         <kind>archive</kind>
         <file>rts2800_fpu32.lib</file>
         <name>fd_toi28.obj</name>
      </input_file>
      <input_file id="fl-99">
         <path>/home/cg/Work/McMaster/Prj_TMS320F28379D/Prj_Controller/src/lib/TI/</path>
         <kind>archive</kind>
         <file>rts2800_fpu32.lib</file>
         <name>fs_tofdfpu32.obj</name>
      </input_file>
      <input_file id="fl-9a">
         <path>/home/cg/Work/McMaster/Prj_TMS320F28379D/Prj_Controller/src/lib/TI/</path>
         <kind>archive</kind>
         <file>rts2800_fpu32.lib</file>
         <name>i_tofd28.obj</name>
      </input_file>
      <input_file id="fl-9b">
         <path>/home/cg/Work/McMaster/Prj_TMS320F28379D/Prj_Controller/src/lib/TI/</path>
         <kind>archive</kind>
         <file>rts2800_fpu32.lib</file>
         <name>l_tofd28.obj</name>
      </input_file>
      <input_file id="fl-9c">
         <path>/home/cg/Work/McMaster/Prj_TMS320F28379D/Prj_Controller/src/lib/TI/</path>
         <kind>archive</kind>
         <file>rts2800_fpu32.lib</file>
         <name>ll_div28.obj</name>
      </input_file>
      <input_file id="fl-9d">
         <path>/home/cg/Work/McMaster/Prj_TMS320F28379D/Prj_Controller/src/lib/TI/</path>
         <kind>archive</kind>
         <file>rts2800_fpu32.lib</file>
         <name>ltoa.obj</name>
      </input_file>
      <input_file id="fl-9e">
         <path>/home/cg/Work/McMaster/Prj_TMS320F28379D/Prj_Controller/src/lib/TI/</path>
         <kind>archive</kind>
         <file>rts2800_fpu32.lib</file>
         <name>memccpy.obj</name>
      </input_file>
      <input_file id="fl-9f">
         <path>/home/cg/Work/McMaster/Prj_TMS320F28379D/Prj_Controller/src/lib/TI/</path>
         <kind>archive</kind>
         <file>rts2800_fpu32.lib</file>
         <name>s_frexp.obj</name>
      </input_file>
      <input_file id="fl-a0">
         <path>/home/cg/Work/McMaster/Prj_TMS320F28379D/Prj_Controller/src/lib/TI/</path>
         <kind>archive</kind>
         <file>rts2800_fpu32.lib</file>
         <name>s_scalbn.obj</name>
      </input_file>
      <input_file id="fl-a1">
         <path>/home/cg/Work/McMaster/Prj_TMS320F28379D/Prj_Controller/src/lib/TI/</path>
         <kind>archive</kind>
         <file>rts2800_fpu32.lib</file>
         <name>strrchr.obj</name>
      </input_file>
      <input_file id="fl-a2">
         <path>/home/cg/Work/McMaster/Prj_TMS320F28379D/Prj_Controller/src/lib/TI/</path>
         <kind>archive</kind>
         <file>rts2800_fpu32.lib</file>
         <name>strtod.obj</name>
      </input_file>
      <input_file id="fl-a3">
         <path>/home/cg/Work/McMaster/Prj_TMS320F28379D/Prj_Controller/src/lib/TI/</path>
         <kind>archive</kind>
         <file>rts2800_fpu32.lib</file>
         <name>strtol.obj</name>
      </input_file>
      <input_file id="fl-a4">
         <path>/home/cg/Work/McMaster/Prj_TMS320F28379D/Prj_Controller/src/lib/TI/</path>
         <kind>archive</kind>
         <file>rts2800_fpu32.lib</file>
         <name>strtold.obj</name>
      </input_file>
      <input_file id="fl-a5">
         <path>/home/cg/Work/McMaster/Prj_TMS320F28379D/Prj_Controller/src/lib/TI/</path>
         <kind>archive</kind>
         <file>rts2800_fpu32.lib</file>
         <name>strtoll.obj</name>
      </input_file>
      <input_file id="fl-a6">
         <path>/home/cg/Work/McMaster/Prj_TMS320F28379D/Prj_Controller/src/lib/TI/</path>
         <kind>archive</kind>
         <file>rts2800_fpu32.lib</file>
         <name>strtoul.obj</name>
      </input_file>
      <input_file id="fl-a7">
         <path>/home/cg/Work/McMaster/Prj_TMS320F28379D/Prj_Controller/src/lib/TI/</path>
         <kind>archive</kind>
         <file>rts2800_fpu32.lib</file>
         <name>strtoull.obj</name>
      </input_file>
      <input_file id="fl-a8">
         <path>/home/cg/Work/McMaster/Prj_TMS320F28379D/Prj_Controller/src/lib/TI/</path>
         <kind>archive</kind>
         <file>rts2800_fpu32.lib</file>
         <name>errno.obj</name>
      </input_file>
      <input_file id="fl-a9">
         <path>/home/cg/Work/McMaster/Prj_TMS320F28379D/Prj_Controller/src/lib/TI/</path>
         <kind>archive</kind>
         <file>rts2800_fpu32.lib</file>
         <name>fs_div28.obj</name>
      </input_file>
      <input_file id="fl-aa">
         <path>/home/cg/Work/McMaster/Prj_TMS320F28379D/Prj_Controller/src/lib/TI/</path>
         <kind>archive</kind>
         <file>rts2800_fpu32.lib</file>
         <name>i_div28.obj</name>
      </input_file>
      <input_file id="fl-ab">
         <path>/home/cg/Work/McMaster/Prj_TMS320F28379D/Prj_Controller/src/lib/TI/</path>
         <kind>archive</kind>
         <file>rts2800_fpu32.lib</file>
         <name>l_div28.obj</name>
      </input_file>
      <input_file id="fl-ac">
         <path>/home/cg/Work/McMaster/Prj_TMS320F28379D/Prj_Controller/src/lib/TI/</path>
         <kind>archive</kind>
         <file>rts2800_fpu32.lib</file>
         <name>ll_mpy28.obj</name>
      </input_file>
      <input_file id="fl-ad">
         <path>/home/cg/Work/McMaster/Prj_TMS320F28379D/Prj_Controller/src/lib/TI/</path>
         <kind>archive</kind>
         <file>rts2800_fpu32.lib</file>
         <name>s_copysign.obj</name>
      </input_file>
   </input_file_list>
   <object_component_list>
      <object_component id="oc-81">
         <name>codestart</name>
         <load_address>0x0</load_address>
         <run_address>0x0</run_address>
         <size>0x2</size>
         <input_file_ref idref="fl-2"/>
      </object_component>
      <object_component id="oc-97">
         <name>.cinit</name>
         <load_address>0xc000</load_address>
         <run_address>0xc000</run_address>
         <size>0x2a7</size>
         <input_file_ref idref="fl-6"/>
      </object_component>
      <object_component id="oc-1a1">
         <name>.cinit</name>
         <load_address>0xc2a7</load_address>
         <run_address>0xc2a7</run_address>
         <size>0x4</size>
         <input_file_ref idref="fl-27"/>
      </object_component>
      <object_component id="oc-1ad">
         <name>.cinit</name>
         <load_address>0xc2ab</load_address>
         <run_address>0xc2ab</run_address>
         <size>0x90</size>
         <input_file_ref idref="fl-29"/>
      </object_component>
      <object_component id="oc-1dd">
         <name>.cinit</name>
         <load_address>0xc33b</load_address>
         <run_address>0xc33b</run_address>
         <size>0x37</size>
         <input_file_ref idref="fl-32"/>
      </object_component>
      <object_component id="oc-1e4">
         <name>.cinit</name>
         <load_address>0xc372</load_address>
         <run_address>0xc372</run_address>
         <size>0x28</size>
         <input_file_ref idref="fl-33"/>
      </object_component>
      <object_component id="oc-1eb">
         <name>.cinit</name>
         <load_address>0xc39a</load_address>
         <run_address>0xc39a</run_address>
         <size>0x40</size>
         <input_file_ref idref="fl-34"/>
      </object_component>
      <object_component id="oc-1f7">
         <name>.cinit</name>
         <load_address>0xc3da</load_address>
         <run_address>0xc3da</run_address>
         <size>0x15</size>
         <input_file_ref idref="fl-36"/>
      </object_component>
      <object_component id="oc-203">
         <name>.cinit</name>
         <load_address>0xc3ef</load_address>
         <run_address>0xc3ef</run_address>
         <size>0x34</size>
         <input_file_ref idref="fl-38"/>
      </object_component>
      <object_component id="oc-20a">
         <name>.cinit</name>
         <load_address>0xc423</load_address>
         <run_address>0xc423</run_address>
         <size>0x5</size>
         <input_file_ref idref="fl-39"/>
      </object_component>
      <object_component id="oc-216">
         <name>.cinit</name>
         <load_address>0xc428</load_address>
         <run_address>0xc428</run_address>
         <size>0x15</size>
         <input_file_ref idref="fl-3b"/>
      </object_component>
      <object_component id="oc-21d">
         <name>.cinit</name>
         <load_address>0xc43d</load_address>
         <run_address>0xc43d</run_address>
         <size>0x33</size>
         <input_file_ref idref="fl-3c"/>
      </object_component>
      <object_component id="oc-224">
         <name>.cinit</name>
         <load_address>0xc470</load_address>
         <run_address>0xc470</run_address>
         <size>0x31</size>
         <input_file_ref idref="fl-3d"/>
      </object_component>
      <object_component id="oc-22b">
         <name>.cinit</name>
         <load_address>0xc4a1</load_address>
         <run_address>0xc4a1</run_address>
         <size>0x5</size>
         <input_file_ref idref="fl-3e"/>
      </object_component>
      <object_component id="oc-232">
         <name>.cinit</name>
         <load_address>0xc4a6</load_address>
         <run_address>0xc4a6</run_address>
         <size>0x35</size>
         <input_file_ref idref="fl-3f"/>
      </object_component>
      <object_component id="oc-239">
         <name>.cinit</name>
         <load_address>0xc4db</load_address>
         <run_address>0xc4db</run_address>
         <size>0x5</size>
         <input_file_ref idref="fl-40"/>
      </object_component>
      <object_component id="oc-240">
         <name>.cinit</name>
         <load_address>0xc4e0</load_address>
         <run_address>0xc4e0</run_address>
         <size>0x5</size>
         <input_file_ref idref="fl-41"/>
      </object_component>
      <object_component id="oc-24d">
         <name>.cinit</name>
         <load_address>0xc4e5</load_address>
         <run_address>0xc4e5</run_address>
         <size>0x7</size>
         <input_file_ref idref="fl-43"/>
      </object_component>
      <object_component id="oc-254">
         <name>.cinit</name>
         <load_address>0xc4ec</load_address>
         <run_address>0xc4ec</run_address>
         <size>0x46</size>
         <input_file_ref idref="fl-44"/>
      </object_component>
      <object_component id="oc-272">
         <name>.cinit</name>
         <load_address>0xc532</load_address>
         <run_address>0xc532</run_address>
         <size>0xd</size>
         <input_file_ref idref="fl-4a"/>
      </object_component>
      <object_component id="oc-27e">
         <name>.cinit</name>
         <load_address>0xc53f</load_address>
         <run_address>0xc53f</run_address>
         <size>0xe</size>
         <input_file_ref idref="fl-4c"/>
      </object_component>
      <object_component id="oc-285">
         <name>.cinit</name>
         <load_address>0xc54d</load_address>
         <run_address>0xc54d</run_address>
         <size>0xf</size>
         <input_file_ref idref="fl-4d"/>
      </object_component>
      <object_component id="oc-28e">
         <name>.cinit</name>
         <load_address>0xc55c</load_address>
         <run_address>0xc55c</run_address>
         <size>0x1b</size>
         <input_file_ref idref="fl-4e"/>
      </object_component>
      <object_component id="oc-29d">
         <name>.cinit</name>
         <load_address>0xc577</load_address>
         <run_address>0xc577</run_address>
         <size>0x14</size>
         <input_file_ref idref="fl-50"/>
      </object_component>
      <object_component id="oc-2a6">
         <name>.cinit</name>
         <load_address>0xc58b</load_address>
         <run_address>0xc58b</run_address>
         <size>0x18</size>
         <input_file_ref idref="fl-51"/>
      </object_component>
      <object_component id="oc-2af">
         <name>.cinit</name>
         <load_address>0xc5a3</load_address>
         <run_address>0xc5a3</run_address>
         <size>0xb</size>
         <input_file_ref idref="fl-52"/>
      </object_component>
      <object_component id="oc-2c6">
         <name>.cinit</name>
         <load_address>0xc5ae</load_address>
         <run_address>0xc5ae</run_address>
         <size>0xb</size>
         <input_file_ref idref="fl-56"/>
      </object_component>
      <object_component id="oc-2ed">
         <name>.cinit</name>
         <load_address>0xc5b9</load_address>
         <run_address>0xc5b9</run_address>
         <size>0xe</size>
         <input_file_ref idref="fl-5e"/>
      </object_component>
      <object_component id="oc-308">
         <name>.cinit</name>
         <load_address>0xc5c7</load_address>
         <run_address>0xc5c7</run_address>
         <size>0x36</size>
         <input_file_ref idref="fl-62"/>
      </object_component>
      <object_component id="oc-310">
         <name>.cinit</name>
         <load_address>0xc5fd</load_address>
         <run_address>0xc5fd</run_address>
         <size>0xe</size>
         <input_file_ref idref="fl-63"/>
      </object_component>
      <object_component id="oc-322">
         <name>.cinit</name>
         <load_address>0xc60b</load_address>
         <run_address>0xc60b</run_address>
         <size>0x4</size>
         <input_file_ref idref="fl-66"/>
      </object_component>
      <object_component id="oc-32f">
         <name>.cinit</name>
         <load_address>0xc60f</load_address>
         <run_address>0xc60f</run_address>
         <size>0x4</size>
         <input_file_ref idref="fl-68"/>
      </object_component>
      <object_component id="oc-33a">
         <name>.cinit</name>
         <load_address>0xc613</load_address>
         <run_address>0xc613</run_address>
         <size>0x2e</size>
         <input_file_ref idref="fl-6b"/>
      </object_component>
      <object_component id="oc-342">
         <name>.cinit</name>
         <load_address>0xc641</load_address>
         <run_address>0xc641</run_address>
         <size>0x4</size>
         <input_file_ref idref="fl-6c"/>
      </object_component>
      <object_component id="oc-359">
         <name>.cinit</name>
         <load_address>0xc645</load_address>
         <run_address>0xc645</run_address>
         <size>0xe</size>
         <input_file_ref idref="fl-7a"/>
      </object_component>
      <object_component id="oc-4ad">
         <name>.cinit:__unlock</name>
         <load_address>0xc653</load_address>
         <run_address>0xc653</run_address>
         <size>0x5</size>
         <input_file_ref idref="fl-8f"/>
      </object_component>
      <object_component id="oc-4a2">
         <name>.cinit:__lock</name>
         <load_address>0xc658</load_address>
         <run_address>0xc658</run_address>
         <size>0x5</size>
         <input_file_ref idref="fl-8f"/>
      </object_component>
      <object_component id="oc-443">
         <name>.cinit</name>
         <load_address>0xc65d</load_address>
         <run_address>0xc65d</run_address>
         <size>0x4</size>
         <input_file_ref idref="fl-a8"/>
      </object_component>
      <object_component id="oc-460">
         <name>.text</name>
         <load_address>0xd000</load_address>
         <run_address>0xd000</run_address>
         <size>0x15dd</size>
         <input_file_ref idref="fl-44"/>
      </object_component>
      <object_component id="oc-47d">
         <name>.text</name>
         <load_address>0xe5dd</load_address>
         <run_address>0xe5dd</run_address>
         <size>0xc72</size>
         <input_file_ref idref="fl-62"/>
      </object_component>
      <object_component id="oc-480">
         <name>.text</name>
         <load_address>0xf24f</load_address>
         <run_address>0xf24f</run_address>
         <size>0x1</size>
         <input_file_ref idref="fl-86"/>
      </object_component>
      <object_component id="oc-4bd">
         <name>.text</name>
         <load_address>0xf250</load_address>
         <run_address>0xf250</run_address>
         <size>0xc16</size>
         <input_file_ref idref="fl-90"/>
      </object_component>
      <object_component id="oc-479">
         <name>.text</name>
         <load_address>0xfe66</load_address>
         <run_address>0xfe66</run_address>
         <size>0xb15</size>
         <input_file_ref idref="fl-4e"/>
      </object_component>
      <object_component id="oc-47a">
         <name>.text</name>
         <load_address>0x1097b</load_address>
         <run_address>0x1097b</run_address>
         <size>0x8c5</size>
         <input_file_ref idref="fl-50"/>
      </object_component>
      <object_component id="oc-484">
         <name>.text</name>
         <load_address>0x11240</load_address>
         <run_address>0x11240</run_address>
         <size>0x84c</size>
         <input_file_ref idref="fl-39"/>
      </object_component>
      <object_component id="oc-4a8">
         <name>.text</name>
         <load_address>0x11a8c</load_address>
         <run_address>0x11a8c</run_address>
         <size>0x82f</size>
         <input_file_ref idref="fl-60"/>
      </object_component>
      <object_component id="oc-483">
         <name>.text</name>
         <load_address>0x122bb</load_address>
         <run_address>0x122bb</run_address>
         <size>0x809</size>
         <input_file_ref idref="fl-30"/>
      </object_component>
      <object_component id="oc-4bb">
         <name>.text</name>
         <load_address>0x12ac4</load_address>
         <run_address>0x12ac4</run_address>
         <size>0x66d</size>
         <input_file_ref idref="fl-91"/>
      </object_component>
      <object_component id="oc-b9">
         <name>.text:retain</name>
         <load_address>0x13131</load_address>
         <run_address>0x13131</run_address>
         <size>0x585</size>
         <input_file_ref idref="fl-d"/>
      </object_component>
      <object_component id="oc-486">
         <name>.text</name>
         <load_address>0x136b6</load_address>
         <run_address>0x136b6</run_address>
         <size>0x400</size>
         <input_file_ref idref="fl-42"/>
      </object_component>
      <object_component id="oc-47b">
         <name>.text</name>
         <load_address>0x13ab6</load_address>
         <run_address>0x13ab6</run_address>
         <size>0x3ca</size>
         <input_file_ref idref="fl-51"/>
      </object_component>
      <object_component id="oc-49e">
         <name>.text</name>
         <load_address>0x13e80</load_address>
         <run_address>0x13e80</run_address>
         <size>0x37e</size>
         <input_file_ref idref="fl-63"/>
      </object_component>
      <object_component id="oc-4a6">
         <name>.text</name>
         <load_address>0x141fe</load_address>
         <run_address>0x141fe</run_address>
         <size>0x33b</size>
         <input_file_ref idref="fl-23"/>
      </object_component>
      <object_component id="oc-47c">
         <name>.text</name>
         <load_address>0x14539</load_address>
         <run_address>0x14539</run_address>
         <size>0x334</size>
         <input_file_ref idref="fl-52"/>
      </object_component>
      <object_component id="oc-478">
         <name>.text</name>
         <load_address>0x1486d</load_address>
         <run_address>0x1486d</run_address>
         <size>0x2e9</size>
         <input_file_ref idref="fl-4d"/>
      </object_component>
      <object_component id="oc-496">
         <name>.text</name>
         <load_address>0x14b56</load_address>
         <run_address>0x14b56</run_address>
         <size>0x2ad</size>
         <input_file_ref idref="fl-5"/>
      </object_component>
      <object_component id="oc-4a5">
         <name>.text</name>
         <load_address>0x14e03</load_address>
         <run_address>0x14e03</run_address>
         <size>0x25d</size>
         <input_file_ref idref="fl-37"/>
      </object_component>
      <object_component id="oc-461">
         <name>.text</name>
         <load_address>0x15060</load_address>
         <run_address>0x15060</run_address>
         <size>0x259</size>
         <input_file_ref idref="fl-4a"/>
      </object_component>
      <object_component id="oc-4a7">
         <name>.text</name>
         <load_address>0x152b9</load_address>
         <run_address>0x152b9</run_address>
         <size>0x244</size>
         <input_file_ref idref="fl-18"/>
      </object_component>
      <object_component id="oc-489">
         <name>.text</name>
         <load_address>0x154fd</load_address>
         <run_address>0x154fd</run_address>
         <size>0x243</size>
         <input_file_ref idref="fl-2d"/>
      </object_component>
      <object_component id="oc-49b">
         <name>.text</name>
         <load_address>0x15740</load_address>
         <run_address>0x15740</run_address>
         <size>0x202</size>
         <input_file_ref idref="fl-b"/>
      </object_component>
      <object_component id="oc-485">
         <name>.text</name>
         <load_address>0x15942</load_address>
         <run_address>0x15942</run_address>
         <size>0x1ca</size>
         <input_file_ref idref="fl-2c"/>
      </object_component>
      <object_component id="oc-4b7">
         <name>.text</name>
         <load_address>0x15b0c</load_address>
         <run_address>0x15b0c</run_address>
         <size>0x1ca</size>
         <input_file_ref idref="fl-54"/>
      </object_component>
      <object_component id="oc-499">
         <name>.text</name>
         <load_address>0x15cd6</load_address>
         <run_address>0x15cd6</run_address>
         <size>0x187</size>
         <input_file_ref idref="fl-8"/>
      </object_component>
      <object_component id="oc-49c">
         <name>.text</name>
         <load_address>0x15e5d</load_address>
         <run_address>0x15e5d</run_address>
         <size>0x182</size>
         <input_file_ref idref="fl-5e"/>
      </object_component>
      <object_component id="oc-4c6">
         <name>.text</name>
         <load_address>0x15fdf</load_address>
         <run_address>0x15fdf</run_address>
         <size>0x178</size>
         <input_file_ref idref="fl-a4"/>
      </object_component>
      <object_component id="oc-493">
         <name>.text</name>
         <load_address>0x16157</load_address>
         <run_address>0x16157</run_address>
         <size>0x172</size>
         <input_file_ref idref="fl-4"/>
      </object_component>
      <object_component id="oc-4c8">
         <name>.text</name>
         <load_address>0x162c9</load_address>
         <run_address>0x162c9</run_address>
         <size>0x16e</size>
         <input_file_ref idref="fl-a5"/>
      </object_component>
      <object_component id="oc-4a4">
         <name>.text</name>
         <load_address>0x16437</load_address>
         <run_address>0x16437</run_address>
         <size>0x150</size>
         <input_file_ref idref="fl-35"/>
      </object_component>
      <object_component id="oc-495">
         <name>.text</name>
         <load_address>0x16587</load_address>
         <run_address>0x16587</run_address>
         <size>0x144</size>
         <input_file_ref idref="fl-3"/>
      </object_component>
      <object_component id="oc-287">
         <name>.text:retain</name>
         <load_address>0x166cb</load_address>
         <run_address>0x166cb</run_address>
         <size>0x12c</size>
         <input_file_ref idref="fl-4d"/>
      </object_component>
      <object_component id="oc-4c4">
         <name>.text</name>
         <load_address>0x167f7</load_address>
         <run_address>0x167f7</run_address>
         <size>0x125</size>
         <input_file_ref idref="fl-a7"/>
      </object_component>
      <object_component id="oc-4c7">
         <name>.text</name>
         <load_address>0x1691c</load_address>
         <run_address>0x1691c</run_address>
         <size>0x11d</size>
         <input_file_ref idref="fl-a2"/>
      </object_component>
      <object_component id="oc-403">
         <name>.text</name>
         <load_address>0x16a39</load_address>
         <run_address>0x16a39</run_address>
         <size>0x107</size>
         <input_file_ref idref="fl-9c"/>
      </object_component>
      <object_component id="oc-4b8">
         <name>.text</name>
         <load_address>0x16b40</load_address>
         <run_address>0x16b40</run_address>
         <size>0xf8</size>
         <input_file_ref idref="fl-55"/>
      </object_component>
      <object_component id="oc-49a">
         <name>.text</name>
         <load_address>0x16c38</load_address>
         <run_address>0x16c38</run_address>
         <size>0xe5</size>
         <input_file_ref idref="fl-a"/>
      </object_component>
      <object_component id="oc-4c9">
         <name>.text</name>
         <load_address>0x16d1d</load_address>
         <run_address>0x16d1d</run_address>
         <size>0xde</size>
         <input_file_ref idref="fl-a3"/>
      </object_component>
      <object_component id="oc-487">
         <name>.text</name>
         <load_address>0x16dfb</load_address>
         <run_address>0x16dfb</run_address>
         <size>0xd4</size>
         <input_file_ref idref="fl-48"/>
      </object_component>
      <object_component id="oc-48a">
         <name>.text</name>
         <load_address>0x16ecf</load_address>
         <run_address>0x16ecf</run_address>
         <size>0xcb</size>
         <input_file_ref idref="fl-47"/>
      </object_component>
      <object_component id="oc-4b6">
         <name>.text</name>
         <load_address>0x16f9a</load_address>
         <run_address>0x16f9a</run_address>
         <size>0xc0</size>
         <input_file_ref idref="fl-66"/>
      </object_component>
      <object_component id="oc-4cc">
         <name>.text</name>
         <load_address>0x1705a</load_address>
         <run_address>0x1705a</run_address>
         <size>0xbc</size>
         <input_file_ref idref="fl-a0"/>
      </object_component>
      <object_component id="oc-4c5">
         <name>.text</name>
         <load_address>0x17116</load_address>
         <run_address>0x17116</run_address>
         <size>0xb3</size>
         <input_file_ref idref="fl-a6"/>
      </object_component>
      <object_component id="oc-3e0">
         <name>.text</name>
         <load_address>0x171c9</load_address>
         <run_address>0x171c9</run_address>
         <size>0x9c</size>
         <input_file_ref idref="fl-95"/>
      </object_component>
      <object_component id="oc-49d">
         <name>.text</name>
         <load_address>0x17265</load_address>
         <run_address>0x17265</run_address>
         <size>0x93</size>
         <input_file_ref idref="fl-5d"/>
      </object_component>
      <object_component id="oc-1d6">
         <name>.text:retain</name>
         <load_address>0x172f8</load_address>
         <run_address>0x172f8</run_address>
         <size>0x93</size>
         <input_file_ref idref="fl-31"/>
      </object_component>
      <object_component id="oc-2a8">
         <name>.text:retain</name>
         <load_address>0x1738b</load_address>
         <run_address>0x1738b</run_address>
         <size>0x8e</size>
         <input_file_ref idref="fl-51"/>
      </object_component>
      <object_component id="oc-35f">
         <name>.text</name>
         <load_address>0x17419</load_address>
         <run_address>0x17419</run_address>
         <size>0x8b</size>
         <input_file_ref idref="fl-7b"/>
      </object_component>
      <object_component id="oc-446">
         <name>.text</name>
         <load_address>0x174a4</load_address>
         <run_address>0x174a4</run_address>
         <size>0x88</size>
         <input_file_ref idref="fl-a9"/>
      </object_component>
      <object_component id="oc-364">
         <name>.text</name>
         <load_address>0x1752c</load_address>
         <run_address>0x1752c</run_address>
         <size>0x83</size>
         <input_file_ref idref="fl-7c"/>
      </object_component>
      <object_component id="oc-488">
         <name>.text</name>
         <load_address>0x175af</load_address>
         <run_address>0x175af</run_address>
         <size>0x82</size>
         <input_file_ref idref="fl-4c"/>
      </object_component>
      <object_component id="oc-2b1">
         <name>.text:retain</name>
         <load_address>0x17631</load_address>
         <run_address>0x17631</run_address>
         <size>0x7a</size>
         <input_file_ref idref="fl-52"/>
      </object_component>
      <object_component id="oc-29f">
         <name>.text:retain</name>
         <load_address>0x176ab</load_address>
         <run_address>0x176ab</run_address>
         <size>0x77</size>
         <input_file_ref idref="fl-50"/>
      </object_component>
      <object_component id="oc-498">
         <name>.text</name>
         <load_address>0x17722</load_address>
         <run_address>0x17722</run_address>
         <size>0x76</size>
         <input_file_ref idref="fl-6"/>
      </object_component>
      <object_component id="oc-4b9">
         <name>.text</name>
         <load_address>0x17798</load_address>
         <run_address>0x17798</run_address>
         <size>0x6d</size>
         <input_file_ref idref="fl-85"/>
      </object_component>
      <object_component id="oc-291">
         <name>.text:retain</name>
         <load_address>0x17805</load_address>
         <run_address>0x17805</run_address>
         <size>0x64</size>
         <input_file_ref idref="fl-4e"/>
      </object_component>
      <object_component id="oc-4cb">
         <name>.text</name>
         <load_address>0x17869</load_address>
         <run_address>0x17869</run_address>
         <size>0x5a</size>
         <input_file_ref idref="fl-9f"/>
      </object_component>
      <object_component id="oc-4ba">
         <name>.text</name>
         <load_address>0x178c3</load_address>
         <run_address>0x178c3</run_address>
         <size>0x57</size>
         <input_file_ref idref="fl-8e"/>
      </object_component>
      <object_component id="oc-34c">
         <name>.text</name>
         <load_address>0x1791a</load_address>
         <run_address>0x1791a</run_address>
         <size>0x56</size>
         <input_file_ref idref="fl-78"/>
      </object_component>
      <object_component id="oc-4b1">
         <name>.text</name>
         <load_address>0x17970</load_address>
         <run_address>0x17970</run_address>
         <size>0x50</size>
         <input_file_ref idref="fl-68"/>
      </object_component>
      <object_component id="oc-4bf">
         <name>.text</name>
         <load_address>0x179c0</load_address>
         <run_address>0x179c0</run_address>
         <size>0x31</size>
         <input_file_ref idref="fl-93"/>
      </object_component>
      <object_component id="oc-4b2">
         <name>.text</name>
         <load_address>0x179f1</load_address>
         <run_address>0x179f1</run_address>
         <size>0x2f</size>
         <input_file_ref idref="fl-67"/>
      </object_component>
      <object_component id="oc-4ca">
         <name>.text</name>
         <load_address>0x17a20</load_address>
         <run_address>0x17a20</run_address>
         <size>0x2e</size>
         <input_file_ref idref="fl-9d"/>
      </object_component>
      <object_component id="oc-3e5">
         <name>.text</name>
         <load_address>0x17a4e</load_address>
         <run_address>0x17a4e</run_address>
         <size>0x2a</size>
         <input_file_ref idref="fl-96"/>
      </object_component>
      <object_component id="oc-450">
         <name>.text</name>
         <load_address>0x17a78</load_address>
         <run_address>0x17a78</run_address>
         <size>0x2a</size>
         <input_file_ref idref="fl-ab"/>
      </object_component>
      <object_component id="oc-482">
         <name>.text</name>
         <load_address>0x17aa2</load_address>
         <run_address>0x17aa2</run_address>
         <size>0x29</size>
         <input_file_ref idref="fl-7a"/>
      </object_component>
      <object_component id="oc-4ae">
         <name>.text</name>
         <load_address>0x17acb</load_address>
         <run_address>0x17acb</run_address>
         <size>0x28</size>
         <input_file_ref idref="fl-1f"/>
      </object_component>
      <object_component id="oc-4b0">
         <name>.text</name>
         <load_address>0x17af3</load_address>
         <run_address>0x17af3</run_address>
         <size>0x26</size>
         <input_file_ref idref="fl-20"/>
      </object_component>
      <object_component id="oc-47f">
         <name>.text</name>
         <load_address>0x17b19</load_address>
         <run_address>0x17b19</run_address>
         <size>0x24</size>
         <input_file_ref idref="fl-79"/>
      </object_component>
      <object_component id="oc-4d3">
         <name>.text</name>
         <load_address>0x17b3d</load_address>
         <run_address>0x17b3d</run_address>
         <size>0x24</size>
         <input_file_ref idref="fl-ad"/>
      </object_component>
      <object_component id="oc-44b">
         <name>.text</name>
         <load_address>0x17b61</load_address>
         <run_address>0x17b61</run_address>
         <size>0x22</size>
         <input_file_ref idref="fl-aa"/>
      </object_component>
      <object_component id="oc-3ef">
         <name>.text</name>
         <load_address>0x17b83</load_address>
         <run_address>0x17b83</run_address>
         <size>0x21</size>
         <input_file_ref idref="fl-98"/>
      </object_component>
      <object_component id="oc-36e">
         <name>.text</name>
         <load_address>0x17ba4</load_address>
         <run_address>0x17ba4</run_address>
         <size>0x1f</size>
         <input_file_ref idref="fl-7e"/>
      </object_component>
      <object_component id="oc-378">
         <name>.text</name>
         <load_address>0x17bc3</load_address>
         <run_address>0x17bc3</run_address>
         <size>0x1e</size>
         <input_file_ref idref="fl-80"/>
      </object_component>
      <object_component id="oc-49f">
         <name>.text</name>
         <load_address>0x17be1</load_address>
         <run_address>0x17be1</run_address>
         <size>0x1e</size>
         <input_file_ref idref="fl-81"/>
      </object_component>
      <object_component id="oc-3f9">
         <name>.text</name>
         <load_address>0x17bff</load_address>
         <run_address>0x17bff</run_address>
         <size>0x1d</size>
         <input_file_ref idref="fl-9a"/>
      </object_component>
      <object_component id="oc-3f4">
         <name>.text</name>
         <load_address>0x17c1c</load_address>
         <run_address>0x17c1c</run_address>
         <size>0x1c</size>
         <input_file_ref idref="fl-99"/>
      </object_component>
      <object_component id="oc-3fe">
         <name>.text</name>
         <load_address>0x17c38</load_address>
         <run_address>0x17c38</run_address>
         <size>0x1c</size>
         <input_file_ref idref="fl-9b"/>
      </object_component>
      <object_component id="oc-481">
         <name>.text</name>
         <load_address>0x17c54</load_address>
         <run_address>0x17c54</run_address>
         <size>0x19</size>
         <input_file_ref idref="fl-92"/>
      </object_component>
      <object_component id="oc-373">
         <name>.text</name>
         <load_address>0x17c6d</load_address>
         <run_address>0x17c6d</run_address>
         <size>0x18</size>
         <input_file_ref idref="fl-7f"/>
      </object_component>
      <object_component id="oc-4a9">
         <name>.text</name>
         <load_address>0x17c85</load_address>
         <run_address>0x17c85</run_address>
         <size>0x17</size>
         <input_file_ref idref="fl-7"/>
      </object_component>
      <object_component id="oc-3b4">
         <name>.text</name>
         <load_address>0x17c9c</load_address>
         <run_address>0x17c9c</run_address>
         <size>0x16</size>
         <input_file_ref idref="fl-8c"/>
      </object_component>
      <object_component id="oc-455">
         <name>.text</name>
         <load_address>0x17cb2</load_address>
         <run_address>0x17cb2</run_address>
         <size>0x14</size>
         <input_file_ref idref="fl-ac"/>
      </object_component>
      <object_component id="oc-497">
         <name>.text</name>
         <load_address>0x17cc6</load_address>
         <run_address>0x17cc6</run_address>
         <size>0x13</size>
         <input_file_ref idref="fl-c"/>
      </object_component>
      <object_component id="oc-45f">
         <name>.text</name>
         <load_address>0x17cd9</load_address>
         <run_address>0x17cd9</run_address>
         <size>0x12</size>
         <input_file_ref idref="fl-3a"/>
      </object_component>
      <object_component id="oc-3b9">
         <name>.text</name>
         <load_address>0x17ceb</load_address>
         <run_address>0x17ceb</run_address>
         <size>0x11</size>
         <input_file_ref idref="fl-8d"/>
      </object_component>
      <object_component id="oc-4aa">
         <name>.text</name>
         <load_address>0x17cfc</load_address>
         <run_address>0x17cfc</run_address>
         <size>0x10</size>
         <input_file_ref idref="fl-65"/>
      </object_component>
      <object_component id="oc-4a0">
         <name>.text</name>
         <load_address>0x17d0c</load_address>
         <run_address>0x17d0c</run_address>
         <size>0xf</size>
         <input_file_ref idref="fl-e"/>
      </object_component>
      <object_component id="oc-1bb">
         <name>.text:retain</name>
         <load_address>0x17d1b</load_address>
         <run_address>0x17d1b</run_address>
         <size>0xf</size>
         <input_file_ref idref="fl-2c"/>
      </object_component>
      <object_component id="oc-369">
         <name>.text</name>
         <load_address>0x17d2a</load_address>
         <run_address>0x17d2a</run_address>
         <size>0xe</size>
         <input_file_ref idref="fl-7d"/>
      </object_component>
      <object_component id="oc-4ce">
         <name>.text</name>
         <load_address>0x17d38</load_address>
         <run_address>0x17d38</run_address>
         <size>0xd</size>
         <input_file_ref idref="fl-9e"/>
      </object_component>
      <object_component id="oc-4cd">
         <name>.text</name>
         <load_address>0x17d45</load_address>
         <run_address>0x17d45</run_address>
         <size>0xc</size>
         <input_file_ref idref="fl-83"/>
      </object_component>
      <object_component id="oc-4c2">
         <name>.text</name>
         <load_address>0x17d51</load_address>
         <run_address>0x17d51</run_address>
         <size>0xc</size>
         <input_file_ref idref="fl-87"/>
      </object_component>
      <object_component id="oc-4c0">
         <name>.text</name>
         <load_address>0x17d5d</load_address>
         <run_address>0x17d5d</run_address>
         <size>0xb</size>
         <input_file_ref idref="fl-a1"/>
      </object_component>
      <object_component id="oc-4af">
         <name>.text</name>
         <load_address>0x17d68</load_address>
         <run_address>0x17d68</run_address>
         <size>0x9</size>
         <input_file_ref idref="fl-4f"/>
      </object_component>
      <object_component id="oc-4ac">
         <name>.text</name>
         <load_address>0x17d71</load_address>
         <run_address>0x17d71</run_address>
         <size>0x9</size>
         <input_file_ref idref="fl-8f"/>
      </object_component>
      <object_component id="oc-3ea">
         <name>.text</name>
         <load_address>0x17d7a</load_address>
         <run_address>0x17d7a</run_address>
         <size>0x9</size>
         <input_file_ref idref="fl-97"/>
      </object_component>
      <object_component id="oc-4be">
         <name>.text</name>
         <load_address>0x17d83</load_address>
         <run_address>0x17d83</run_address>
         <size>0x8</size>
         <input_file_ref idref="fl-8a"/>
      </object_component>
      <object_component id="oc-4b3">
         <name>.text</name>
         <load_address>0x17d8b</load_address>
         <run_address>0x17d8b</run_address>
         <size>0x7</size>
         <input_file_ref idref="fl-58"/>
      </object_component>
      <object_component id="oc-494">
         <name>.text</name>
         <load_address>0x17d92</load_address>
         <run_address>0x17d92</run_address>
         <size>0x5</size>
         <input_file_ref idref="fl-89"/>
      </object_component>
      <object_component id="oc-4ab">
         <name>.text</name>
         <load_address>0x17d97</load_address>
         <run_address>0x17d97</run_address>
         <size>0x4</size>
         <input_file_ref idref="fl-64"/>
      </object_component>
      <object_component id="oc-ce">
         <name>.text</name>
         <load_address>0x17d9b</load_address>
         <run_address>0x17d9b</run_address>
         <size>0x3</size>
         <input_file_ref idref="fl-11"/>
      </object_component>
      <object_component id="oc-2f4">
         <name>.text</name>
         <load_address>0x17d9e</load_address>
         <run_address>0x17d9e</run_address>
         <size>0x3</size>
         <input_file_ref idref="fl-5f"/>
      </object_component>
      <object_component id="oc-47e">
         <name>.text</name>
         <load_address>0x17da1</load_address>
         <run_address>0x17da1</run_address>
         <size>0x2</size>
         <input_file_ref idref="fl-84"/>
      </object_component>
      <object_component id="oc-34e">
         <name>.reset</name>
         <load_address>0x3fffc0</load_address>
         <run_address>0x3fffc0</run_address>
         <size>0x2</size>
         <input_file_ref idref="fl-78"/>
      </object_component>
      <object_component id="oc-34d">
         <name>.stack</name>
         <uninitialized>true</uninitialized>
         <run_address>0xb800</run_address>
         <size>0x0</size>
         <input_file_ref idref="fl-78"/>
      </object_component>
      <object_component id="oc-55c">
         <name>.stack</name>
         <uninitialized>true</uninitialized>
         <run_address>0xb800</run_address>
         <size>0x0</size>
      </object_component>
      <object_component id="oc-290">
         <name>.ebss</name>
         <uninitialized>true</uninitialized>
         <run_address>0x8000</run_address>
         <size>0x61e</size>
         <input_file_ref idref="fl-4e"/>
      </object_component>
      <object_component id="oc-225">
         <name>.ebss</name>
         <uninitialized>true</uninitialized>
         <run_address>0x861e</run_address>
         <size>0x22</size>
         <input_file_ref idref="fl-3d"/>
      </object_component>
      <object_component id="oc-286">
         <name>.ebss</name>
         <uninitialized>true</uninitialized>
         <run_address>0x8640</run_address>
         <size>0x1c0</size>
         <input_file_ref idref="fl-4d"/>
      </object_component>
      <object_component id="oc-29e">
         <name>.ebss</name>
         <uninitialized>true</uninitialized>
         <run_address>0x8800</run_address>
         <size>0x4e8</size>
         <input_file_ref idref="fl-50"/>
      </object_component>
      <object_component id="oc-c9">
         <name>.ebss</name>
         <uninitialized>true</uninitialized>
         <run_address>0x8ce8</run_address>
         <size>0x18</size>
         <input_file_ref idref="fl-10"/>
      </object_component>
      <object_component id="oc-98">
         <name>.ebss</name>
         <uninitialized>true</uninitialized>
         <run_address>0x8d00</run_address>
         <size>0x2a4</size>
         <input_file_ref idref="fl-6"/>
      </object_component>
      <object_component id="oc-2ce">
         <name>.ebss</name>
         <uninitialized>true</uninitialized>
         <run_address>0x8fa4</run_address>
         <size>0x18</size>
         <input_file_ref idref="fl-57"/>
      </object_component>
      <object_component id="oc-4a1">
         <name>.ebss:__lock</name>
         <uninitialized>true</uninitialized>
         <run_address>0x8fbc</run_address>
         <size>0x2</size>
         <input_file_ref idref="fl-8f"/>
      </object_component>
      <object_component id="oc-4b4">
         <name>.ebss:__unlock</name>
         <uninitialized>true</uninitialized>
         <run_address>0x8fbe</run_address>
         <size>0x2</size>
         <input_file_ref idref="fl-8f"/>
      </object_component>
      <object_component id="oc-247">
         <name>.ebss</name>
         <uninitialized>true</uninitialized>
         <run_address>0x8fc0</run_address>
         <size>0x3e</size>
         <input_file_ref idref="fl-42"/>
      </object_component>
      <object_component id="oc-1a2">
         <name>.ebss</name>
         <uninitialized>true</uninitialized>
         <run_address>0x8ffe</run_address>
         <size>0x1</size>
         <input_file_ref idref="fl-27"/>
      </object_component>
      <object_component id="oc-444">
         <name>.ebss</name>
         <uninitialized>true</uninitialized>
         <run_address>0x8fff</run_address>
         <size>0x1</size>
         <input_file_ref idref="fl-a8"/>
      </object_component>
      <object_component id="oc-2b0">
         <name>.ebss</name>
         <uninitialized>true</uninitialized>
         <run_address>0x9000</run_address>
         <size>0x4d0</size>
         <input_file_ref idref="fl-52"/>
      </object_component>
      <object_component id="oc-1de">
         <name>.ebss</name>
         <uninitialized>true</uninitialized>
         <run_address>0x94d0</run_address>
         <size>0x2b</size>
         <input_file_ref idref="fl-32"/>
      </object_component>
      <object_component id="oc-2c7">
         <name>.ebss</name>
         <uninitialized>true</uninitialized>
         <run_address>0x9500</run_address>
         <size>0x29a</size>
         <input_file_ref idref="fl-56"/>
      </object_component>
      <object_component id="oc-204">
         <name>.ebss</name>
         <uninitialized>true</uninitialized>
         <run_address>0x979a</run_address>
         <size>0x25</size>
         <input_file_ref idref="fl-38"/>
      </object_component>
      <object_component id="oc-233">
         <name>.ebss</name>
         <uninitialized>true</uninitialized>
         <run_address>0x97c0</run_address>
         <size>0x32</size>
         <input_file_ref idref="fl-3f"/>
      </object_component>
      <object_component id="oc-33b">
         <name>.ebss</name>
         <uninitialized>true</uninitialized>
         <run_address>0x97f2</run_address>
         <size>0xe</size>
         <input_file_ref idref="fl-6b"/>
      </object_component>
      <object_component id="oc-323">
         <name>.ebss</name>
         <uninitialized>true</uninitialized>
         <run_address>0x9800</run_address>
         <size>0x390</size>
         <input_file_ref idref="fl-66"/>
      </object_component>
      <object_component id="oc-22c">
         <name>.ebss</name>
         <uninitialized>true</uninitialized>
         <run_address>0x9b90</run_address>
         <size>0x2a</size>
         <input_file_ref idref="fl-3e"/>
      </object_component>
      <object_component id="oc-191">
         <name>.ebss</name>
         <uninitialized>true</uninitialized>
         <run_address>0x9bba</run_address>
         <size>0x6</size>
         <input_file_ref idref="fl-24"/>
      </object_component>
      <object_component id="oc-255">
         <name>.ebss</name>
         <uninitialized>true</uninitialized>
         <run_address>0x9bc0</run_address>
         <size>0x38e</size>
         <input_file_ref idref="fl-44"/>
      </object_component>
      <object_component id="oc-1ec">
         <name>.ebss</name>
         <uninitialized>true</uninitialized>
         <run_address>0x9f4e</run_address>
         <size>0x31</size>
         <input_file_ref idref="fl-34"/>
      </object_component>
      <object_component id="oc-20b">
         <name>.ebss</name>
         <uninitialized>true</uninitialized>
         <run_address>0x9f80</run_address>
         <size>0x80</size>
         <input_file_ref idref="fl-39"/>
      </object_component>
      <object_component id="oc-343">
         <name>.ebss</name>
         <uninitialized>true</uninitialized>
         <run_address>0xa000</run_address>
         <size>0x1e4</size>
         <input_file_ref idref="fl-6c"/>
      </object_component>
      <object_component id="oc-23a">
         <name>.ebss</name>
         <uninitialized>true</uninitialized>
         <run_address>0xa1e4</run_address>
         <size>0x16</size>
         <input_file_ref idref="fl-40"/>
      </object_component>
      <object_component id="oc-2ee">
         <name>.ebss</name>
         <uninitialized>true</uninitialized>
         <run_address>0xa1fa</run_address>
         <size>0x6</size>
         <input_file_ref idref="fl-5e"/>
      </object_component>
      <object_component id="oc-2a7">
         <name>.ebss</name>
         <uninitialized>true</uninitialized>
         <run_address>0xa200</run_address>
         <size>0x19e</size>
         <input_file_ref idref="fl-51"/>
      </object_component>
      <object_component id="oc-1e5">
         <name>.ebss</name>
         <uninitialized>true</uninitialized>
         <run_address>0xa39e</run_address>
         <size>0x1f</size>
         <input_file_ref idref="fl-33"/>
      </object_component>
      <object_component id="oc-330">
         <name>.ebss</name>
         <uninitialized>true</uninitialized>
         <run_address>0xa3c0</run_address>
         <size>0x140</size>
         <input_file_ref idref="fl-68"/>
      </object_component>
      <object_component id="oc-2bf">
         <name>.ebss</name>
         <uninitialized>true</uninitialized>
         <run_address>0xa500</run_address>
         <size>0xe0</size>
         <input_file_ref idref="fl-55"/>
      </object_component>
      <object_component id="oc-27f">
         <name>.ebss</name>
         <uninitialized>true</uninitialized>
         <run_address>0xa5e0</run_address>
         <size>0x1e</size>
         <input_file_ref idref="fl-4c"/>
      </object_component>
      <object_component id="oc-26a">
         <name>.ebss</name>
         <uninitialized>true</uninitialized>
         <run_address>0xa600</run_address>
         <size>0x8c</size>
         <input_file_ref idref="fl-48"/>
      </object_component>
      <object_component id="oc-2fb">
         <name>.ebss</name>
         <uninitialized>true</uninitialized>
         <run_address>0xa68c</run_address>
         <size>0x28</size>
         <input_file_ref idref="fl-60"/>
      </object_component>
      <object_component id="oc-273">
         <name>.ebss</name>
         <uninitialized>true</uninitialized>
         <run_address>0xa6b4</run_address>
         <size>0xa</size>
         <input_file_ref idref="fl-4a"/>
      </object_component>
      <object_component id="oc-309">
         <name>.ebss</name>
         <uninitialized>true</uninitialized>
         <run_address>0xa6c0</run_address>
         <size>0x7c</size>
         <input_file_ref idref="fl-62"/>
      </object_component>
[...]
         <object_component_ref idref="oc-47d"/>
      </symbol>
      <symbol id="sm-1355">
         <name>_vTaskSetTimeOutState</name>
         <value>0xecd9</value>
         <object_component_ref idref="oc-47d"/>
      </symbol>
      <symbol id="sm-1356">
         <name>_xTaskGenericNotify</name>
         <value>0xf035</value>
         <object_component_ref idref="oc-47d"/>
      </symbol>
      <symbol id="sm-1357">
         <name>_xTaskGenericNotifyFromISR</name>
         <value>0xf0d0</value>
         <object_component_ref idref="oc-47d"/>
      </symbol>
      <symbol id="sm-1358">
         <name>_pxCurrentTCB</name>
         <value>0xa6d0</value>
         <object_component_ref idref="oc-309"/>
      </symbol>
      <symbol id="sm-1359">
         <name>_vTaskPlaceOnUnorderedEventList</name>
         <value>0xebdb</value>
         <object_component_ref idref="oc-47d"/>
      </symbol>
      <symbol id="sm-135a">
         <name>_vTaskSuspendAll</name>
         <value>0xea40</value>
         <object_component_ref idref="oc-47d"/>
      </symbol>
      <symbol id="sm-135b">
         <name>_pcTaskGetName</name>
         <value>0xead6</value>
         <object_component_ref idref="oc-47d"/>
      </symbol>
      <symbol id="sm-135c">
         <name>_xTaskGetCurrentTaskHandle</name>
         <value>0xedf2</value>
         <object_component_ref idref="oc-47d"/>
      </symbol>
      <symbol id="sm-135d">
         <name>_vTaskPriorityDisinheritAfterTimeout</name>
         <value>0xeefc</value>
         <object_component_ref idref="oc-47d"/>
      </symbol>
      <symbol id="sm-135e">
         <name>_vTaskPrioritySet</name>
         <value>0xe813</value>
         <object_component_ref idref="oc-47d"/>
      </symbol>
      <symbol id="sm-135f">
         <name>_vTaskResume</name>
         <value>0xe94b</value>
         <object_component_ref idref="oc-47d"/>
      </symbol>
      <symbol id="sm-1360">
         <name>_xTaskGetTickCountFromISR</name>
         <value>0xeaca</value>
         <object_component_ref idref="oc-47d"/>
      </symbol>
      <symbol id="sm-1361">
         <name>_xTaskNotifyWait</name>
         <value>0xefe9</value>
         <object_component_ref idref="oc-47d"/>
      </symbol>
      <symbol id="sm-1362">
         <name>_xTaskGetSchedulerState</name>
         <value>0xedfa</value>
         <object_component_ref idref="oc-47d"/>
      </symbol>
      <symbol id="sm-1363">
         <name>_xTaskRemoveFromEventList</name>
         <value>0xec2c</value>
         <object_component_ref idref="oc-47d"/>
      </symbol>
      <symbol id="sm-13c4">
         <name>_xTimerCreateTimerTask</name>
         <value>0x13e80</value>
         <object_component_ref idref="oc-49e"/>
      </symbol>
      <symbol id="sm-13c5">
         <name>_pcTimerGetName</name>
         <value>0x13f99</value>
         <object_component_ref idref="oc-49e"/>
      </symbol>
      <symbol id="sm-13c6">
         <name>_vTimerSetTimerID</name>
         <value>0x141e5</value>
         <object_component_ref idref="oc-49e"/>
      </symbol>
      <symbol id="sm-13c7">
         <name>_xTimerGetPeriod</name>
         <value>0x13f74</value>
         <object_component_ref idref="oc-49e"/>
      </symbol>
      <symbol id="sm-13c8">
         <name>_xTimerCreateStatic</name>
         <value>0x13eb9</value>
         <object_component_ref idref="oc-49e"/>
      </symbol>
      <symbol id="sm-13c9">
         <name>_xTimerGenericCommand</name>
         <value>0x13f1c</value>
         <object_component_ref idref="oc-49e"/>
      </symbol>
      <symbol id="sm-13ca">
         <name>_xTimerGetTimerDaemonTaskHandle</name>
         <value>0x13f61</value>
         <object_component_ref idref="oc-49e"/>
      </symbol>
      <symbol id="sm-13cb">
         <name>_xTimerIsTimerActive</name>
         <value>0x141a7</value>
         <object_component_ref idref="oc-49e"/>
      </symbol>
      <symbol id="sm-13cc">
         <name>_pvTimerGetTimerID</name>
         <value>0x141cc</value>
         <object_component_ref idref="oc-49e"/>
      </symbol>
      <symbol id="sm-13cd">
         <name>_xTimerGetExpiryTime</name>
         <value>0x13f87</value>
         <object_component_ref idref="oc-49e"/>
      </symbol>
      <symbol id="sm-13d9">
         <name>_sys_fault</name>
         <value>0x17d97</value>
         <object_component_ref idref="oc-4ab"/>
      </symbol>
      <symbol id="sm-13e6">
         <name>_sys_schd</name>
         <value>0x17d09</value>
         <object_component_ref idref="oc-4aa"/>
      </symbol>
      <symbol id="sm-13e7">
         <name>_sys_reset</name>
         <value>0x17cfc</value>
         <object_component_ref idref="oc-4aa"/>
      </symbol>
      <symbol id="sm-13e8">
         <name>_sys_init</name>
         <value>0x17cfe</value>
         <object_component_ref idref="oc-4aa"/>
      </symbol>
      <symbol id="sm-1405">
         <name>_stdio_dev</name>
         <value>0x9800</value>
         <object_component_ref idref="oc-323"/>
      </symbol>
      <symbol id="sm-1406">
         <name>_print</name>
         <value>0x17037</value>
         <object_component_ref idref="oc-4b6"/>
      </symbol>
      <symbol id="sm-1407">
         <name>_flush</name>
         <value>0x16f9a</value>
         <object_component_ref idref="oc-4b6"/>
      </symbol>
      <symbol id="sm-1408">
         <name>_getbyte</name>
         <value>0x17045</value>
         <object_component_ref idref="oc-4b6"/>
      </symbol>
      <symbol id="sm-1409">
         <name>_std_out</name>
         <value>0x9840</value>
         <object_component_ref idref="oc-323"/>
      </symbol>
      <symbol id="sm-140a">
         <name>_std_in</name>
         <value>0x9a00</value>
         <object_component_ref idref="oc-323"/>
      </symbol>
      <symbol id="sm-140b">
         <name>_scan</name>
         <value>0x16fa0</value>
         <object_component_ref idref="oc-4b6"/>
      </symbol>
      <symbol id="sm-140c">
         <name>_vfprint</name>
         <value>0x16fee</value>
         <object_component_ref idref="oc-4b6"/>
      </symbol>
      <symbol id="sm-140d">
         <name>_fprint</name>
         <value>0x17022</value>
         <object_component_ref idref="oc-4b6"/>
      </symbol>
      <symbol id="sm-141f">
         <name>_sys_tick_init</name>
         <value>0x179f1</value>
         <object_component_ref idref="oc-4b2"/>
      </symbol>
      <symbol id="sm-1420">
         <name>_sys_tick</name>
         <value>0x17a07</value>
         <object_component_ref idref="oc-4b2"/>
      </symbol>
      <symbol id="sm-143a">
         <name>_made_crc8_table</name>
         <value>0xa3c0</value>
         <object_component_ref idref="oc-330"/>
      </symbol>
      <symbol id="sm-143b">
         <name>_init_crc8</name>
         <value>0x17970</value>
         <object_component_ref idref="oc-4b1"/>
      </symbol>
      <symbol id="sm-143c">
         <name>_crc8</name>
         <value>0x1799f</value>
         <object_component_ref idref="oc-4b1"/>
      </symbol>
      <symbol id="sm-143d">
         <name>_crc8_table</name>
         <value>0xa400</value>
         <object_component_ref idref="oc-330"/>
      </symbol>
      <symbol id="sm-145c">
         <name>_optopt</name>
         <value>0x97f3</value>
         <object_component_ref idref="oc-33b"/>
      </symbol>
      <symbol id="sm-145d">
         <name>_optind</name>
         <value>0x97fa</value>
         <object_component_ref idref="oc-33b"/>
      </symbol>
      <symbol id="sm-145e">
         <name>_optarg</name>
         <value>0x97fc</value>
         <object_component_ref idref="oc-33b"/>
      </symbol>
      <symbol id="sm-145f">
         <name>_opterr</name>
         <value>0x97f5</value>
         <object_component_ref idref="oc-33b"/>
      </symbol>
      <symbol id="sm-146d">
         <name>_getoptbuf</name>
         <value>0xa040</value>
         <object_component_ref idref="oc-343"/>
      </symbol>
      <symbol id="sm-146e">
         <name>_argv_buf</name>
         <value>0xa002</value>
         <object_component_ref idref="oc-343"/>
      </symbol>
      <symbol id="sm-146f">
         <name>_manual_reinit</name>
         <value>0xa000</value>
         <object_component_ref idref="oc-343"/>
      </symbol>
      <symbol id="sm-1470">
         <name>_argc</name>
         <value>0xa001</value>
         <object_component_ref idref="oc-343"/>
      </symbol>
      <symbol id="sm-1493">
         <name>_c_int00</name>
         <value>0x1791a</value>
         <object_component_ref idref="oc-34c"/>
      </symbol>
      <symbol id="sm-1494">
         <name>__stack</name>
         <value>0xb800</value>
         <object_component_ref idref="oc-34d"/>
      </symbol>
      <symbol id="sm-14a3">
         <name>_copy_in</name>
         <value>0x17b19</value>
         <object_component_ref idref="oc-47f"/>
      </symbol>
      <symbol id="sm-14b7">
         <name>C$$EXIT</name>
         <value>0x17aa2</value>
         <object_component_ref idref="oc-482"/>
      </symbol>
      <symbol id="sm-14b8">
         <name>_exit</name>
         <value>0x17aa4</value>
         <object_component_ref idref="oc-482"/>
      </symbol>
      <symbol id="sm-14b9">
         <name>___TI_cleanup_ptr</name>
         <value>0xa87a</value>
         <object_component_ref idref="oc-35a"/>
      </symbol>
      <symbol id="sm-14ba">
         <name>___TI_enable_exit_profile_output</name>
         <value>0xa878</value>
         <object_component_ref idref="oc-35a"/>
      </symbol>
      <symbol id="sm-14bb">
         <name>_abort</name>
         <value>0x17aa2</value>
         <object_component_ref idref="oc-482"/>
      </symbol>
      <symbol id="sm-14bc">
         <name>___TI_dtors_ptr</name>
         <value>0xa87c</value>
         <object_component_ref idref="oc-35a"/>
      </symbol>
      <symbol id="sm-14d3">
         <name>FD$$DIV</name>
         <value>0x17419</value>
         <object_component_ref idref="oc-35f"/>
      </symbol>
      <symbol id="sm-14e5">
         <name>FD$$MPY</name>
         <value>0x1752c</value>
         <object_component_ref idref="oc-364"/>
      </symbol>
      <symbol id="sm-14f1">
         <name>FD$$SUB</name>
         <value>0x17d2a</value>
         <object_component_ref idref="oc-369"/>
      </symbol>
      <symbol id="sm-1500">
         <name>FD$$TOL</name>
         <value>0x17ba4</value>
         <object_component_ref idref="oc-36e"/>
      </symbol>
      <symbol id="sm-150c">
         <name>LL$$AND</name>
         <value>0x17c6d</value>
         <object_component_ref idref="oc-373"/>
      </symbol>
      <symbol id="sm-150d">
         <name>LL$$OR</name>
         <value>0x17c75</value>
         <object_component_ref idref="oc-373"/>
      </symbol>
      <symbol id="sm-150e">
         <name>LL$$XOR</name>
         <value>0x17c7d</value>
         <object_component_ref idref="oc-373"/>
      </symbol>
      <symbol id="sm-151c">
         <name>ULL$$CMP</name>
         <value>0x17bd5</value>
         <object_component_ref idref="oc-378"/>
      </symbol>
      <symbol id="sm-151d">
         <name>LL$$CMP</name>
         <value>0x17bc3</value>
         <object_component_ref idref="oc-378"/>
      </symbol>
      <symbol id="sm-152e">
         <name>_memcpy</name>
         <value>0x17be1</value>
         <object_component_ref idref="oc-49f"/>
      </symbol>
      <symbol id="sm-1545">
         <name>_memset</name>
         <value>0x17d45</value>
         <object_component_ref idref="oc-4cd"/>
      </symbol>
      <symbol id="sm-1551">
         <name>__system_pre_init</name>
         <value>0x17da1</value>
         <object_component_ref idref="oc-47e"/>
      </symbol>
      <symbol id="sm-156b">
         <name>_sscanf</name>
         <value>0x177a8</value>
         <object_component_ref idref="oc-4b9"/>
      </symbol>
      <symbol id="sm-156c">
         <name>_vsscanf</name>
         <value>0x17798</value>
         <object_component_ref idref="oc-4b9"/>
      </symbol>
      <symbol id="sm-1578">
         <name>__system_post_cinit</name>
         <value>0xf24f</value>
         <object_component_ref idref="oc-480"/>
      </symbol>
      <symbol id="sm-1587">
         <name>_strchr</name>
         <value>0x17d51</value>
         <object_component_ref idref="oc-4c2"/>
      </symbol>
      <symbol id="sm-159d">
         <name>_strcpy</name>
         <value>0x17d92</value>
         <object_component_ref idref="oc-494"/>
      </symbol>
      <symbol id="sm-15aa">
         <name>_strlen</name>
         <value>0x17d83</value>
         <object_component_ref idref="oc-4be"/>
      </symbol>
      <symbol id="sm-15c4">
         <name>UL$$TOFD</name>
         <value>0x17c9c</value>
         <object_component_ref idref="oc-3b4"/>
      </symbol>
      <symbol id="sm-15d1">
         <name>ULL$$TOFS</name>
         <value>0x17ceb</value>
         <object_component_ref idref="oc-3b9"/>
      </symbol>
      <symbol id="sm-15e5">
         <name>_vsnprintf</name>
         <value>0x178c3</value>
         <object_component_ref idref="oc-4ba"/>
      </symbol>
      <symbol id="sm-15f9">
         <name>__unlock</name>
         <value>0x8fbe</value>
         <object_component_ref idref="oc-4b4"/>
      </symbol>
      <symbol id="sm-15fa">
         <name>__lock</name>
         <value>0x8fbc</value>
         <object_component_ref idref="oc-4a1"/>
      </symbol>
      <symbol id="sm-15fb">
         <name>__register_lock</name>
         <value>0x17d75</value>
         <object_component_ref idref="oc-4ac"/>
      </symbol>
      <symbol id="sm-15fc">
         <name>__nop</name>
         <value>0x17d79</value>
         <object_component_ref idref="oc-4ac"/>
      </symbol>
      <symbol id="sm-15fd">
         <name>__register_unlock</name>
         <value>0x17d71</value>
         <object_component_ref idref="oc-4ac"/>
      </symbol>
      <symbol id="sm-1728">
         <name>___TI_printfi</name>
         <value>0xfd33</value>
         <object_component_ref idref="oc-4bd"/>
      </symbol>
      <symbol id="sm-17e9">
         <name>___TI_scanfi</name>
         <value>0x12ea3</value>
         <object_component_ref idref="oc-4bb"/>
      </symbol>
      <symbol id="sm-17f8">
         <name>__args_main</name>
         <value>0x17c54</value>
         <object_component_ref idref="oc-481"/>
      </symbol>
      <symbol id="sm-180c">
         <name>_atoi</name>
         <value>0x179c0</value>
         <object_component_ref idref="oc-4bf"/>
      </symbol>
      <symbol id="sm-1814">
         <name>__ctypes_</name>
         <value>0xacd6</value>
         <object_component_ref idref="oc-4bc"/>
      </symbol>
      <symbol id="sm-182f">
         <name>FD$$ADD</name>
         <value>0x171c9</value>
         <object_component_ref idref="oc-3e0"/>
      </symbol>
      <symbol id="sm-183f">
         <name>FD$$CMP</name>
         <value>0x17a4e</value>
         <object_component_ref idref="oc-3e5"/>
      </symbol>
      <symbol id="sm-184c">
         <name>FD$$NEG</name>
         <value>0x17d7a</value>
         <object_component_ref idref="oc-3ea"/>
      </symbol>
      <symbol id="sm-185b">
         <name>FD$$TOI</name>
         <value>0x17b83</value>
         <object_component_ref idref="oc-3ef"/>
      </symbol>
      <symbol id="sm-186b">
         <name>FS$$TOFD</name>
         <value>0x17c1c</value>
         <object_component_ref idref="oc-3f4"/>
      </symbol>
      <symbol id="sm-187b">
         <name>I$$TOFD</name>
         <value>0x17bff</value>
         <object_component_ref idref="oc-3f9"/>
      </symbol>
      <symbol id="sm-188b">
         <name>L$$TOFD</name>
         <value>0x17c38</value>
         <object_component_ref idref="oc-3fe"/>
      </symbol>
      <symbol id="sm-18b7">
         <name>ULL$$MOD</name>
         <value>0x16ade</value>
         <object_component_ref idref="oc-403"/>
      </symbol>
      <symbol id="sm-18b8">
         <name>ULL$$DIV</name>
         <value>0x16aaf</value>
         <object_component_ref idref="oc-403"/>
      </symbol>
      <symbol id="sm-18b9">
         <name>LL$$MOD</name>
         <value>0x16a75</value>
         <object_component_ref idref="oc-403"/>
      </symbol>
      <symbol id="sm-18ba">
         <name>LL$$DIV</name>
         <value>0x16a39</value>
         <object_component_ref idref="oc-403"/>
      </symbol>
      <symbol id="sm-18c8">
         <name>_ltoa</name>
         <value>0x17a20</value>
         <object_component_ref idref="oc-4ca"/>
      </symbol>
      <symbol id="sm-18d7">
         <name>_memccpy</name>
         <value>0x17d38</value>
         <object_component_ref idref="oc-4ce"/>
      </symbol>
      <symbol id="sm-18ea">
         <name>_frexpl</name>
         <value>0x17869</value>
         <object_component_ref idref="oc-4cb"/>
      </symbol>
      <symbol id="sm-1907">
         <name>_scalbnl</name>
         <value>0x1705a</value>
         <object_component_ref idref="oc-4cc"/>
      </symbol>
      <symbol id="sm-1908">
         <name>_ldexpl</name>
         <value>0x1705a</value>
         <object_component_ref idref="oc-4cc"/>
      </symbol>
      <symbol id="sm-1917">
         <name>_strrchr</name>
         <value>0x17d5d</value>
         <object_component_ref idref="oc-4c0"/>
      </symbol>
      <symbol id="sm-1949">
         <name>_strtod</name>
         <value>0x1691c</value>
         <object_component_ref idref="oc-4c7"/>
      </symbol>
      <symbol id="sm-194a">
         <name>_strtof</name>
         <value>0x1691c</value>
         <object_component_ref idref="oc-4c7"/>
      </symbol>
      <symbol id="sm-196f">
         <name>_strtol</name>
         <value>0x16d1d</value>
         <object_component_ref idref="oc-4c9"/>
      </symbol>
      <symbol id="sm-19a8">
         <name>_strtold</name>
         <value>0x15fdf</value>
         <object_component_ref idref="oc-4c6"/>
      </symbol>
      <symbol id="sm-19d0">
         <name>_strtoll</name>
         <value>0x162c9</value>
         <object_component_ref idref="oc-4c8"/>
      </symbol>
      <symbol id="sm-19f2">
         <name>_strtoul</name>
         <value>0x17116</value>
         <object_component_ref idref="oc-4c5"/>
      </symbol>
      <symbol id="sm-1a14">
         <name>_strtoull</name>
         <value>0x167f7</value>
         <object_component_ref idref="oc-4c4"/>
      </symbol>
      <symbol id="sm-1a1e">
         <name>_errno</name>
         <value>0x8fff</value>
         <object_component_ref idref="oc-444"/>
      </symbol>
      <symbol id="sm-1a2f">
         <name>FS$$DIV</name>
         <value>0x174a4</value>
         <object_component_ref idref="oc-446"/>
      </symbol>
      <symbol id="sm-1a3d">
         <name>I$$MOD</name>
         <value>0x17b72</value>
         <object_component_ref idref="oc-44b"/>
      </symbol>
      <symbol id="sm-1a3e">
         <name>I$$DIV</name>
         <value>0x17b61</value>
         <object_component_ref idref="oc-44b"/>
      </symbol>
      <symbol id="sm-1a4a">
         <name>UL$$MOD</name>
         <value>0x17a9c</value>
         <object_component_ref idref="oc-450"/>
      </symbol>
      <symbol id="sm-1a4b">
         <name>L$$MOD</name>
         <value>0x17a87</value>
         <object_component_ref idref="oc-450"/>
      </symbol>
      <symbol id="sm-1a4c">
         <name>L$$DIV</name>
         <value>0x17a78</value>
         <object_component_ref idref="oc-450"/>
      </symbol>
      <symbol id="sm-1a4d">
         <name>UL$$DIV</name>
         <value>0x17a95</value>
         <object_component_ref idref="oc-450"/>
      </symbol>
      <symbol id="sm-1a59">
         <name>LL$$MPY</name>
         <value>0x17cb2</value>
         <object_component_ref idref="oc-455"/>
      </symbol>
      <symbol id="sm-1a66">
         <name>_copysignl</name>
         <value>0x17b3d</value>
         <object_component_ref idref="oc-4d3"/>
      </symbol>
   </symbol_table>
   <title>Link successful</title>
</link_info>
